Archive member included to satisfy reference by file (symbol)

d:/clion/gnu/bin/../lib/gcc/arm-none-eabi/10.3.1/thumb/v7-m/nofp\libgcc.a(_arm_muldf3.o)
                              CMakeFiles/MZ_CNN_Proj.elf.dir/APP_TASK/CNN_Task/CNN_Task.c.obj (__aeabi_dmul)
d:/clion/gnu/bin/../lib/gcc/arm-none-eabi/10.3.1/thumb/v7-m/nofp\libgcc.a(_arm_mulsf3.o)
                              CMakeFiles/MZ_CNN_Proj.elf.dir/APP_TASK/IMU_Task/IMU_Task.c.obj (__aeabi_fmul)
d:/clion/gnu/bin/../lib/gcc/arm-none-eabi/10.3.1/thumb/v7-m/nofp\libgcc.a(_arm_addsubdf3.o)
                              CMakeFiles/MZ_CNN_Proj.elf.dir/APP_TASK/CNN_Task/CNN_Task.c.obj (__aeabi_i2d)
d:/clion/gnu/bin/../lib/gcc/arm-none-eabi/10.3.1/thumb/v7-m/nofp\libgcc.a(_arm_muldivdf3.o)
                              CMakeFiles/MZ_CNN_Proj.elf.dir/APP_TASK/CNN_Task/CNN_Task.c.obj (__aeabi_ddiv)
d:/clion/gnu/bin/../lib/gcc/arm-none-eabi/10.3.1/thumb/v7-m/nofp\libgcc.a(_arm_fixdfsi.o)
                              CMakeFiles/MZ_CNN_Proj.elf.dir/APP_TASK/CNN_Task/CNN_Task.c.obj (__aeabi_d2iz)
d:/clion/gnu/bin/../lib/gcc/arm-none-eabi/10.3.1/thumb/v7-m/nofp\libgcc.a(_arm_truncdfsf2.o)
                              CMakeFiles/MZ_CNN_Proj.elf.dir/APP_TASK/IMU_Task/IMU_Task.c.obj (__aeabi_d2f)
d:/clion/gnu/bin/../lib/gcc/arm-none-eabi/10.3.1/thumb/v7-m/nofp\libgcc.a(_arm_addsubsf3.o)
                              CMakeFiles/MZ_CNN_Proj.elf.dir/APP_TASK/IMU_Task/IMU_Task.c.obj (__aeabi_fsub)
d:/clion/gnu/bin/../lib/gcc/arm-none-eabi/10.3.1/thumb/v7-m/nofp\libgcc.a(_arm_muldivsf3.o)
                              CMakeFiles/MZ_CNN_Proj.elf.dir/Middlewares/IMU_DMP/inv_mpu.c.obj (__aeabi_fdiv)
d:/clion/gnu/bin/../lib/gcc/arm-none-eabi/10.3.1/thumb/v7-m/nofp\libgcc.a(_arm_cmpsf2.o)
                              CMakeFiles/MZ_CNN_Proj.elf.dir/Middlewares/AHRS/MahonyAHRS.c.obj (__aeabi_fcmpeq)
d:/clion/gnu/bin/../lib/gcc/arm-none-eabi/10.3.1/thumb/v7-m/nofp\libgcc.a(_arm_unordsf2.o)
                              CMakeFiles/MZ_CNN_Proj.elf.dir/Nnom_Lib/src/layers/nnom_activation.c.obj (__aeabi_fcmpun)
d:/clion/gnu/bin/../lib/gcc/arm-none-eabi/10.3.1/thumb/v7-m/nofp\libgcc.a(_arm_fixsfsi.o)
                              CMakeFiles/MZ_CNN_Proj.elf.dir/BSP/BSP_IMU_Driver/MPU6050.c.obj (__aeabi_f2iz)
d:/clion/gnu/bin/../lib/gcc/arm-none-eabi/10.3.1/thumb/v7-m/nofp\libgcc.a(_arm_fixunssfsi.o)
                              CMakeFiles/MZ_CNN_Proj.elf.dir/Middlewares/IMU_DMP/inv_mpu_dmp_motion_driver.c.obj (__aeabi_f2uiz)
d:/clion/gnu/bin/../lib/gcc/arm-none-eabi/10.3.1/thumb/v7-m/nofp\libgcc.a(_aeabi_ldivmod.o)
                              CMakeFiles/MZ_CNN_Proj.elf.dir/Middlewares/IMU_DMP/inv_mpu.c.obj (__aeabi_ldivmod)
d:/clion/gnu/bin/../lib/gcc/arm-none-eabi/10.3.1/thumb/v7-m/nofp\libgcc.a(_aeabi_uldivmod.o)
                              CMakeFiles/MZ_CNN_Proj.elf.dir/Nnom_Lib/src/core/nnom_utils.c.obj (__aeabi_uldivmod)
d:/clion/gnu/bin/../lib/gcc/arm-none-eabi/10.3.1/thumb/v7-m/nofp\libgcc.a(_udivmoddi4.o)
                              d:/clion/gnu/bin/../lib/gcc/arm-none-eabi/10.3.1/thumb/v7-m/nofp\libgcc.a(_aeabi_ldivmod.o) (__udivmoddi4)
d:/clion/gnu/bin/../lib/gcc/arm-none-eabi/10.3.1/thumb/v7-m/nofp\libgcc.a(_dvmd_tls.o)
                              d:/clion/gnu/bin/../lib/gcc/arm-none-eabi/10.3.1/thumb/v7-m/nofp\libgcc.a(_aeabi_ldivmod.o) (__aeabi_ldiv0)
d:/clion/gnu/bin/../lib/gcc/arm-none-eabi/10.3.1/../../../../arm-none-eabi/lib/thumb/v7-m/nofp\libg_nano.a(lib_a-errno.o)
                              CMakeFiles/MZ_CNN_Proj.elf.dir/Core/Src/syscalls.c.obj (__errno)
d:/clion/gnu/bin/../lib/gcc/arm-none-eabi/10.3.1/../../../../arm-none-eabi/lib/thumb/v7-m/nofp\libg_nano.a(lib_a-exit.o)
                              d:/clion/gnu/bin/../lib/gcc/arm-none-eabi/10.3.1/../../../../arm-none-eabi/lib/thumb/v7-m/nofp/crt0.o (exit)
d:/clion/gnu/bin/../lib/gcc/arm-none-eabi/10.3.1/../../../../arm-none-eabi/lib/thumb/v7-m/nofp\libg_nano.a(lib_a-fflush.o)
                              CMakeFiles/MZ_CNN_Proj.elf.dir/Middlewares/LOG/log.c.obj (fflush)
d:/clion/gnu/bin/../lib/gcc/arm-none-eabi/10.3.1/../../../../arm-none-eabi/lib/thumb/v7-m/nofp\libg_nano.a(lib_a-findfp.o)
                              d:/clion/gnu/bin/../lib/gcc/arm-none-eabi/10.3.1/../../../../arm-none-eabi/lib/thumb/v7-m/nofp\libg_nano.a(lib_a-fflush.o) (__sinit)
d:/clion/gnu/bin/../lib/gcc/arm-none-eabi/10.3.1/../../../../arm-none-eabi/lib/thumb/v7-m/nofp\libg_nano.a(lib_a-fprintf.o)
                              CMakeFiles/MZ_CNN_Proj.elf.dir/Middlewares/LOG/log.c.obj (fprintf)
d:/clion/gnu/bin/../lib/gcc/arm-none-eabi/10.3.1/../../../../arm-none-eabi/lib/thumb/v7-m/nofp\libg_nano.a(lib_a-fputc.o)
                              CMakeFiles/MZ_CNN_Proj.elf.dir/Middlewares/LOG/log.c.obj (fputc)
d:/clion/gnu/bin/../lib/gcc/arm-none-eabi/10.3.1/../../../../arm-none-eabi/lib/thumb/v7-m/nofp\libg_nano.a(lib_a-fwalk.o)
[...]
Memory Configuration

Name             Origin             Length             Attributes
RAM              0x20000000         0x00005000         xrw
FLASH            0x08000000         0x00020000         xr
*default*        0x00000000         0xffffffff

Linker script and memory map

LOAD d:/clion/gnu/bin/../lib/gcc/arm-none-eabi/10.3.1/thumb/v7-m/nofp/crti.o
LOAD d:/clion/gnu/bin/../lib/gcc/arm-none-eabi/10.3.1/thumb/v7-m/nofp/crtbegin.o
LOAD d:/clion/gnu/bin/../lib/gcc/arm-none-eabi/10.3.1/../../../../arm-none-eabi/lib/thumb/v7-m/nofp/crt0.o
LOAD CMakeFiles/MZ_CNN_Proj.elf.dir/APP_TASK/BUTTON_Task/BUTTON_Task.c.obj
LOAD CMakeFiles/MZ_CNN_Proj.elf.dir/APP_TASK/CNN_Task/CNN_Task.c.obj
LOAD CMakeFiles/MZ_CNN_Proj.elf.dir/APP_TASK/IMU_Task/IMU_Task.c.obj
LOAD CMakeFiles/MZ_CNN_Proj.elf.dir/APP_TASK/LED_Task/LED_Task.c.obj
LOAD CMakeFiles/MZ_CNN_Proj.elf.dir/APP_TASK/LOG_Task/LOG_Task.c.obj
LOAD CMakeFiles/MZ_CNN_Proj.elf.dir/BSP/BSP_BUTTON_Driver/BSP_BUTTON_Driver.c.obj
LOAD CMakeFiles/MZ_CNN_Proj.elf.dir/BSP/BSP_IMU_Driver/MPU6050.c.obj
LOAD CMakeFiles/MZ_CNN_Proj.elf.dir/BSP/BSP_LED_Driver/BSP_LED_Driver.c.obj
LOAD CMakeFiles/MZ_CNN_Proj.elf.dir/Core/Src/IIC.c.obj
LOAD CMakeFiles/MZ_CNN_Proj.elf.dir/Core/Src/gpio.c.obj
LOAD CMakeFiles/MZ_CNN_Proj.elf.dir/Core/Src/main.c.obj
LOAD CMakeFiles/MZ_CNN_Proj.elf.dir/Core/Src/spi.c.obj
LOAD CMakeFiles/MZ_CNN_Proj.elf.dir/Core/Src/stm32f1xx_hal_msp.c.obj
LOAD CMakeFiles/MZ_CNN_Proj.elf.dir/Core/Src/stm32f1xx_it.c.obj
LOAD CMakeFiles/MZ_CNN_Proj.elf.dir/Core/Src/syscalls.c.obj
LOAD CMakeFiles/MZ_CNN_Proj.elf.dir/Core/Src/sysmem.c.obj
LOAD CMakeFiles/MZ_CNN_Proj.elf.dir/Core/Src/system_stm32f1xx.c.obj
LOAD CMakeFiles/MZ_CNN_Proj.elf.dir/Core/Src/usart.c.obj
LOAD CMakeFiles/MZ_CNN_Proj.elf.dir/Core/Startup/startup_stm32f103cbtx.s.obj
LOAD CMakeFiles/MZ_CNN_Proj.elf.dir/Drivers/STM32F1xx_HAL_Driver/Src/stm32f1xx_hal.c.obj
LOAD CMakeFiles/MZ_CNN_Proj.elf.dir/Drivers/STM32F1xx_HAL_Driver/Src/stm32f1xx_hal_cortex.c.obj
LOAD CMakeFiles/MZ_CNN_Proj.elf.dir/Drivers/STM32F1xx_HAL_Driver/Src/stm32f1xx_hal_dma.c.obj
LOAD CMakeFiles/MZ_CNN_Proj.elf.dir/Drivers/STM32F1xx_HAL_Driver/Src/stm32f1xx_hal_exti.c.obj
LOAD CMakeFiles/MZ_CNN_Proj.elf.dir/Drivers/STM32F1xx_HAL_Driver/Src/stm32f1xx_hal_flash.c.obj
LOAD CMakeFiles/MZ_CNN_Proj.elf.dir/Drivers/STM32F1xx_HAL_Driver/Src/stm32f1xx_hal_flash_ex.c.obj
LOAD CMakeFiles/MZ_CNN_Proj.elf.dir/Drivers/STM32F1xx_HAL_Driver/Src/stm32f1xx_hal_gpio.c.obj
LOAD CMakeFiles/MZ_CNN_Proj.elf.dir/Drivers/STM32F1xx_HAL_Driver/Src/stm32f1xx_hal_gpio_ex.c.obj
LOAD CMakeFiles/MZ_CNN_Proj.elf.dir/Drivers/STM32F1xx_HAL_Driver/Src/stm32f1xx_hal_pcd.c.obj
LOAD CMakeFiles/MZ_CNN_Proj.elf.dir/Drivers/STM32F1xx_HAL_Driver/Src/stm32f1xx_hal_pcd_ex.c.obj
LOAD CMakeFiles/MZ_CNN_Proj.elf.dir/Drivers/STM32F1xx_HAL_Driver/Src/stm32f1xx_hal_pwr.c.obj
LOAD CMakeFiles/MZ_CNN_Proj.elf.dir/Drivers/STM32F1xx_HAL_Driver/Src/stm32f1xx_hal_rcc.c.obj
LOAD CMakeFiles/MZ_CNN_Proj.elf.dir/Drivers/STM32F1xx_HAL_Driver/Src/stm32f1xx_hal_rcc_ex.c.obj
LOAD CMakeFiles/MZ_CNN_Proj.elf.dir/Drivers/STM32F1xx_HAL_Driver/Src/stm32f1xx_hal_spi.c.obj
LOAD CMakeFiles/MZ_CNN_Proj.elf.dir/Drivers/STM32F1xx_HAL_Driver/Src/stm32f1xx_hal_tim.c.obj
LOAD CMakeFiles/MZ_CNN_Proj.elf.dir/Drivers/STM32F1xx_HAL_Driver/Src/stm32f1xx_hal_tim_ex.c.obj
LOAD CMakeFiles/MZ_CNN_Proj.elf.dir/Drivers/STM32F1xx_HAL_Driver/Src/stm32f1xx_hal_uart.c.obj
LOAD CMakeFiles/MZ_CNN_Proj.elf.dir/Drivers/STM32F1xx_HAL_Driver/Src/stm32f1xx_ll_usb.c.obj
LOAD CMakeFiles/MZ_CNN_Proj.elf.dir/Middlewares/AHRS/MahonyAHRS.c.obj
LOAD CMakeFiles/MZ_CNN_Proj.elf.dir/Middlewares/IMU_DMP/inv_mpu.c.obj
LOAD CMakeFiles/MZ_CNN_Proj.elf.dir/Middlewares/IMU_DMP/inv_mpu_dmp_motion_driver.c.obj
LOAD CMakeFiles/MZ_CNN_Proj.elf.dir/Middlewares/LOG/log.c.obj
LOAD CMakeFiles/MZ_CNN_Proj.elf.dir/Middlewares/ST/STM32_USB_Device_Library/Class/HID/Src/usbd_hid.c.obj
LOAD CMakeFiles/MZ_CNN_Proj.elf.dir/Middlewares/ST/STM32_USB_Device_Library/Core/Src/usbd_core.c.obj
LOAD CMakeFiles/MZ_CNN_Proj.elf.dir/Middlewares/ST/STM32_USB_Device_Library/Core/Src/usbd_ctlreq.c.obj
LOAD CMakeFiles/MZ_CNN_Proj.elf.dir/Middlewares/ST/STM32_USB_Device_Library/Core/Src/usbd_ioreq.c.obj
LOAD CMakeFiles/MZ_CNN_Proj.elf.dir/Middlewares/VOFA/vofa.c.obj
LOAD CMakeFiles/MZ_CNN_Proj.elf.dir/Nnom_Lib/src/backends/nnom_local.c.obj
LOAD CMakeFiles/MZ_CNN_Proj.elf.dir/Nnom_Lib/src/backends/nnom_local_q15.c.obj
LOAD CMakeFiles/MZ_CNN_Proj.elf.dir/Nnom_Lib/src/core/nnom.c.obj
LOAD CMakeFiles/MZ_CNN_Proj.elf.dir/Nnom_Lib/src/core/nnom_layers.c.obj
LOAD CMakeFiles/MZ_CNN_Proj.elf.dir/Nnom_Lib/src/core/nnom_tensor.c.obj
LOAD CMakeFiles/MZ_CNN_Proj.elf.dir/Nnom_Lib/src/core/nnom_utils.c.obj
LOAD CMakeFiles/MZ_CNN_Proj.elf.dir/Nnom_Lib/src/layers/nnom_activation.c.obj
LOAD CMakeFiles/MZ_CNN_Proj.elf.dir/Nnom_Lib/src/layers/nnom_avgpool.c.obj
LOAD CMakeFiles/MZ_CNN_Proj.elf.dir/Nnom_Lib/src/layers/nnom_baselayer.c.obj
LOAD CMakeFiles/MZ_CNN_Proj.elf.dir/Nnom_Lib/src/layers/nnom_concat.c.obj
LOAD CMakeFiles/MZ_CNN_Proj.elf.dir/Nnom_Lib/src/layers/nnom_conv2d.c.obj
LOAD CMakeFiles/MZ_CNN_Proj.elf.dir/Nnom_Lib/src/layers/nnom_conv2d_trans.c.obj
LOAD CMakeFiles/MZ_CNN_Proj.elf.dir/Nnom_Lib/src/layers/nnom_cropping.c.obj
LOAD CMakeFiles/MZ_CNN_Proj.elf.dir/Nnom_Lib/src/layers/nnom_dense.c.obj
LOAD CMakeFiles/MZ_CNN_Proj.elf.dir/Nnom_Lib/src/layers/nnom_dw_conv2d.c.obj
LOAD CMakeFiles/MZ_CNN_Proj.elf.dir/Nnom_Lib/src/layers/nnom_flatten.c.obj
LOAD CMakeFiles/MZ_CNN_Proj.elf.dir/Nnom_Lib/src/layers/nnom_global_pool.c.obj
LOAD CMakeFiles/MZ_CNN_Proj.elf.dir/Nnom_Lib/src/layers/nnom_gru_cell.c.obj
LOAD CMakeFiles/MZ_CNN_Proj.elf.dir/Nnom_Lib/src/layers/nnom_input.c.obj
LOAD CMakeFiles/MZ_CNN_Proj.elf.dir/Nnom_Lib/src/layers/nnom_lambda.c.obj
LOAD CMakeFiles/MZ_CNN_Proj.elf.dir/Nnom_Lib/src/layers/nnom_lstm_cell.c.obj
LOAD CMakeFiles/MZ_CNN_Proj.elf.dir/Nnom_Lib/src/layers/nnom_matrix.c.obj
LOAD CMakeFiles/MZ_CNN_Proj.elf.dir/Nnom_Lib/src/layers/nnom_maxpool.c.obj
LOAD CMakeFiles/MZ_CNN_Proj.elf.dir/Nnom_Lib/src/layers/nnom_output.c.obj
LOAD CMakeFiles/MZ_CNN_Proj.elf.dir/Nnom_Lib/src/layers/nnom_reshape.c.obj
LOAD CMakeFiles/MZ_CNN_Proj.elf.dir/Nnom_Lib/src/layers/nnom_rnn.c.obj
LOAD CMakeFiles/MZ_CNN_Proj.elf.dir/Nnom_Lib/src/layers/nnom_simple_cell.c.obj
LOAD CMakeFiles/MZ_CNN_Proj.elf.dir/Nnom_Lib/src/layers/nnom_softmax.c.obj
LOAD CMakeFiles/MZ_CNN_Proj.elf.dir/Nnom_Lib/src/layers/nnom_sumpool.c.obj
LOAD CMakeFiles/MZ_CNN_Proj.elf.dir/Nnom_Lib/src/layers/nnom_upsample.c.obj
LOAD CMakeFiles/MZ_CNN_Proj.elf.dir/Nnom_Lib/src/layers/nnom_zero_padding.c.obj
LOAD CMakeFiles/MZ_CNN_Proj.elf.dir/USB_DEVICE/App/usb_device.c.obj
LOAD CMakeFiles/MZ_CNN_Proj.elf.dir/USB_DEVICE/App/usbd_desc.c.obj
LOAD CMakeFiles/MZ_CNN_Proj.elf.dir/USB_DEVICE/Target/usbd_conf.c.obj
START GROUP
LOAD d:/clion/gnu/bin/../lib/gcc/arm-none-eabi/10.3.1/thumb/v7-m/nofp\libgcc.a
LOAD d:/clion/gnu/bin/../lib/gcc/arm-none-eabi/10.3.1/../../../../arm-none-eabi/lib/thumb/v7-m/nofp\libg_nano.a
LOAD d:/clion/gnu/bin/../lib/gcc/arm-none-eabi/10.3.1/../../../../arm-none-eabi/lib/thumb/v7-m/nofp\libc_nano.a
END GROUP
START GROUP
LOAD d:/clion/gnu/bin/../lib/gcc/arm-none-eabi/10.3.1/thumb/v7-m/nofp\libgcc.a
LOAD d:/clion/gnu/bin/../lib/gcc/arm-none-eabi/10.3.1/../../../../arm-none-eabi/lib/thumb/v7-m/nofp\libc_nano.a
END GROUP
LOAD d:/clion/gnu/bin/../lib/gcc/arm-none-eabi/10.3.1/thumb/v7-m/nofp/crtend.o
LOAD d:/clion/gnu/bin/../lib/gcc/arm-none-eabi/10.3.1/thumb/v7-m/nofp/crtn.o
                0x20005000                _estack = (ORIGIN (RAM) + LENGTH (RAM))
                0x00000400                _Min_Heap_Size = 0x400
                0x00000200                _Min_Stack_Size = 0x200

.isr_vector     0x08000000      0x10c
                0x08000000                . = ALIGN (0x4)
 *(.isr_vector)
 .isr_vector    0x08000000      0x10c CMakeFiles/MZ_CNN_Proj.elf.dir/Core/Startup/startup_stm32f103cbtx.s.obj
                0x08000000                g_pfnVectors
                0x0800010c                . = ALIGN (0x4)

.text           0x08000110    0x10ef8
                0x08000110                . = ALIGN (0x4)
 *(.text)
 .text          0x08000110       0x40 d:/clion/gnu/bin/../lib/gcc/arm-none-eabi/10.3.1/thumb/v7-m/nofp/crtbegin.o
 .text          0x08000150      0x378 d:/clion/gnu/bin/../lib/gcc/arm-none-eabi/10.3.1/thumb/v7-m/nofp\libgcc.a(_arm_addsubdf3.o)
                0x08000150                __aeabi_drsub
                0x08000158                __aeabi_dsub
                0x08000158                __subdf3
                0x0800015c                __aeabi_dadd
                0x0800015c                __adddf3
                0x080003d4                __floatunsidf
                0x080003d4                __aeabi_ui2d
                0x080003f4                __floatsidf
                0x080003f4                __aeabi_i2d
                0x08000418                __aeabi_f2d
                0x08000418                __extendsfdf2
                0x0800045c                __floatundidf
                0x0800045c                __aeabi_ul2d
                0x0800046c                __floatdidf
                0x0800046c                __aeabi_l2d
 .text          0x080004c8      0x424 d:/clion/gnu/bin/../lib/gcc/arm-none-eabi/10.3.1/thumb/v7-m/nofp\libgcc.a(_arm_muldivdf3.o)
                0x080004c8                __aeabi_dmul
                0x080004c8                __muldf3
                0x0800071c                __divdf3
                0x0800071c                __aeabi_ddiv
 .text          0x080008ec       0x50 d:/clion/gnu/bin/../lib/gcc/arm-none-eabi/10.3.1/thumb/v7-m/nofp\libgcc.a(_arm_fixdfsi.o)
                0x080008ec                __aeabi_d2iz
                0x080008ec                __fixdfsi
 .text          0x0800093c       0xa0 d:/clion/gnu/bin/../lib/gcc/arm-none-eabi/10.3.1/thumb/v7-m/nofp\libgcc.a(_arm_truncdfsf2.o)
                0x0800093c                __truncdfsf2
                0x0800093c                __aeabi_d2f
 .text          0x080009dc      0x21c d:/clion/gnu/bin/../lib/gcc/arm-none-eabi/10.3.1/thumb/v7-m/nofp\libgcc.a(_arm_addsubsf3.o)
                0x080009dc                __aeabi_frsub
                0x080009e4                __subsf3
                0x080009e4                __aeabi_fsub
                0x080009e8                __aeabi_fadd
                0x080009e8                __addsf3
                0x08000b48                __aeabi_ui2f
                0x08000b48                __floatunsisf
                0x08000b50                __aeabi_i2f
                0x08000b50                __floatsisf
                0x08000b6c                __aeabi_ul2f
                0x08000b6c                __floatundisf
                0x08000b7c                __aeabi_l2f
                0x08000b7c                __floatdisf
 .text          0x08000bf8      0x2a0 d:/clion/gnu/bin/../lib/gcc/arm-none-eabi/10.3.1/thumb/v7-m/nofp\libgcc.a(_arm_muldivsf3.o)
                0x08000bf8                __mulsf3
                0x08000bf8                __aeabi_fmul
                0x08000d60                __aeabi_fdiv
                0x08000d60                __divsf3
 .text          0x08000e98       0xec d:/clion/gnu/bin/../lib/gcc/arm-none-eabi/10.3.1/thumb/v7-m/nofp\libgcc.a(_arm_cmpsf2.o)
                0x08000e98                __gesf2
                0x08000e98                __gtsf2
                0x08000ea0                __lesf2
                0x08000ea0                __ltsf2
                0x08000ea8                __nesf2
                0x08000ea8                __eqsf2
                0x08000ea8                __cmpsf2
                0x08000f08                __aeabi_cfrcmple
                0x08000f10                __aeabi_cfcmpeq
                0x08000f10                __aeabi_cfcmple
                0x08000f20                __aeabi_fcmpeq
                0x08000f34                __aeabi_fcmplt
                0x08000f48                __aeabi_fcmple
                0x08000f5c                __aeabi_fcmpge
                0x08000f70                __aeabi_fcmpgt
 .text          0x08000f84       0x4c d:/clion/gnu/bin/../lib/gcc/arm-none-eabi/10.3.1/thumb/v7-m/nofp\libgcc.a(_arm_fixsfsi.o)
                0x08000f84                __aeabi_f2iz
                0x08000f84                __fixsfsi
 .text          0x08000fd0       0x40 d:/clion/gnu/bin/../lib/gcc/arm-none-eabi/10.3.1/thumb/v7-m/nofp\libgcc.a(_arm_fixunssfsi.o)
                0x08000fd0                __fixunssfsi
                0x08000fd0                __aeabi_f2uiz
 .text          0x08001010       0xa0 d:/clion/gnu/bin/../lib/gcc/arm-none-eabi/10.3.1/thumb/v7-m/nofp\libgcc.a(_aeabi_ldivmod.o)
                0x08001010                __aeabi_ldivmod
 .text          0x080010b0      0x2d4 d:/clion/gnu/bin/../lib/gcc/arm-none-eabi/10.3.1/thumb/v7-m/nofp\libgcc.a(_udivmoddi4.o)
                0x080010b0                __udivmoddi4
 .text          0x08001384        0x4 d:/clion/gnu/bin/../lib/gcc/arm-none-eabi/10.3.1/thumb/v7-m/nofp\libgcc.a(_dvmd_tls.o)
                0x08001384                __aeabi_idiv0
                0x08001384                __aeabi_ldiv0
 .text          0x08001388       0x10 d:/clion/gnu/bin/../lib/gcc/arm-none-eabi/10.3.1/../../../../arm-none-eabi/lib/thumb/v7-m/nofp\libg_nano.a(lib_a-strlen.o)
                0x08001388                strlen
 .text          0x08001398       0x14 d:/clion/gnu/bin/../lib/gcc/arm-none-eabi/10.3.1/../../../../arm-none-eabi/lib/thumb/v7-m/nofp\libg_nano.a(lib_a-strcmp.o)
                0x08001398                strcmp
 .text          0x080013ac      0x110 d:/clion/gnu/bin/../lib/gcc/arm-none-eabi/10.3.1/thumb/v7-m/nofp\libgcc.a(_arm_cmpdf2.o)
                0x080013ac                __gtdf2
                0x080013ac                __gedf2
                0x080013b4                __ltdf2
                0x080013b4                __ledf2
                0x080013bc                __nedf2
                0x080013bc                __eqdf2
                0x080013bc                __cmpdf2
                0x08001438                __aeabi_cdrcmple
                0x08001448                __aeabi_cdcmpeq
                0x08001448                __aeabi_cdcmple
                0x08001458                __aeabi_dcmpeq
                0x0800146c                __aeabi_dcmplt
                0x08001480                __aeabi_dcmple
                0x08001494                __aeabi_dcmpge
                0x080014a8                __aeabi_dcmpgt
 .text          0x080014bc       0x2c d:/clion/gnu/bin/../lib/gcc/arm-none-eabi/10.3.1/thumb/v7-m/nofp\libgcc.a(_arm_unorddf2.o)
                0x080014bc                __unorddf2
                0x080014bc                __aeabi_dcmpun
 *(.text*)
 .text.Button_Create
                0x080014e8       0x3c CMakeFiles/MZ_CNN_Proj.elf.dir/APP_TASK/BUTTON_Task/BUTTON_Task.c.obj
                0x080014e8                Button_Create
 .text.nnom_model_create
                0x08001524       0xcc CMakeFiles/MZ_CNN_Proj.elf.dir/APP_TASK/CNN_Task/CNN_Task.c.obj
 .text.model_feed_data
                0x080015f0       0x88 CMakeFiles/MZ_CNN_Proj.elf.dir/APP_TASK/CNN_Task/CNN_Task.c.obj
                0x080015f0                model_feed_data
 .text.model_get_output
                0x08001678      0x1b4 CMakeFiles/MZ_CNN_Proj.elf.dir/APP_TASK/CNN_Task/CNN_Task.c.obj
                0x08001678                model_get_output
 .text.CNN_Create
                0x0800182c       0x20 CMakeFiles/MZ_CNN_Proj.elf.dir/APP_TASK/CNN_Task/CNN_Task.c.obj
                0x0800182c                CNN_Create
 .text.IMU_Sample_Start
                0x0800184c       0x18 CMakeFiles/MZ_CNN_Proj.elf.dir/APP_TASK/IMU_Task/IMU_Task.c.obj
                0x0800184c                IMU_Sample_Start
 .text.IMU_Sample_Stop
                0x08001864       0x18 CMakeFiles/MZ_CNN_Proj.elf.dir/APP_TASK/IMU_Task/IMU_Task.c.obj
                0x08001864                IMU_Sample_Stop
 *fill*         0x0800187c        0x4 
 .text.Quaternion_To_Euler
                0x08001880      0x204 CMakeFiles/MZ_CNN_Proj.elf.dir/APP_TASK/IMU_Task/IMU_Task.c.obj
                0x08001880                Quaternion_To_Euler
 .text.IMU_Get_Angle
                0x08001a84      0x110 CMakeFiles/MZ_CNN_Proj.elf.dir/APP_TASK/IMU_Task/IMU_Task.c.obj
                0x08001a84                IMU_Get_Angle
 *fill*         0x08001b94        0x4 
 .text.IMU_Get_Data
                0x08001b98      0x17c CMakeFiles/MZ_CNN_Proj.elf.dir/APP_TASK/IMU_Task/IMU_Task.c.obj
                0x08001b98                IMU_Get_Data
 .text.IMU_Init
                0x08001d14       0x28 CMakeFiles/MZ_CNN_Proj.elf.dir/APP_TASK/IMU_Task/IMU_Task.c.obj
                0x08001d14                IMU_Init
 .text.HAL_GPIO_EXTI_Callback
                0x08001d3c       0x5c CMakeFiles/MZ_CNN_Proj.elf.dir/APP_TASK/IMU_Task/IMU_Task.c.obj
                0x08001d3c                HAL_GPIO_EXTI_Callback
 .text.LED_Init
                0x08001d98       0x18 CMakeFiles/MZ_CNN_Proj.elf.dir/APP_TASK/LED_Task/LED_Task.c.obj
                0x08001d98                LED_Init
 .text.LED_OFF  0x08001db0       0x14 CMakeFiles/MZ_CNN_Proj.elf.dir/APP_TASK/LED_Task/LED_Task.c.obj
 .text.LED_ON   0x08001dc4       0x14 CMakeFiles/MZ_CNN_Proj.elf.dir/APP_TASK/LED_Task/LED_Task.c.obj
 .text.Blink    0x08001dd8       0xa0 CMakeFiles/MZ_CNN_Proj.elf.dir/APP_TASK/LED_Task/LED_Task.c.obj
 .text.LED_Create
                0x08001e78       0x6c CMakeFiles/MZ_CNN_Proj.elf.dir/APP_TASK/LED_Task/LED_Task.c.obj
                0x08001e78                LED_Create
 .text.MZprint  0x08001ee4       0x50 CMakeFiles/MZ_CNN_Proj.elf.dir/APP_TASK/LOG_Task/LOG_Task.c.obj
                0x08001ee4                MZprint
 .text.inv_row_2_scale
                0x08001f34       0x3a CMakeFiles/MZ_CNN_Proj.elf.dir/BSP/BSP_IMU_Driver/MPU6050.c.obj
 .text.inv_orientation_matrix_to_scalar
                0x08001f6e       0x24 CMakeFiles/MZ_CNN_Proj.elf.dir/BSP/BSP_IMU_Driver/MPU6050.c.obj
 *fill*         0x08001f92        0x2 
 .text.run_self_test
                0x08001f94       0x90 CMakeFiles/MZ_CNN_Proj.elf.dir/BSP/BSP_IMU_Driver/MPU6050.c.obj
 .text.MPU6050_Init
                0x08002024      0x134 CMakeFiles/MZ_CNN_Proj.elf.dir/BSP/BSP_IMU_Driver/MPU6050.c.obj
                0x08002024                MPU6050_Init
 .text.Bsp_Led_ON
                0x08002158       0x14 CMakeFiles/MZ_CNN_Proj.elf.dir/BSP/BSP_LED_Driver/BSP_LED_Driver.c.obj
                0x08002158                Bsp_Led_ON
 .text.Bsp_Led_OFF
                0x0800216c       0x14 CMakeFiles/MZ_CNN_Proj.elf.dir/BSP/BSP_LED_Driver/BSP_LED_Driver.c.obj
                0x0800216c                Bsp_Led_OFF
 .text.IIC1_R_SDA
                0x08002180       0x10 CMakeFiles/MZ_CNN_Proj.elf.dir/Core/Src/IIC.c.obj
 .text.Delay_us
                0x08002190       0x1c CMakeFiles/MZ_CNN_Proj.elf.dir/Core/Src/IIC.c.obj
                0x08002190                Delay_us
 .text.IIC1_W_SDA
                0x080021ac       0x18 CMakeFiles/MZ_CNN_Proj.elf.dir/Core/Src/IIC.c.obj
 .text.IIC1_W_SCL
                0x080021c4       0x18 CMakeFiles/MZ_CNN_Proj.elf.dir/Core/Src/IIC.c.obj
 .text.IIC1_Start
                0x080021dc       0x1c CMakeFiles/MZ_CNN_Proj.elf.dir/Core/Src/IIC.c.obj
 .text.IIC1_Send_Byte
                0x080021f8       0x26 CMakeFiles/MZ_CNN_Proj.elf.dir/Core/Src/IIC.c.obj
 .text.IIC1_Receive_Ack
                0x0800221e       0x1e CMakeFiles/MZ_CNN_Proj.elf.dir/Core/Src/IIC.c.obj
 .text.IIC1_Stop
                0x0800223c       0x16 CMakeFiles/MZ_CNN_Proj.elf.dir/Core/Src/IIC.c.obj
 .text.IIC1_Receive_Byte
                0x08002252       0x38 CMakeFiles/MZ_CNN_Proj.elf.dir/Core/Src/IIC.c.obj
 .text.IIC1_Send_Ack
                0x0800228a       0x14 CMakeFiles/MZ_CNN_Proj.elf.dir/Core/Src/IIC.c.obj
 *fill*         0x0800229e        0x2 
 .text.IIC1_Init
                0x080022a0       0x20 CMakeFiles/MZ_CNN_Proj.elf.dir/Core/Src/IIC.c.obj
                0x080022a0                IIC1_Init
 .text.IIC1_write
                0x080022c0       0x42 CMakeFiles/MZ_CNN_Proj.elf.dir/Core/Src/IIC.c.obj
                0x080022c0                IIC1_write
 .text.IIC1_read
                0x08002302       0x66 CMakeFiles/MZ_CNN_Proj.elf.dir/Core/Src/IIC.c.obj
                0x08002302                IIC1_read
 .text.MX_GPIO_Init
                0x08002368       0xe8 CMakeFiles/MZ_CNN_Proj.elf.dir/Core/Src/gpio.c.obj
                0x08002368                MX_GPIO_Init
 .text.Error_Handler
                0x08002450        0x4 CMakeFiles/MZ_CNN_Proj.elf.dir/Core/Src/main.c.obj
                0x08002450                Error_Handler
 .text.SystemClock_Config
                0x08002454       0x82 CMakeFiles/MZ_CNN_Proj.elf.dir/Core/Src/main.c.obj
                0x08002454                SystemClock_Config
 *fill*         0x080024d6        0x2 
 .text.main     0x080024d8       0x98 CMakeFiles/MZ_CNN_Proj.elf.dir/Core/Src/main.c.obj
                0x080024d8                main
 .text.MX_SPI2_Init
                0x08002570       0x44 CMakeFiles/MZ_CNN_Proj.elf.dir/Core/Src/spi.c.obj
                0x08002570                MX_SPI2_Init
 .text.HAL_SPI_MspInit
                0x080025b4       0x88 CMakeFiles/MZ_CNN_Proj.elf.dir/Core/Src/spi.c.obj
                0x080025b4                HAL_SPI_MspInit
 .text.HAL_MspInit
                0x0800263c       0x44 CMakeFiles/MZ_CNN_Proj.elf.dir/Core/Src/stm32f1xx_hal_msp.c.obj
                0x0800263c                HAL_MspInit
 .text.NMI_Handler
                0x08002680        0x2 CMakeFiles/MZ_CNN_Proj.elf.dir/Core/Src/stm32f1xx_it.c.obj
                0x08002680                NMI_Handler
 .text.HardFault_Handler
                0x08002682        0x2 CMakeFiles/MZ_CNN_Proj.elf.dir/Core/Src/stm32f1xx_it.c.obj
                0x08002682                HardFault_Handler
 .text.MemManage_Handler
                0x08002684        0x2 CMakeFiles/MZ_CNN_Proj.elf.dir/Core/Src/stm32f1xx_it.c.obj
                0x08002684                MemManage_Handler
 .text.BusFault_Handler
                0x08002686        0x2 CMakeFiles/MZ_CNN_Proj.elf.dir/Core/Src/stm32f1xx_it.c.obj
                0x08002686                BusFault_Handler
 .text.UsageFault_Handler
                0x08002688        0x2 CMakeFiles/MZ_CNN_Proj.elf.dir/Core/Src/stm32f1xx_it.c.obj
                0x08002688                UsageFault_Handler
 .text.SVC_Handler
                0x0800268a        0x2 CMakeFiles/MZ_CNN_Proj.elf.dir/Core/Src/stm32f1xx_it.c.obj
                0x0800268a                SVC_Handler
 .text.DebugMon_Handler
                0x0800268c        0x2 CMakeFiles/MZ_CNN_Proj.elf.dir/Core/Src/stm32f1xx_it.c.obj
                0x0800268c                DebugMon_Handler
 .text.PendSV_Handler
                0x0800268e        0x2 CMakeFiles/MZ_CNN_Proj.elf.dir/Core/Src/stm32f1xx_it.c.obj
                0x0800268e                PendSV_Handler
 .text.SysTick_Handler
                0x08002690        0x8 CMakeFiles/MZ_CNN_Proj.elf.dir/Core/Src/stm32f1xx_it.c.obj
                0x08002690                SysTick_Handler
 .text.EXTI0_IRQHandler
                0x08002698        0xa CMakeFiles/MZ_CNN_Proj.elf.dir/Core/Src/stm32f1xx_it.c.obj
                0x08002698                EXTI0_IRQHandler
 *fill*         0x080026a2        0x2 
 .text.USB_LP_CAN1_RX0_IRQHandler
                0x080026a4       0x10 CMakeFiles/MZ_CNN_Proj.elf.dir/Core/Src/stm32f1xx_it.c.obj
                0x080026a4                USB_LP_CAN1_RX0_IRQHandler
 .text.EXTI9_5_IRQHandler
                0x080026b4        0xa CMakeFiles/MZ_CNN_Proj.elf.dir/Core/Src/stm32f1xx_it.c.obj
                0x080026b4                EXTI9_5_IRQHandler
 *fill*         0x080026be        0x2 
 .text.SPI2_IRQHandler
                0x080026c0       0x10 CMakeFiles/MZ_CNN_Proj.elf.dir/Core/Src/stm32f1xx_it.c.obj
                0x080026c0                SPI2_IRQHandler
 .text.USART1_IRQHandler
                0x080026d0       0x10 CMakeFiles/MZ_CNN_Proj.elf.dir/Core/Src/stm32f1xx_it.c.obj
                0x080026d0                USART1_IRQHandler
 .text._getpid  0x080026e0        0x4 CMakeFiles/MZ_CNN_Proj.elf.dir/Core/Src/syscalls.c.obj
                0x080026e0                _getpid
 .text._kill    0x080026e4       0x10 CMakeFiles/MZ_CNN_Proj.elf.dir/Core/Src/syscalls.c.obj
                0x080026e4                _kill
 .text._exit    0x080026f4        0xc CMakeFiles/MZ_CNN_Proj.elf.dir/Core/Src/syscalls.c.obj
                0x080026f4                _exit
 .text._read    0x08002700       0x20 CMakeFiles/MZ_CNN_Proj.elf.dir/Core/Src/syscalls.c.obj
                0x08002700                _read
 .text._write   0x08002720       0x1c CMakeFiles/MZ_CNN_Proj.elf.dir/Core/Src/syscalls.c.obj
                0x08002720                _write
 .text._close   0x0800273c        0x6 CMakeFiles/MZ_CNN_Proj.elf.dir/Core/Src/syscalls.c.obj
                0x0800273c                _close
 .text._fstat   0x08002742        0xa CMakeFiles/MZ_CNN_Proj.elf.dir/Core/Src/syscalls.c.obj
                0x08002742                _fstat
 .text._isatty  0x0800274c        0x4 CMakeFiles/MZ_CNN_Proj.elf.dir/Core/Src/syscalls.c.obj
                0x0800274c                _isatty
 .text._lseek   0x08002750        0x4 CMakeFiles/MZ_CNN_Proj.elf.dir/Core/Src/syscalls.c.obj
                0x08002750                _lseek
 .text._sbrk    0x08002754       0x48 CMakeFiles/MZ_CNN_Proj.elf.dir/Core/Src/sysmem.c.obj
                0x08002754                _sbrk
 .text.SystemInit
                0x0800279c        0x2 CMakeFiles/MZ_CNN_Proj.elf.dir/Core/Src/system_stm32f1xx.c.obj
                0x0800279c                SystemInit
 *fill*         0x0800279e        0x2 
 .text.MX_USART1_UART_Init
                0x080027a0       0x34 CMakeFiles/MZ_CNN_Proj.elf.dir/Core/Src/usart.c.obj
                0x080027a0                MX_USART1_UART_Init
 .text.HAL_UART_MspInit
                0x080027d4       0x88 CMakeFiles/MZ_CNN_Proj.elf.dir/Core/Src/usart.c.obj
                0x080027d4                HAL_UART_MspInit
 .text.__io_putchar
                0x0800285c       0x20 CMakeFiles/MZ_CNN_Proj.elf.dir/Core/Src/usart.c.obj
                0x0800285c                __io_putchar
 .text.Reset_Handler
                0x0800287c       0x48 CMakeFiles/MZ_CNN_Proj.elf.dir/Core/Startup/startup_stm32f103cbtx.s.obj
                0x0800287c                Reset_Handler
 .text.Default_Handler
                0x080028c4        0x2 CMakeFiles/MZ_CNN_Proj.elf.dir/Core/Startup/startup_stm32f103cbtx.s.obj
                0x080028c4                RTC_Alarm_IRQHandler
                0x080028c4                EXTI2_IRQHandler
                0x080028c4                TIM1_CC_IRQHandler
                0x080028c4                PVD_IRQHandler
                0x080028c4                EXTI3_IRQHandler
                0x080028c4                I2C2_EV_IRQHandler
                0x080028c4                ADC1_2_IRQHandler
                0x080028c4                SPI1_IRQHandler
                0x080028c4                TAMPER_IRQHandler
                0x080028c4                DMA1_Channel4_IRQHandler
                0x080028c4                USART3_IRQHandler
                0x080028c4                RTC_IRQHandler
                0x080028c4                DMA1_Channel7_IRQHandler
                0x080028c4                CAN1_RX1_IRQHandler
                0x080028c4                TIM4_IRQHandler
                0x080028c4                I2C1_EV_IRQHandler
                0x080028c4                DMA1_Channel6_IRQHandler
                0x080028c4                TIM3_IRQHandler
                0x080028c4                RCC_IRQHandler
                0x080028c4                TIM1_TRG_COM_IRQHandler
                0x080028c4                DMA1_Channel1_IRQHandler
                0x080028c4                Default_Handler
                0x080028c4                EXTI15_10_IRQHandler
                0x080028c4                DMA1_Channel5_IRQHandler
                0x080028c4                EXTI4_IRQHandler
                0x080028c4                USB_HP_CAN1_TX_IRQHandler
                0x080028c4                DMA1_Channel3_IRQHandler
                0x080028c4                TIM1_UP_IRQHandler
                0x080028c4                WWDG_IRQHandler
                0x080028c4                TIM2_IRQHandler
                0x080028c4                TIM1_BRK_IRQHandler
                0x080028c4                EXTI1_IRQHandler
                0x080028c4                USART2_IRQHandler
                0x080028c4                I2C2_ER_IRQHandler
                0x080028c4                DMA1_Channel2_IRQHandler
                0x080028c4                CAN1_SCE_IRQHandler
                0x080028c4                FLASH_IRQHandler
                0x080028c4                I2C1_ER_IRQHandler
                0x080028c4                USBWakeUp_IRQHandler
 *fill*         0x080028c6        0x2 
 .text.HAL_InitTick
                0x080028c8       0x4c CMakeFiles/MZ_CNN_Proj.elf.dir/Drivers/STM32F1xx_HAL_Driver/Src/stm32f1xx_hal.c.obj
                0x080028c8                HAL_InitTick
 .text.HAL_Init
                0x08002914       0x24 CMakeFiles/MZ_CNN_Proj.elf.dir/Drivers/STM32F1xx_HAL_Driver/Src/stm32f1xx_hal.c.obj
                0x08002914                HAL_Init
 .text.HAL_IncTick
                0x08002938       0x18 CMakeFiles/MZ_CNN_Proj.elf.dir/Drivers/STM32F1xx_HAL_Driver/Src/stm32f1xx_hal.c.obj
                0x08002938                HAL_IncTick
 .text.HAL_GetTick
                0x08002950        0xc CMakeFiles/MZ_CNN_Proj.elf.dir/Drivers/STM32F1xx_HAL_Driver/Src/stm32f1xx_hal.c.obj
                0x08002950                HAL_GetTick
 .text.HAL_Delay
                0x0800295c       0x28 CMakeFiles/MZ_CNN_Proj.elf.dir/Drivers/STM32F1xx_HAL_Driver/Src/stm32f1xx_hal.c.obj
                0x0800295c                HAL_Delay
 .text.HAL_NVIC_SetPriorityGrouping
                0x08002984       0x24 CMakeFiles/MZ_CNN_Proj.elf.dir/Drivers/STM32F1xx_HAL_Driver/Src/stm32f1xx_hal_cortex.c.obj
                0x08002984                HAL_NVIC_SetPriorityGrouping
 .text.HAL_NVIC_SetPriority
                0x080029a8       0x70 CMakeFiles/MZ_CNN_Proj.elf.dir/Drivers/STM32F1xx_HAL_Driver/Src/stm32f1xx_hal_cortex.c.obj
                0x080029a8                HAL_NVIC_SetPriority
 .text.HAL_NVIC_EnableIRQ
                0x08002a18       0x1c CMakeFiles/MZ_CNN_Proj.elf.dir/Drivers/STM32F1xx_HAL_Driver/Src/stm32f1xx_hal_cortex.c.obj
                0x08002a18                HAL_NVIC_EnableIRQ
 .text.HAL_NVIC_DisableIRQ
                0x08002a34       0x24 CMakeFiles/MZ_CNN_Proj.elf.dir/Drivers/STM32F1xx_HAL_Driver/Src/stm32f1xx_hal_cortex.c.obj
                0x08002a34                HAL_NVIC_DisableIRQ
 .text.HAL_SYSTICK_Config
                0x08002a58       0x28 CMakeFiles/MZ_CNN_Proj.elf.dir/Drivers/STM32F1xx_HAL_Driver/Src/stm32f1xx_hal_cortex.c.obj
                0x08002a58                HAL_SYSTICK_Config
 .text.HAL_DMA_Abort
                0x08002a80       0x46 CMakeFiles/MZ_CNN_Proj.elf.dir/Drivers/STM32F1xx_HAL_Driver/Src/stm32f1xx_hal_dma.c.obj
                0x08002a80                HAL_DMA_Abort
 *fill*         0x08002ac6        0x2 
 .text.HAL_DMA_Abort_IT
                0x08002ac8       0x98 CMakeFiles/MZ_CNN_Proj.elf.dir/Drivers/STM32F1xx_HAL_Driver/Src/stm32f1xx_hal_dma.c.obj
                0x08002ac8                HAL_DMA_Abort_IT
 .text.HAL_GPIO_Init
                0x08002b60      0x224 CMakeFiles/MZ_CNN_Proj.elf.dir/Drivers/STM32F1xx_HAL_Driver/Src/stm32f1xx_hal_gpio.c.obj
                0x08002b60                HAL_GPIO_Init
 .text.HAL_GPIO_ReadPin
                0x08002d84        0xe CMakeFiles/MZ_CNN_Proj.elf.dir/Drivers/STM32F1xx_HAL_Driver/Src/stm32f1xx_hal_gpio.c.obj
                0x08002d84                HAL_GPIO_ReadPin
 .text.HAL_GPIO_WritePin
                0x08002d92        0xc CMakeFiles/MZ_CNN_Proj.elf.dir/Drivers/STM32F1xx_HAL_Driver/Src/stm32f1xx_hal_gpio.c.obj
                0x08002d92                HAL_GPIO_WritePin
 *fill*         0x08002d9e        0x2 
 .text.HAL_GPIO_EXTI_IRQHandler
                0x08002da0       0x1c CMakeFiles/MZ_CNN_Proj.elf.dir/Drivers/STM32F1xx_HAL_Driver/Src/stm32f1xx_hal_gpio.c.obj
                0x08002da0                HAL_GPIO_EXTI_IRQHandler
 .text.HAL_PCD_EP_DB_Receive
                0x08002dbc      0x11c CMakeFiles/MZ_CNN_Proj.elf.dir/Drivers/STM32F1xx_HAL_Driver/Src/stm32f1xx_hal_pcd.c.obj
 .text.HAL_PCD_Init
                0x08002ed8       0xe8 CMakeFiles/MZ_CNN_Proj.elf.dir/Drivers/STM32F1xx_HAL_Driver/Src/stm32f1xx_hal_pcd.c.obj
                0x08002ed8                HAL_PCD_Init
 .text.HAL_PCD_Start
                0x08002fc0       0x32 CMakeFiles/MZ_CNN_Proj.elf.dir/Drivers/STM32F1xx_HAL_Driver/Src/stm32f1xx_hal_pcd.c.obj
                0x08002fc0                HAL_PCD_Start
 .text.HAL_PCD_EP_DB_Transmit
                0x08002ff2      0x424 CMakeFiles/MZ_CNN_Proj.elf.dir/Drivers/STM32F1xx_HAL_Driver/Src/stm32f1xx_hal_pcd.c.obj
 .text.PCD_EP_ISR_Handler
                0x08003416      0x54c CMakeFiles/MZ_CNN_Proj.elf.dir/Drivers/STM32F1xx_HAL_Driver/Src/stm32f1xx_hal_pcd.c.obj
 .text.HAL_PCD_SetAddress
                0x08003962       0x26 CMakeFiles/MZ_CNN_Proj.elf.dir/Drivers/STM32F1xx_HAL_Driver/Src/stm32f1xx_hal_pcd.c.obj
                0x08003962                HAL_PCD_SetAddress
 .text.HAL_PCD_IRQHandler
                0x08003988      0x1b0 CMakeFiles/MZ_CNN_Proj.elf.dir/Drivers/STM32F1xx_HAL_Driver/Src/stm32f1xx_hal_pcd.c.obj
                0x08003988                HAL_PCD_IRQHandler
 .text.HAL_PCD_EP_Open
                0x08003b38       0x84 CMakeFiles/MZ_CNN_Proj.elf.dir/Drivers/STM32F1xx_HAL_Driver/Src/stm32f1xx_hal_pcd.c.obj
                0x08003b38                HAL_PCD_EP_Open
 .text.HAL_PCD_EP_Close
                0x08003bbc       0x6c CMakeFiles/MZ_CNN_Proj.elf.dir/Drivers/STM32F1xx_HAL_Driver/Src/stm32f1xx_hal_pcd.c.obj
                0x08003bbc                HAL_PCD_EP_Close
 .text.HAL_PCD_EP_Receive
                0x08003c28       0x3a CMakeFiles/MZ_CNN_Proj.elf.dir/Drivers/STM32F1xx_HAL_Driver/Src/stm32f1xx_hal_pcd.c.obj
                0x08003c28                HAL_PCD_EP_Receive
 .text.HAL_PCD_EP_Transmit
                0x08003c62       0x4c CMakeFiles/MZ_CNN_Proj.elf.dir/Drivers/STM32F1xx_HAL_Driver/Src/stm32f1xx_hal_pcd.c.obj
                0x08003c62                HAL_PCD_EP_Transmit
 .text.HAL_PCD_EP_SetStall
                0x08003cae       0x80 CMakeFiles/MZ_CNN_Proj.elf.dir/Drivers/STM32F1xx_HAL_Driver/Src/stm32f1xx_hal_pcd.c.obj
                0x08003cae                HAL_PCD_EP_SetStall
 .text.HAL_PCD_EP_ClrStall
                0x08003d2e       0x7e CMakeFiles/MZ_CNN_Proj.elf.dir/Drivers/STM32F1xx_HAL_Driver/Src/stm32f1xx_hal_pcd.c.obj
                0x08003d2e                HAL_PCD_EP_ClrStall
 .text.HAL_PCDEx_PMAConfig
                0x08003dac       0x38 CMakeFiles/MZ_CNN_Proj.elf.dir/Drivers/STM32F1xx_HAL_Driver/Src/stm32f1xx_hal_pcd_ex.c.obj
                0x08003dac                HAL_PCDEx_PMAConfig
 .text.RCC_Delay
                0x08003de4       0x2c CMakeFiles/MZ_CNN_Proj.elf.dir/Drivers/STM32F1xx_HAL_Driver/Src/stm32f1xx_hal_rcc.c.obj
 .text.HAL_RCC_OscConfig
                0x08003e10      0x410 CMakeFiles/MZ_CNN_Proj.elf.dir/Drivers/STM32F1xx_HAL_Driver/Src/stm32f1xx_hal_rcc.c.obj
                0x08003e10                HAL_RCC_OscConfig
 .text.HAL_RCC_GetSysClockFreq
                0x08004220       0x54 CMakeFiles/MZ_CNN_Proj.elf.dir/Drivers/STM32F1xx_HAL_Driver/Src/stm32f1xx_hal_rcc.c.obj
                0x08004220                HAL_RCC_GetSysClockFreq
 .text.HAL_RCC_ClockConfig
                0x08004274      0x16c CMakeFiles/MZ_CNN_Proj.elf.dir/Drivers/STM32F1xx_HAL_Driver/Src/stm32f1xx_hal_rcc.c.obj
                0x08004274                HAL_RCC_ClockConfig
 .text.HAL_RCC_GetHCLKFreq
                0x080043e0        0xc CMakeFiles/MZ_CNN_Proj.elf.dir/Drivers/STM32F1xx_HAL_Driver/Src/stm32f1xx_hal_rcc.c.obj
                0x080043e0                HAL_RCC_GetHCLKFreq
 .text.HAL_RCC_GetPCLK1Freq
                0x080043ec       0x20 CMakeFiles/MZ_CNN_Proj.elf.dir/Drivers/STM32F1xx_HAL_Driver/Src/stm32f1xx_hal_rcc.c.obj
                0x080043ec                HAL_RCC_GetPCLK1Freq
 .text.HAL_RCC_GetPCLK2Freq
                0x0800440c       0x20 CMakeFiles/MZ_CNN_Proj.elf.dir/Drivers/STM32F1xx_HAL_Driver/Src/stm32f1xx_hal_rcc.c.obj
                0x0800440c                HAL_RCC_GetPCLK2Freq
 .text.HAL_RCCEx_PeriphCLKConfig
                0x0800442c      0x118 CMakeFiles/MZ_CNN_Proj.elf.dir/Drivers/STM32F1xx_HAL_Driver/Src/stm32f1xx_hal_rcc_ex.c.obj
                0x0800442c                HAL_RCCEx_PeriphCLKConfig
 .text.HAL_SPI_Init
                0x08004544       0xc2 CMakeFiles/MZ_CNN_Proj.elf.dir/Drivers/STM32F1xx_HAL_Driver/Src/stm32f1xx_hal_spi.c.obj
                0x08004544                HAL_SPI_Init
 .text.HAL_SPI_ErrorCallback
                0x08004606        0x2 CMakeFiles/MZ_CNN_Proj.elf.dir/Drivers/STM32F1xx_HAL_Driver/Src/stm32f1xx_hal_spi.c.obj
                0x08004606                HAL_SPI_ErrorCallback
 .text.HAL_SPI_IRQHandler
                0x08004608      0x108 CMakeFiles/MZ_CNN_Proj.elf.dir/Drivers/STM32F1xx_HAL_Driver/Src/stm32f1xx_hal_spi.c.obj
                0x08004608                HAL_SPI_IRQHandler
 .text.SPI_DMAAbortOnError
                0x08004710       0x10 CMakeFiles/MZ_CNN_Proj.elf.dir/Drivers/STM32F1xx_HAL_Driver/Src/stm32f1xx_hal_spi.c.obj
 .text.UART_EndRxTransfer
                0x08004720       0x5c CMakeFiles/MZ_CNN_Proj.elf.dir/Drivers/STM32F1xx_HAL_Driver/Src/stm32f1xx_hal_uart.c.obj
 .text.UART_Transmit_IT
                0x0800477c       0x60 CMakeFiles/MZ_CNN_Proj.elf.dir/Drivers/STM32F1xx_HAL_Driver/Src/stm32f1xx_hal_uart.c.obj
 .text.UART_SetConfig
                0x080047dc       0x94 CMakeFiles/MZ_CNN_Proj.elf.dir/Drivers/STM32F1xx_HAL_Driver/Src/stm32f1xx_hal_uart.c.obj
 .text.UART_WaitOnFlagUntilTimeout
                0x08004870       0x8a CMakeFiles/MZ_CNN_Proj.elf.dir/Drivers/STM32F1xx_HAL_Driver/Src/stm32f1xx_hal_uart.c.obj
 .text.HAL_UART_Init
                0x080048fa       0x60 CMakeFiles/MZ_CNN_Proj.elf.dir/Drivers/STM32F1xx_HAL_Driver/Src/stm32f1xx_hal_uart.c.obj
                0x080048fa                HAL_UART_Init
 .text.HAL_UART_Transmit
                0x0800495a       0xcc CMakeFiles/MZ_CNN_Proj.elf.dir/Drivers/STM32F1xx_HAL_Driver/Src/stm32f1xx_hal_uart.c.obj
                0x0800495a                HAL_UART_Transmit
 .text.HAL_UART_TxCpltCallback
                0x08004a26        0x2 CMakeFiles/MZ_CNN_Proj.elf.dir/Drivers/STM32F1xx_HAL_Driver/Src/stm32f1xx_hal_uart.c.obj
                0x08004a26                HAL_UART_TxCpltCallback
 .text.UART_EndTransmit_IT
                0x08004a28       0x1a CMakeFiles/MZ_CNN_Proj.elf.dir/Drivers/STM32F1xx_HAL_Driver/Src/stm32f1xx_hal_uart.c.obj
 .text.HAL_UART_RxCpltCallback
                0x08004a42        0x2 CMakeFiles/MZ_CNN_Proj.elf.dir/Drivers/STM32F1xx_HAL_Driver/Src/stm32f1xx_hal_uart.c.obj
                0x08004a42                HAL_UART_RxCpltCallback
 .text.HAL_UART_ErrorCallback
                0x08004a44        0x2 CMakeFiles/MZ_CNN_Proj.elf.dir/Drivers/STM32F1xx_HAL_Driver/Src/stm32f1xx_hal_uart.c.obj
                0x08004a44                HAL_UART_ErrorCallback
 .text.UART_DMAAbortOnError
                0x08004a46       0x10 CMakeFiles/MZ_CNN_Proj.elf.dir/Drivers/STM32F1xx_HAL_Driver/Src/stm32f1xx_hal_uart.c.obj
 .text.HAL_UARTEx_RxEventCallback
                0x08004a56        0x2 CMakeFiles/MZ_CNN_Proj.elf.dir/Drivers/STM32F1xx_HAL_Driver/Src/stm32f1xx_hal_uart.c.obj
                0x08004a56                HAL_UARTEx_RxEventCallback
 .text.UART_Receive_IT
                0x08004a58       0xe6 CMakeFiles/MZ_CNN_Proj.elf.dir/Drivers/STM32F1xx_HAL_Driver/Src/stm32f1xx_hal_uart.c.obj
 *fill*         0x08004b3e        0x2 
 .text.HAL_UART_IRQHandler
                0x08004b40      0x288 CMakeFiles/MZ_CNN_Proj.elf.dir/Drivers/STM32F1xx_HAL_Driver/Src/stm32f1xx_hal_uart.c.obj
                0x08004b40                HAL_UART_IRQHandler
 .text.USB_CoreInit
                0x08004dc8        0xe CMakeFiles/MZ_CNN_Proj.elf.dir/Drivers/STM32F1xx_HAL_Driver/Src/stm32f1xx_ll_usb.c.obj
                0x08004dc8                USB_CoreInit
 .text.USB_EnableGlobalInt
                0x08004dd6       0x12 CMakeFiles/MZ_CNN_Proj.elf.dir/Drivers/STM32F1xx_HAL_Driver/Src/stm32f1xx_ll_usb.c.obj
                0x08004dd6                USB_EnableGlobalInt
 .text.USB_DisableGlobalInt
                0x08004de8       0x14 CMakeFiles/MZ_CNN_Proj.elf.dir/Drivers/STM32F1xx_HAL_Driver/Src/stm32f1xx_ll_usb.c.obj
                0x08004de8                USB_DisableGlobalInt
 .text.USB_SetCurrentMode
                0x08004dfc        0x4 CMakeFiles/MZ_CNN_Proj.elf.dir/Drivers/STM32F1xx_HAL_Driver/Src/stm32f1xx_ll_usb.c.obj
                0x08004dfc                USB_SetCurrentMode
 .text.USB_DevInit
                0x08004e00       0x22 CMakeFiles/MZ_CNN_Proj.elf.dir/Drivers/STM32F1xx_HAL_Driver/Src/stm32f1xx_ll_usb.c.obj
                0x08004e00                USB_DevInit
 .text.USB_ActivateEndpoint
                0x08004e22      0x3ca CMakeFiles/MZ_CNN_Proj.elf.dir/Drivers/STM32F1xx_HAL_Driver/Src/stm32f1xx_ll_usb.c.obj
                0x08004e22                USB_ActivateEndpoint
 .text.USB_DeactivateEndpoint
                0x080051ec      0x1d6 CMakeFiles/MZ_CNN_Proj.elf.dir/Drivers/STM32F1xx_HAL_Driver/Src/stm32f1xx_ll_usb.c.obj
                0x080051ec                USB_DeactivateEndpoint
 .text.USB_EPSetStall
                0x080053c2       0x4a CMakeFiles/MZ_CNN_Proj.elf.dir/Drivers/STM32F1xx_HAL_Driver/Src/stm32f1xx_ll_usb.c.obj
                0x080053c2                USB_EPSetStall
 .text.USB_EPClearStall
                0x0800540c       0xa2 CMakeFiles/MZ_CNN_Proj.elf.dir/Drivers/STM32F1xx_HAL_Driver/Src/stm32f1xx_ll_usb.c.obj
                0x0800540c                USB_EPClearStall
 .text.USB_SetDevAddress
                0x080054ae        0xc CMakeFiles/MZ_CNN_Proj.elf.dir/Drivers/STM32F1xx_HAL_Driver/Src/stm32f1xx_ll_usb.c.obj
                0x080054ae                USB_SetDevAddress
 .text.USB_DevConnect
                0x080054ba        0x4 CMakeFiles/MZ_CNN_Proj.elf.dir/Drivers/STM32F1xx_HAL_Driver/Src/stm32f1xx_ll_usb.c.obj
                0x080054ba                USB_DevConnect
 .text.USB_DevDisconnect
                0x080054be        0x4 CMakeFiles/MZ_CNN_Proj.elf.dir/Drivers/STM32F1xx_HAL_Driver/Src/stm32f1xx_ll_usb.c.obj
                0x080054be                USB_DevDisconnect
 .text.USB_ReadInterrupts
                0x080054c2        0x8 CMakeFiles/MZ_CNN_Proj.elf.dir/Drivers/STM32F1xx_HAL_Driver/Src/stm32f1xx_ll_usb.c.obj
                0x080054c2                USB_ReadInterrupts
 .text.USB_EP0_OutStart
                0x080054ca        0x4 CMakeFiles/MZ_CNN_Proj.elf.dir/Drivers/STM32F1xx_HAL_Driver/Src/stm32f1xx_ll_usb.c.obj
                0x080054ca                USB_EP0_OutStart
 .text.USB_WritePMA
                0x080054ce       0x28 CMakeFiles/MZ_CNN_Proj.elf.dir/Drivers/STM32F1xx_HAL_Driver/Src/stm32f1xx_ll_usb.c.obj
                0x080054ce                USB_WritePMA
 .text.USB_EPStartXfer
                0x080054f6      0x7ce CMakeFiles/MZ_CNN_Proj.elf.dir/Drivers/STM32F1xx_HAL_Driver/Src/stm32f1xx_ll_usb.c.obj
                0x080054f6                USB_EPStartXfer
 .text.USB_ReadPMA
                0x08005cc4       0x30 CMakeFiles/MZ_CNN_Proj.elf.dir/Drivers/STM32F1xx_HAL_Driver/Src/stm32f1xx_ll_usb.c.obj
                0x08005cc4                USB_ReadPMA
 .text.invSqrt  0x08005cf4       0x3c CMakeFiles/MZ_CNN_Proj.elf.dir/Middlewares/AHRS/MahonyAHRS.c.obj
                0x08005cf4                invSqrt
 .text.MahonyAHRSupdateIMU
                0x08005d30      0x418 CMakeFiles/MZ_CNN_Proj.elf.dir/Middlewares/AHRS/MahonyAHRS.c.obj
                0x08005d30                MahonyAHRSupdateIMU
 .text.get_accel_prod_shift
                0x08006148       0xc8 CMakeFiles/MZ_CNN_Proj.elf.dir/Middlewares/IMU_DMP/inv_mpu.c.obj
 .text.accel_self_test
                0x08006210       0xa8 CMakeFiles/MZ_CNN_Proj.elf.dir/Middlewares/IMU_DMP/inv_mpu.c.obj
 .text.gyro_self_test
                0x080062b8      0x108 CMakeFiles/MZ_CNN_Proj.elf.dir/Middlewares/IMU_DMP/inv_mpu.c.obj
 .text.set_int_enable
                0x080063c0       0x98 CMakeFiles/MZ_CNN_Proj.elf.dir/Middlewares/IMU_DMP/inv_mpu.c.obj
 .text.get_st_biases
                0x08006458      0x428 CMakeFiles/MZ_CNN_Proj.elf.dir/Middlewares/IMU_DMP/inv_mpu.c.obj
 .text.mpu_reset_fifo
                0x08006880      0x1f8 CMakeFiles/MZ_CNN_Proj.elf.dir/Middlewares/IMU_DMP/inv_mpu.c.obj
                0x08006880                mpu_reset_fifo
 .text.mpu_get_gyro_fsr
                0x08006a78       0x3c CMakeFiles/MZ_CNN_Proj.elf.dir/Middlewares/IMU_DMP/inv_mpu.c.obj
                0x08006a78                mpu_get_gyro_fsr
 .text.mpu_set_gyro_fsr
                0x08006ab4       0x98 CMakeFiles/MZ_CNN_Proj.elf.dir/Middlewares/IMU_DMP/inv_mpu.c.obj
                0x08006ab4                mpu_set_gyro_fsr
 .text.mpu_get_accel_fsr
                0x08006b4c       0x44 CMakeFiles/MZ_CNN_Proj.elf.dir/Middlewares/IMU_DMP/inv_mpu.c.obj
                0x08006b4c                mpu_get_accel_fsr
 .text.mpu_set_accel_fsr
                0x08006b90       0x94 CMakeFiles/MZ_CNN_Proj.elf.dir/Middlewares/IMU_DMP/inv_mpu.c.obj
                0x08006b90                mpu_set_accel_fsr
 .text.mpu_get_lpf
                0x08006c24       0x44 CMakeFiles/MZ_CNN_Proj.elf.dir/Middlewares/IMU_DMP/inv_mpu.c.obj
                0x08006c24                mpu_get_lpf
 .text.mpu_set_lpf
                0x08006c68       0x94 CMakeFiles/MZ_CNN_Proj.elf.dir/Middlewares/IMU_DMP/inv_mpu.c.obj
                0x08006c68                mpu_set_lpf
 .text.mpu_get_sample_rate
                0x08006cfc       0x1c CMakeFiles/MZ_CNN_Proj.elf.dir/Middlewares/IMU_DMP/inv_mpu.c.obj
                0x08006cfc                mpu_get_sample_rate
 .text.mpu_get_gyro_sens
                0x08006d18       0x4c CMakeFiles/MZ_CNN_Proj.elf.dir/Middlewares/IMU_DMP/inv_mpu.c.obj
                0x08006d18                mpu_get_gyro_sens
 .text.mpu_get_accel_sens
                0x08006d64       0x4c CMakeFiles/MZ_CNN_Proj.elf.dir/Middlewares/IMU_DMP/inv_mpu.c.obj
                0x08006d64                mpu_get_accel_sens
 .text.mpu_get_fifo_config
                0x08006db0       0x10 CMakeFiles/MZ_CNN_Proj.elf.dir/Middlewares/IMU_DMP/inv_mpu.c.obj
                0x08006db0                mpu_get_fifo_config
 .text.mpu_configure_fifo
                0x08006dc0       0x64 CMakeFiles/MZ_CNN_Proj.elf.dir/Middlewares/IMU_DMP/inv_mpu.c.obj
                0x08006dc0                mpu_configure_fifo
 .text.mpu_set_bypass
                0x08006e24      0x168 CMakeFiles/MZ_CNN_Proj.elf.dir/Middlewares/IMU_DMP/inv_mpu.c.obj
                0x08006e24                mpu_set_bypass
 .text.mpu_set_int_latched
                0x08006f8c       0x74 CMakeFiles/MZ_CNN_Proj.elf.dir/Middlewares/IMU_DMP/inv_mpu.c.obj
                0x08006f8c                mpu_set_int_latched
 .text.mpu_lp_accel_mode
                0x08007000       0xdc CMakeFiles/MZ_CNN_Proj.elf.dir/Middlewares/IMU_DMP/inv_mpu.c.obj
                0x08007000                mpu_lp_accel_mode
 .text.mpu_set_sample_rate
                0x080070dc       0xa0 CMakeFiles/MZ_CNN_Proj.elf.dir/Middlewares/IMU_DMP/inv_mpu.c.obj
                0x080070dc                mpu_set_sample_rate
 .text.mpu_set_sensors
                0x0800717c       0xe8 CMakeFiles/MZ_CNN_Proj.elf.dir/Middlewares/IMU_DMP/inv_mpu.c.obj
                0x0800717c                mpu_set_sensors
 .text.mpu_init
                0x08007264       0xf0 CMakeFiles/MZ_CNN_Proj.elf.dir/Middlewares/IMU_DMP/inv_mpu.c.obj
                0x08007264                mpu_init
 .text.mpu_write_mem
                0x08007354       0x74 CMakeFiles/MZ_CNN_Proj.elf.dir/Middlewares/IMU_DMP/inv_mpu.c.obj
                0x08007354                mpu_write_mem
 .text.mpu_read_mem
                0x080073c8       0x74 CMakeFiles/MZ_CNN_Proj.elf.dir/Middlewares/IMU_DMP/inv_mpu.c.obj
                0x080073c8                mpu_read_mem
 .text.mpu_load_firmware
                0x0800743c       0xb4 CMakeFiles/MZ_CNN_Proj.elf.dir/Middlewares/IMU_DMP/inv_mpu.c.obj
                0x0800743c                mpu_load_firmware
 .text.mpu_set_dmp_state
                0x080074f0       0x94 CMakeFiles/MZ_CNN_Proj.elf.dir/Middlewares/IMU_DMP/inv_mpu.c.obj
                0x080074f0                mpu_set_dmp_state
 .text.mpu_run_self_test
                0x08007584      0x108 CMakeFiles/MZ_CNN_Proj.elf.dir/Middlewares/IMU_DMP/inv_mpu.c.obj
                0x08007584                mpu_run_self_test
 .text.dmp_load_motion_driver_firmware
                0x0800768c       0x18 CMakeFiles/MZ_CNN_Proj.elf.dir/Middlewares/IMU_DMP/inv_mpu_dmp_motion_driver.c.obj
                0x0800768c                dmp_load_motion_driver_firmware
 .text.dmp_set_orientation
                0x080076a4      0x14c CMakeFiles/MZ_CNN_Proj.elf.dir/Middlewares/IMU_DMP/inv_mpu_dmp_motion_driver.c.obj
                0x080076a4                dmp_set_orientation
 .text.dmp_set_gyro_bias
                0x080077f0      0x110 CMakeFiles/MZ_CNN_Proj.elf.dir/Middlewares/IMU_DMP/inv_mpu_dmp_motion_driver.c.obj
                0x080077f0                dmp_set_gyro_bias
 .text.dmp_set_accel_bias
                0x08007900       0xf4 CMakeFiles/MZ_CNN_Proj.elf.dir/Middlewares/IMU_DMP/inv_mpu_dmp_motion_driver.c.obj
                0x08007900                dmp_set_accel_bias
 .text.dmp_set_fifo_rate
                0x080079f4       0x68 CMakeFiles/MZ_CNN_Proj.elf.dir/Middlewares/IMU_DMP/inv_mpu_dmp_motion_driver.c.obj
                0x080079f4                dmp_set_fifo_rate
 .text.dmp_set_tap_thresh
                0x08007a5c      0x1a0 CMakeFiles/MZ_CNN_Proj.elf.dir/Middlewares/IMU_DMP/inv_mpu_dmp_motion_driver.c.obj
                0x08007a5c                dmp_set_tap_thresh
 .text.dmp_set_tap_axes
                0x08007bfc       0x4e CMakeFiles/MZ_CNN_Proj.elf.dir/Middlewares/IMU_DMP/inv_mpu_dmp_motion_driver.c.obj
                0x08007bfc                dmp_set_tap_axes
 .text.dmp_set_tap_count
                0x08007c4a       0x2c CMakeFiles/MZ_CNN_Proj.elf.dir/Middlewares/IMU_DMP/inv_mpu_dmp_motion_driver.c.obj
                0x08007c4a                dmp_set_tap_count
 *fill*         0x08007c76        0x2 
 .text.dmp_set_tap_time
                0x08007c78       0x30 CMakeFiles/MZ_CNN_Proj.elf.dir/Middlewares/IMU_DMP/inv_mpu_dmp_motion_driver.c.obj
                0x08007c78                dmp_set_tap_time
 .text.dmp_set_tap_time_multi
                0x08007ca8       0x30 CMakeFiles/MZ_CNN_Proj.elf.dir/Middlewares/IMU_DMP/inv_mpu_dmp_motion_driver.c.obj
                0x08007ca8                dmp_set_tap_time_multi
 .text.dmp_set_shake_reject_thresh
                0x08007cd8       0x44 CMakeFiles/MZ_CNN_Proj.elf.dir/Middlewares/IMU_DMP/inv_mpu_dmp_motion_driver.c.obj
                0x08007cd8                dmp_set_shake_reject_thresh
 .text.dmp_set_shake_reject_time
                0x08007d1c       0x2c CMakeFiles/MZ_CNN_Proj.elf.dir/Middlewares/IMU_DMP/inv_mpu_dmp_motion_driver.c.obj
                0x08007d1c                dmp_set_shake_reject_time
 .text.dmp_set_shake_reject_timeout
                0x08007d48       0x2c CMakeFiles/MZ_CNN_Proj.elf.dir/Middlewares/IMU_DMP/inv_mpu_dmp_motion_driver.c.obj
                0x08007d48                dmp_set_shake_reject_timeout
 .text.dmp_enable_gyro_cal
                0x08007d74       0x44 CMakeFiles/MZ_CNN_Proj.elf.dir/Middlewares/IMU_DMP/inv_mpu_dmp_motion_driver.c.obj
                0x08007d74                dmp_enable_gyro_cal
 .text.dmp_enable_lp_quat
                0x08007db8       0x3c CMakeFiles/MZ_CNN_Proj.elf.dir/Middlewares/IMU_DMP/inv_mpu_dmp_motion_driver.c.obj
                0x08007db8                dmp_enable_lp_quat
 .text.dmp_enable_6x_lp_quat
                0x08007df4       0x3c CMakeFiles/MZ_CNN_Proj.elf.dir/Middlewares/IMU_DMP/inv_mpu_dmp_motion_driver.c.obj
                0x08007df4                dmp_enable_6x_lp_quat
 .text.dmp_enable_feature
                0x08007e30      0x218 CMakeFiles/MZ_CNN_Proj.elf.dir/Middlewares/IMU_DMP/inv_mpu_dmp_motion_driver.c.obj
                0x08007e30                dmp_enable_feature
 .text.lock     0x08008048       0x18 CMakeFiles/MZ_CNN_Proj.elf.dir/Middlewares/LOG/log.c.obj
 .text.unlock   0x08008060       0x18 CMakeFiles/MZ_CNN_Proj.elf.dir/Middlewares/LOG/log.c.obj
 .text.stdout_callback
                0x08008078       0x68 CMakeFiles/MZ_CNN_Proj.elf.dir/Middlewares/LOG/log.c.obj
 .text.init_event
                0x080080e0       0x26 CMakeFiles/MZ_CNN_Proj.elf.dir/Middlewares/LOG/log.c.obj
 *fill*         0x08008106        0x2 
 .text._gettimeofday
                0x08008108       0x2c CMakeFiles/MZ_CNN_Proj.elf.dir/Middlewares/LOG/log.c.obj
                0x08008108                _gettimeofday
 .text.log_set_level
                0x08008134        0xc CMakeFiles/MZ_CNN_Proj.elf.dir/Middlewares/LOG/log.c.obj
                0x08008134                log_set_level
 .text.log_set_quiet
                0x08008140        0xc CMakeFiles/MZ_CNN_Proj.elf.dir/Middlewares/LOG/log.c.obj
                0x08008140                log_set_quiet
 .text.log_log  0x0800814c       0xa8 CMakeFiles/MZ_CNN_Proj.elf.dir/Middlewares/LOG/log.c.obj
                0x0800814c                log_log
 .text.USBD_HID_GetFSCfgDesc
                0x080081f4        0xc CMakeFiles/MZ_CNN_Proj.elf.dir/Middlewares/ST/STM32_USB_Device_Library/Class/HID/Src/usbd_hid.c.obj
 .text.USBD_HID_GetHSCfgDesc
                0x08008200        0xc CMakeFiles/MZ_CNN_Proj.elf.dir/Middlewares/ST/STM32_USB_Device_Library/Class/HID/Src/usbd_hid.c.obj
 .text.USBD_HID_GetOtherSpeedCfgDesc
                0x0800820c        0xc CMakeFiles/MZ_CNN_Proj.elf.dir/Middlewares/ST/STM32_USB_Device_Library/Class/HID/Src/usbd_hid.c.obj
 .text.USBD_HID_DataIn
                0x08008218        0xa CMakeFiles/MZ_CNN_Proj.elf.dir/Middlewares/ST/STM32_USB_Device_Library/Class/HID/Src/usbd_hid.c.obj
 *fill*         0x08008222        0x2 
 .text.USBD_HID_GetDeviceQualifierDesc
                0x08008224        0xc CMakeFiles/MZ_CNN_Proj.elf.dir/Middlewares/ST/STM32_USB_Device_Library/Class/HID/Src/usbd_hid.c.obj
 .text.USBD_HID_Setup
                0x08008230      0x114 CMakeFiles/MZ_CNN_Proj.elf.dir/Middlewares/ST/STM32_USB_Device_Library/Class/HID/Src/usbd_hid.c.obj
 .text.USBD_HID_DeInit
                0x08008344       0x22 CMakeFiles/MZ_CNN_Proj.elf.dir/Middlewares/ST/STM32_USB_Device_Library/Class/HID/Src/usbd_hid.c.obj
 .text.USBD_HID_Init
                0x08008366       0x2a CMakeFiles/MZ_CNN_Proj.elf.dir/Middlewares/ST/STM32_USB_Device_Library/Class/HID/Src/usbd_hid.c.obj
 .text.USBD_Init
                0x08008390       0x2e CMakeFiles/MZ_CNN_Proj.elf.dir/Middlewares/ST/STM32_USB_Device_Library/Core/Src/usbd_core.c.obj
                0x08008390                USBD_Init
 .text.USBD_RegisterClass
                0x080083be        0xe CMakeFiles/MZ_CNN_Proj.elf.dir/Middlewares/ST/STM32_USB_Device_Library/Core/Src/usbd_core.c.obj
                0x080083be                USBD_RegisterClass
 .text.USBD_Start
                0x080083cc        0xa CMakeFiles/MZ_CNN_Proj.elf.dir/Middlewares/ST/STM32_USB_Device_Library/Core/Src/usbd_core.c.obj
                0x080083cc                USBD_Start
 .text.USBD_SetClassConfig
                0x080083d6       0x18 CMakeFiles/MZ_CNN_Proj.elf.dir/Middlewares/ST/STM32_USB_Device_Library/Core/Src/usbd_core.c.obj
                0x080083d6                USBD_SetClassConfig
 .text.USBD_ClrClassConfig
                0x080083ee        0xe CMakeFiles/MZ_CNN_Proj.elf.dir/Middlewares/ST/STM32_USB_Device_Library/Core/Src/usbd_core.c.obj
                0x080083ee                USBD_ClrClassConfig
 .text.USBD_LL_SetupStage
                0x080083fc       0x5a CMakeFiles/MZ_CNN_Proj.elf.dir/Middlewares/ST/STM32_USB_Device_Library/Core/Src/usbd_core.c.obj
                0x080083fc                USBD_LL_SetupStage
 .text.USBD_LL_DataOutStage
                0x08008456       0x8c CMakeFiles/MZ_CNN_Proj.elf.dir/Middlewares/ST/STM32_USB_Device_Library/Core/Src/usbd_core.c.obj
                0x08008456                USBD_LL_DataOutStage
 .text.USBD_LL_DataInStage
                0x080084e2       0xd0 CMakeFiles/MZ_CNN_Proj.elf.dir/Middlewares/ST/STM32_USB_Device_Library/Core/Src/usbd_core.c.obj
                0x080084e2                USBD_LL_DataInStage
 .text.USBD_LL_Reset
                0x080085b2       0x50 CMakeFiles/MZ_CNN_Proj.elf.dir/Middlewares/ST/STM32_USB_Device_Library/Core/Src/usbd_core.c.obj
                0x080085b2                USBD_LL_Reset
 .text.USBD_LL_SetSpeed
                0x08008602        0x6 CMakeFiles/MZ_CNN_Proj.elf.dir/Middlewares/ST/STM32_USB_Device_Library/Core/Src/usbd_core.c.obj
                0x08008602                USBD_LL_SetSpeed
 .text.USBD_LL_Suspend
                0x08008608       0x12 CMakeFiles/MZ_CNN_Proj.elf.dir/Middlewares/ST/STM32_USB_Device_Library/Core/Src/usbd_core.c.obj
                0x08008608                USBD_LL_Suspend
 .text.USBD_LL_Resume
                0x0800861a       0x16 CMakeFiles/MZ_CNN_Proj.elf.dir/Middlewares/ST/STM32_USB_Device_Library/Core/Src/usbd_core.c.obj
                0x0800861a                USBD_LL_Resume
 .text.USBD_LL_SOF
                0x08008630       0x1c CMakeFiles/MZ_CNN_Proj.elf.dir/Middlewares/ST/STM32_USB_Device_Library/Core/Src/usbd_core.c.obj
                0x08008630                USBD_LL_SOF
 .text.USBD_GetLen
                0x0800864c       0x14 CMakeFiles/MZ_CNN_Proj.elf.dir/Middlewares/ST/STM32_USB_Device_Library/Core/Src/usbd_ctlreq.c.obj
 .text.USBD_SetFeature
                0x08008660       0x14 CMakeFiles/MZ_CNN_Proj.elf.dir/Middlewares/ST/STM32_USB_Device_Library/Core/Src/usbd_ctlreq.c.obj
 .text.USBD_ParseSetupRequest
                0x08008674       0x28 CMakeFiles/MZ_CNN_Proj.elf.dir/Middlewares/ST/STM32_USB_Device_Library/Core/Src/usbd_ctlreq.c.obj
                0x08008674                USBD_ParseSetupRequest
 .text.USBD_CtlError
                0x0800869c       0x14 CMakeFiles/MZ_CNN_Proj.elf.dir/Middlewares/ST/STM32_USB_Device_Library/Core/Src/usbd_ctlreq.c.obj
                0x0800869c                USBD_CtlError
 .text.USBD_GetDescriptor
                0x080086b0      0x186 CMakeFiles/MZ_CNN_Proj.elf.dir/Middlewares/ST/STM32_USB_Device_Library/Core/Src/usbd_ctlreq.c.obj
 .text.USBD_SetAddress
                0x08008836       0x4e CMakeFiles/MZ_CNN_Proj.elf.dir/Middlewares/ST/STM32_USB_Device_Library/Core/Src/usbd_ctlreq.c.obj
 .text.USBD_SetConfig
                0x08008884       0xb0 CMakeFiles/MZ_CNN_Proj.elf.dir/Middlewares/ST/STM32_USB_Device_Library/Core/Src/usbd_ctlreq.c.obj
 .text.USBD_GetConfig
                0x08008934       0x3e CMakeFiles/MZ_CNN_Proj.elf.dir/Middlewares/ST/STM32_USB_Device_Library/Core/Src/usbd_ctlreq.c.obj
 .text.USBD_GetStatus
                0x08008972       0x38 CMakeFiles/MZ_CNN_Proj.elf.dir/Middlewares/ST/STM32_USB_Device_Library/Core/Src/usbd_ctlreq.c.obj
 .text.USBD_ClrFeature
                0x080089aa       0x26 CMakeFiles/MZ_CNN_Proj.elf.dir/Middlewares/ST/STM32_USB_Device_Library/Core/Src/usbd_ctlreq.c.obj
 .text.USBD_StdDevReq
                0x080089d0       0x68 CMakeFiles/MZ_CNN_Proj.elf.dir/Middlewares/ST/STM32_USB_Device_Library/Core/Src/usbd_ctlreq.c.obj
                0x080089d0                USBD_StdDevReq
 .text.USBD_StdItfReq
                0x08008a38       0x60 CMakeFiles/MZ_CNN_Proj.elf.dir/Middlewares/ST/STM32_USB_Device_Library/Core/Src/usbd_ctlreq.c.obj
                0x08008a38                USBD_StdItfReq
 .text.USBD_StdEPReq
                0x08008a98      0x1e2 CMakeFiles/MZ_CNN_Proj.elf.dir/Middlewares/ST/STM32_USB_Device_Library/Core/Src/usbd_ctlreq.c.obj
                0x08008a98                USBD_StdEPReq
 .text.USBD_GetString
                0x08008c7a       0x3a CMakeFiles/MZ_CNN_Proj.elf.dir/Middlewares/ST/STM32_USB_Device_Library/Core/Src/usbd_ctlreq.c.obj
                0x08008c7a                USBD_GetString
 .text.USBD_CtlSendData
                0x08008cb4       0x1a CMakeFiles/MZ_CNN_Proj.elf.dir/Middlewares/ST/STM32_USB_Device_Library/Core/Src/usbd_ioreq.c.obj
                0x08008cb4                USBD_CtlSendData
 .text.USBD_CtlContinueSendData
                0x08008cce       0x10 CMakeFiles/MZ_CNN_Proj.elf.dir/Middlewares/ST/STM32_USB_Device_Library/Core/Src/usbd_ioreq.c.obj
                0x08008cce                USBD_CtlContinueSendData
 .text.USBD_CtlContinueRx
                0x08008cde       0x10 CMakeFiles/MZ_CNN_Proj.elf.dir/Middlewares/ST/STM32_USB_Device_Library/Core/Src/usbd_ioreq.c.obj
                0x08008cde                USBD_CtlContinueRx
 .text.USBD_CtlSendStatus
                0x08008cee       0x16 CMakeFiles/MZ_CNN_Proj.elf.dir/Middlewares/ST/STM32_USB_Device_Library/Core/Src/usbd_ioreq.c.obj
                0x08008cee                USBD_CtlSendStatus
 .text.USBD_CtlReceiveStatus
                0x08008d04       0x16 CMakeFiles/MZ_CNN_Proj.elf.dir/Middlewares/ST/STM32_USB_Device_Library/Core/Src/usbd_ioreq.c.obj
                0x08008d04                USBD_CtlReceiveStatus
 .text.local_convolve_HWC_q7_nonsquare
                0x08008d1a      0x1e4 CMakeFiles/MZ_CNN_Proj.elf.dir/Nnom_Lib/src/backends/nnom_local.c.obj
                0x08008d1a                local_convolve_HWC_q7_nonsquare
 .text.local_fully_connected_q7_opt
                0x08008efe      0x25a CMakeFiles/MZ_CNN_Proj.elf.dir/Nnom_Lib/src/backends/nnom_local.c.obj
                0x08008efe                local_fully_connected_q7_opt
 .text.local_softmax_q7
                0x08009158       0xbc CMakeFiles/MZ_CNN_Proj.elf.dir/Nnom_Lib/src/backends/nnom_local.c.obj
                0x08009158                local_softmax_q7
 .text.local_leaky_relu_q7
                0x08009214       0x3c CMakeFiles/MZ_CNN_Proj.elf.dir/Nnom_Lib/src/backends/nnom_local.c.obj
                0x08009214                local_leaky_relu_q7
 .text.local_q7_to_q15
                0x08009250       0x6e CMakeFiles/MZ_CNN_Proj.elf.dir/Nnom_Lib/src/backends/nnom_local.c.obj
                0x08009250                local_q7_to_q15
 .text.local_q15_to_q7
                0x080092be       0x18 CMakeFiles/MZ_CNN_Proj.elf.dir/Nnom_Lib/src/backends/nnom_local.c.obj
                0x080092be                local_q15_to_q7
 .text.local_activation_q15
                0x080092d6       0x56 CMakeFiles/MZ_CNN_Proj.elf.dir/Nnom_Lib/src/backends/nnom_local_q15.c.obj
 .text.local_convolve_HWC_q15_nonsquare
                0x0800932c      0x238 CMakeFiles/MZ_CNN_Proj.elf.dir/Nnom_Lib/src/backends/nnom_local_q15.c.obj
                0x0800932c                local_convolve_HWC_q15_nonsquare
 .text.local_fully_connected_mat_q7_vec_q15_opt
                0x08009564      0x324 CMakeFiles/MZ_CNN_Proj.elf.dir/Nnom_Lib/src/backends/nnom_local_q15.c.obj
                0x08009564                local_fully_connected_mat_q7_vec_q15_opt
 .text.local_leaky_relu_q15
                0x08009888       0x3c CMakeFiles/MZ_CNN_Proj.elf.dir/Nnom_Lib/src/backends/nnom_local_q15.c.obj
                0x08009888                local_leaky_relu_q15
 .text.local_sigmoid_q15
                0x080098c4       0x10 CMakeFiles/MZ_CNN_Proj.elf.dir/Nnom_Lib/src/backends/nnom_local_q15.c.obj
                0x080098c4                local_sigmoid_q15
 .text.local_tanh_q15
                0x080098d4       0x10 CMakeFiles/MZ_CNN_Proj.elf.dir/Nnom_Lib/src/backends/nnom_local_q15.c.obj
                0x080098d4                local_tanh_q15
 .text.local_mult_q15
                0x080098e4       0x48 CMakeFiles/MZ_CNN_Proj.elf.dir/Nnom_Lib/src/backends/nnom_local_q15.c.obj
                0x080098e4                local_mult_q15
 .text.local_add_q15
                0x0800992c       0x4c CMakeFiles/MZ_CNN_Proj.elf.dir/Nnom_Lib/src/backends/nnom_local_q15.c.obj
                0x0800992c                local_add_q15
 .text.find_last
                0x08009978       0x14 CMakeFiles/MZ_CNN_Proj.elf.dir/Nnom_Lib/src/core/nnom.c.obj
 .text.model_active
                0x0800998c        0x6 CMakeFiles/MZ_CNN_Proj.elf.dir/Nnom_Lib/src/core/nnom.c.obj
 .text.release_block
                0x08009992       0x10 CMakeFiles/MZ_CNN_Proj.elf.dir/Nnom_Lib/src/core/nnom.c.obj
 .text.release_input_mem
                0x080099a2       0x14 CMakeFiles/MZ_CNN_Proj.elf.dir/Nnom_Lib/src/core/nnom.c.obj
 .text.release_comp_mem
                0x080099b6        0xe CMakeFiles/MZ_CNN_Proj.elf.dir/Nnom_Lib/src/core/nnom.c.obj
 .text.layer_shortcut_add
                0x080099c4       0x1c CMakeFiles/MZ_CNN_Proj.elf.dir/Nnom_Lib/src/core/nnom.c.obj
 .text.model_set_ops
                0x080099e0       0x1e CMakeFiles/MZ_CNN_Proj.elf.dir/Nnom_Lib/src/core/nnom.c.obj
 *fill*         0x080099fe        0x2 
 .text.model_add
                0x08009a00       0x34 CMakeFiles/MZ_CNN_Proj.elf.dir/Nnom_Lib/src/core/nnom.c.obj
 .text.allocate_block
                0x08009a34       0x34 CMakeFiles/MZ_CNN_Proj.elf.dir/Nnom_Lib/src/core/nnom.c.obj
 .text.io_mem_size
                0x08009a68       0x20 CMakeFiles/MZ_CNN_Proj.elf.dir/Nnom_Lib/src/core/nnom.c.obj
 .text.print_layer_info
                0x08009a88      0x1a4 CMakeFiles/MZ_CNN_Proj.elf.dir/Nnom_Lib/src/core/nnom.c.obj
 .text.print_memory_block_info
                0x08009c2c       0x58 CMakeFiles/MZ_CNN_Proj.elf.dir/Nnom_Lib/src/core/nnom.c.obj
 .text.nnom_set_static_buf
                0x08009c84       0x1c CMakeFiles/MZ_CNN_Proj.elf.dir/Nnom_Lib/src/core/nnom.c.obj
                0x08009c84                nnom_set_static_buf
 .text.nnom_free
                0x08009ca0        0x2 CMakeFiles/MZ_CNN_Proj.elf.dir/Nnom_Lib/src/core/nnom.c.obj
                0x08009ca0                nnom_free
 .text.nnom_alignto
                0x08009ca2       0x10 CMakeFiles/MZ_CNN_Proj.elf.dir/Nnom_Lib/src/core/nnom.c.obj
                0x08009ca2                nnom_alignto
 *fill*         0x08009cb2        0x2 
 .text.nnom_malloc
                0x08009cb4       0x4c CMakeFiles/MZ_CNN_Proj.elf.dir/Nnom_Lib/src/core/nnom.c.obj
                0x08009cb4                nnom_malloc
 .text.nnom_mem
                0x08009d00       0x2c CMakeFiles/MZ_CNN_Proj.elf.dir/Nnom_Lib/src/core/nnom.c.obj
                0x08009d00                nnom_mem
 .text.allocate_hook
                0x08009d2c       0x1e CMakeFiles/MZ_CNN_Proj.elf.dir/Nnom_Lib/src/core/nnom.c.obj
 .text.allocate_io
                0x08009d4a       0x28 CMakeFiles/MZ_CNN_Proj.elf.dir/Nnom_Lib/src/core/nnom.c.obj
 .text.model_hook
                0x08009d72       0x26 CMakeFiles/MZ_CNN_Proj.elf.dir/Nnom_Lib/src/core/nnom.c.obj
 .text.model_mergex
                0x08009d98       0x34 CMakeFiles/MZ_CNN_Proj.elf.dir/Nnom_Lib/src/core/nnom.c.obj
 .text.model_merge
                0x08009dcc        0xe CMakeFiles/MZ_CNN_Proj.elf.dir/Nnom_Lib/src/core/nnom.c.obj
 *fill*         0x08009dda        0x2 
 .text.new_model
                0x08009ddc       0x48 CMakeFiles/MZ_CNN_Proj.elf.dir/Nnom_Lib/src/core/nnom.c.obj
                0x08009ddc                new_model
 .text.nnom_hook_length
                0x08009e24       0x16 CMakeFiles/MZ_CNN_Proj.elf.dir/Nnom_Lib/src/core/nnom.c.obj
                0x08009e24                nnom_hook_length
 .text.compile_layers
                0x08009e3a      0x23a CMakeFiles/MZ_CNN_Proj.elf.dir/Nnom_Lib/src/core/nnom.c.obj
                0x08009e3a                compile_layers
 .text.mem_analysis_result
                0x0800a074       0x44 CMakeFiles/MZ_CNN_Proj.elf.dir/Nnom_Lib/src/core/nnom.c.obj
                0x0800a074                mem_analysis_result
 .text.block_mem_set
                0x0800a0b8       0x38 CMakeFiles/MZ_CNN_Proj.elf.dir/Nnom_Lib/src/core/nnom.c.obj
                0x0800a0b8                block_mem_set
 .text.tensor_mem_set
                0x0800a0f0       0x2e CMakeFiles/MZ_CNN_Proj.elf.dir/Nnom_Lib/src/core/nnom.c.obj
                0x0800a0f0                tensor_mem_set
 *fill*         0x0800a11e        0x2 
 .text.set_tailed_activation
                0x0800a120       0x40 CMakeFiles/MZ_CNN_Proj.elf.dir/Nnom_Lib/src/core/nnom.c.obj
                0x0800a120                set_tailed_activation
 .text.model_compile
                0x0800a160      0x120 CMakeFiles/MZ_CNN_Proj.elf.dir/Nnom_Lib/src/core/nnom.c.obj
                0x0800a160                model_compile
 .text.layer_run
                0x0800a280       0x2c CMakeFiles/MZ_CNN_Proj.elf.dir/Nnom_Lib/src/core/nnom.c.obj
                0x0800a280                layer_run
 .text.model_run_to
                0x0800a2ac       0xa0 CMakeFiles/MZ_CNN_Proj.elf.dir/Nnom_Lib/src/core/nnom.c.obj
                0x0800a2ac                model_run_to
 .text.model_run
                0x0800a34c        0xa CMakeFiles/MZ_CNN_Proj.elf.dir/Nnom_Lib/src/core/nnom.c.obj
                0x0800a34c                model_run
 *fill*         0x0800a356        0x2 
 .text.check_model_version
                0x0800a358       0x50 CMakeFiles/MZ_CNN_Proj.elf.dir/Nnom_Lib/src/core/nnom.c.obj
                0x0800a358                check_model_version
 .text.shape    0x0800a3a8        0x8 CMakeFiles/MZ_CNN_Proj.elf.dir/Nnom_Lib/src/core/nnom_layers.c.obj
                0x0800a3a8                shape
 .text.kernel   0x0800a3b0        0xe CMakeFiles/MZ_CNN_Proj.elf.dir/Nnom_Lib/src/core/nnom_layers.c.obj
                0x0800a3b0                kernel
 .text.stride   0x0800a3be        0xe CMakeFiles/MZ_CNN_Proj.elf.dir/Nnom_Lib/src/core/nnom_layers.c.obj
                0x0800a3be                stride
 .text.dilation
                0x0800a3cc        0xe CMakeFiles/MZ_CNN_Proj.elf.dir/Nnom_Lib/src/core/nnom_layers.c.obj
                0x0800a3cc                dilation
 .text.io_init  0x0800a3da        0x6 CMakeFiles/MZ_CNN_Proj.elf.dir/Nnom_Lib/src/core/nnom_layers.c.obj
                0x0800a3da                io_init
 .text.tensor_size
                0x0800a3e0       0x26 CMakeFiles/MZ_CNN_Proj.elf.dir/Nnom_Lib/src/core/nnom_tensor.c.obj
                0x0800a3e0                tensor_size
 .text.tensor_get_num_channel
                0x0800a406       0x10 CMakeFiles/MZ_CNN_Proj.elf.dir/Nnom_Lib/src/core/nnom_tensor.c.obj
                0x0800a406                tensor_get_num_channel
 *fill*         0x0800a416        0x2 
 .text.new_tensor
                0x0800a418       0x68 CMakeFiles/MZ_CNN_Proj.elf.dir/Nnom_Lib/src/core/nnom_tensor.c.obj
                0x0800a418                new_tensor
 .text.delete_tensor
                0x0800a480        0xc CMakeFiles/MZ_CNN_Proj.elf.dir/Nnom_Lib/src/core/nnom_tensor.c.obj
                0x0800a480                delete_tensor
 .text.tensor_set_attr_v
                0x0800a48c       0x28 CMakeFiles/MZ_CNN_Proj.elf.dir/Nnom_Lib/src/core/nnom_tensor.c.obj
                0x0800a48c                tensor_set_attr_v
 .text.tensor_set_attr
                0x0800a4b4       0x46 CMakeFiles/MZ_CNN_Proj.elf.dir/Nnom_Lib/src/core/nnom_tensor.c.obj
                0x0800a4b4                tensor_set_attr
 .text.tensor_cpy_attr
                0x0800a4fa       0x4e CMakeFiles/MZ_CNN_Proj.elf.dir/Nnom_Lib/src/core/nnom_tensor.c.obj
                0x0800a4fa                tensor_cpy_attr
 .text.leaky_relu_run
                0x0800a548       0x3a CMakeFiles/MZ_CNN_Proj.elf.dir/Nnom_Lib/src/layers/nnom_activation.c.obj
 *fill*         0x0800a582        0x2 
 .text.act_leaky_relu
                0x0800a584       0x30 CMakeFiles/MZ_CNN_Proj.elf.dir/Nnom_Lib/src/layers/nnom_activation.c.obj
                0x0800a584                act_leaky_relu
 .text.act_get_dec_bit
                0x0800a5b4        0xe CMakeFiles/MZ_CNN_Proj.elf.dir/Nnom_Lib/src/layers/nnom_activation.c.obj
                0x0800a5b4                act_get_dec_bit
 .text.default_build
                0x0800a5c2       0x48 CMakeFiles/MZ_CNN_Proj.elf.dir/Nnom_Lib/src/layers/nnom_baselayer.c.obj
                0x0800a5c2                default_build
 .text.conv2d_free
                0x0800a60a       0x1c CMakeFiles/MZ_CNN_Proj.elf.dir/Nnom_Lib/src/layers/nnom_conv2d.c.obj
                0x0800a60a                conv2d_free
 .text.conv2d_run
                0x0800a626      0x124 CMakeFiles/MZ_CNN_Proj.elf.dir/Nnom_Lib/src/layers/nnom_conv2d.c.obj
                0x0800a626                conv2d_run
 *fill*         0x0800a74a        0x2 
 .text.conv2d_s
                0x0800a74c      0x14c CMakeFiles/MZ_CNN_Proj.elf.dir/Nnom_Lib/src/layers/nnom_conv2d.c.obj
                0x0800a74c                conv2d_s
 .text.conv_output_length
                0x0800a898       0x28 CMakeFiles/MZ_CNN_Proj.elf.dir/Nnom_Lib/src/layers/nnom_conv2d.c.obj
                0x0800a898                conv_output_length
 .text.conv2d_build
                0x0800a8c0      0x10c CMakeFiles/MZ_CNN_Proj.elf.dir/Nnom_Lib/src/layers/nnom_conv2d.c.obj
                0x0800a8c0                conv2d_build
 .text.dense_build
                0x0800a9cc       0xda CMakeFiles/MZ_CNN_Proj.elf.dir/Nnom_Lib/src/layers/nnom_dense.c.obj
                0x0800a9cc                dense_build
 .text.dense_free
                0x0800aaa6       0x1c CMakeFiles/MZ_CNN_Proj.elf.dir/Nnom_Lib/src/layers/nnom_dense.c.obj
                0x0800aaa6                dense_free
 .text.dense_run
                0x0800aac2       0x60 CMakeFiles/MZ_CNN_Proj.elf.dir/Nnom_Lib/src/layers/nnom_dense.c.obj
                0x0800aac2                dense_run
 *fill*         0x0800ab22        0x2 
 .text.dense_s  0x0800ab24       0x74 CMakeFiles/MZ_CNN_Proj.elf.dir/Nnom_Lib/src/layers/nnom_dense.c.obj
                0x0800ab24                dense_s
 .text.flatten_run
                0x0800ab98        0x4 CMakeFiles/MZ_CNN_Proj.elf.dir/Nnom_Lib/src/layers/nnom_flatten.c.obj
                0x0800ab98                flatten_run
 .text.flatten_build
                0x0800ab9c       0x52 CMakeFiles/MZ_CNN_Proj.elf.dir/Nnom_Lib/src/layers/nnom_flatten.c.obj
                0x0800ab9c                flatten_build
 *fill*         0x0800abee        0x2 
 .text.Flatten  0x0800abf0       0x48 CMakeFiles/MZ_CNN_Proj.elf.dir/Nnom_Lib/src/layers/nnom_flatten.c.obj
                0x0800abf0                Flatten
 .text.flatten_s
                0x0800ac38        0xe CMakeFiles/MZ_CNN_Proj.elf.dir/Nnom_Lib/src/layers/nnom_flatten.c.obj
                0x0800ac38                flatten_s
 .text.input_build
                0x0800ac46       0x2c CMakeFiles/MZ_CNN_Proj.elf.dir/Nnom_Lib/src/layers/nnom_input.c.obj
                0x0800ac46                input_build
 .text.input_run
                0x0800ac72       0x1e CMakeFiles/MZ_CNN_Proj.elf.dir/Nnom_Lib/src/layers/nnom_input.c.obj
                0x0800ac72                input_run
 .text.input_s  0x0800ac90       0xf0 CMakeFiles/MZ_CNN_Proj.elf.dir/Nnom_Lib/src/layers/nnom_input.c.obj
                0x0800ac90                input_s
 .text.lstm_cell_free
                0x0800ad80        0x4 CMakeFiles/MZ_CNN_Proj.elf.dir/Nnom_Lib/src/layers/nnom_lstm_cell.c.obj
                0x0800ad80                lstm_cell_free
 .text.lstm_cell_q7_q15_build
                0x0800ad84       0x6e CMakeFiles/MZ_CNN_Proj.elf.dir/Nnom_Lib/src/layers/nnom_lstm_cell.c.obj
                0x0800ad84                lstm_cell_q7_q15_build
 .text.lstm_cell_q7_q15_run
                0x0800adf2      0x176 CMakeFiles/MZ_CNN_Proj.elf.dir/Nnom_Lib/src/layers/nnom_lstm_cell.c.obj
                0x0800adf2                lstm_cell_q7_q15_run
 .text.lstm_cell_s
                0x0800af68       0x4c CMakeFiles/MZ_CNN_Proj.elf.dir/Nnom_Lib/src/layers/nnom_lstm_cell.c.obj
                0x0800af68                lstm_cell_s
 .text.output_run
                0x0800afb4       0x20 CMakeFiles/MZ_CNN_Proj.elf.dir/Nnom_Lib/src/layers/nnom_output.c.obj
                0x0800afb4                output_run
 .text.output_s
                0x0800afd4       0x30 CMakeFiles/MZ_CNN_Proj.elf.dir/Nnom_Lib/src/layers/nnom_output.c.obj
                0x0800afd4                output_s
 .text.rnn_free
                0x0800b004       0x16 CMakeFiles/MZ_CNN_Proj.elf.dir/Nnom_Lib/src/layers/nnom_rnn.c.obj
                0x0800b004                rnn_free
 .text.rnn_build
                0x0800b01a       0xe0 CMakeFiles/MZ_CNN_Proj.elf.dir/Nnom_Lib/src/layers/nnom_rnn.c.obj
                0x0800b01a                rnn_build
 .text.rnn_run  0x0800b0fa       0xc8 CMakeFiles/MZ_CNN_Proj.elf.dir/Nnom_Lib/src/layers/nnom_rnn.c.obj
                0x0800b0fa                rnn_run
 *fill*         0x0800b1c2        0x2 
 .text.rnn_s    0x0800b1c4       0x78 CMakeFiles/MZ_CNN_Proj.elf.dir/Nnom_Lib/src/layers/nnom_rnn.c.obj
                0x0800b1c4                rnn_s
 .text.softmax_build
                0x0800b23c       0x3e CMakeFiles/MZ_CNN_Proj.elf.dir/Nnom_Lib/src/layers/nnom_softmax.c.obj
                0x0800b23c                softmax_build
 .text.softmax_run
                0x0800b27a       0x24 CMakeFiles/MZ_CNN_Proj.elf.dir/Nnom_Lib/src/layers/nnom_softmax.c.obj
                0x0800b27a                softmax_run
 *fill*         0x0800b29e        0x2 
 .text.Softmax  0x0800b2a0       0x48 CMakeFiles/MZ_CNN_Proj.elf.dir/Nnom_Lib/src/layers/nnom_softmax.c.obj
                0x0800b2a0                Softmax
 .text.softmax_s
                0x0800b2e8        0xe CMakeFiles/MZ_CNN_Proj.elf.dir/Nnom_Lib/src/layers/nnom_softmax.c.obj
                0x0800b2e8                softmax_s
 *fill*         0x0800b2f6        0x2 
 .text.MX_USB_DEVICE_Init
                0x0800b2f8       0x40 CMakeFiles/MZ_CNN_Proj.elf.dir/USB_DEVICE/App/usb_device.c.obj
                0x0800b2f8                MX_USB_DEVICE_Init
 .text.USBD_FS_DeviceDescriptor
                0x0800b338        0xc CMakeFiles/MZ_CNN_Proj.elf.dir/USB_DEVICE/App/usbd_desc.c.obj
                0x0800b338                USBD_FS_DeviceDescriptor
 .text.USBD_FS_LangIDStrDescriptor
                0x0800b344        0xc CMakeFiles/MZ_CNN_Proj.elf.dir/USB_DEVICE/App/usbd_desc.c.obj
                0x0800b344                USBD_FS_LangIDStrDescriptor
 .text.IntToUnicode
                0x0800b350       0x46 CMakeFiles/MZ_CNN_Proj.elf.dir/USB_DEVICE/App/usbd_desc.c.obj
 *fill*         0x0800b396        0x2 
 .text.Get_SerialNum
                0x0800b398       0x38 CMakeFiles/MZ_CNN_Proj.elf.dir/USB_DEVICE/App/usbd_desc.c.obj
 .text.USBD_FS_SerialStrDescriptor
                0x0800b3d0       0x14 CMakeFiles/MZ_CNN_Proj.elf.dir/USB_DEVICE/App/usbd_desc.c.obj
                0x0800b3d0                USBD_FS_SerialStrDescriptor
 .text.USBD_FS_ProductStrDescriptor
                0x0800b3e4       0x24 CMakeFiles/MZ_CNN_Proj.elf.dir/USB_DEVICE/App/usbd_desc.c.obj
                0x0800b3e4                USBD_FS_ProductStrDescriptor
 .text.USBD_FS_ManufacturerStrDescriptor
                0x0800b408       0x1c CMakeFiles/MZ_CNN_Proj.elf.dir/USB_DEVICE/App/usbd_desc.c.obj
                0x0800b408                USBD_FS_ManufacturerStrDescriptor
 .text.USBD_FS_ConfigStrDescriptor
                0x0800b424       0x24 CMakeFiles/MZ_CNN_Proj.elf.dir/USB_DEVICE/App/usbd_desc.c.obj
                0x0800b424                USBD_FS_ConfigStrDescriptor
 .text.USBD_FS_InterfaceStrDescriptor
                0x0800b448       0x24 CMakeFiles/MZ_CNN_Proj.elf.dir/USB_DEVICE/App/usbd_desc.c.obj
                0x0800b448                USBD_FS_InterfaceStrDescriptor
 .text.USBD_Get_USB_Status
                0x0800b46c       0x14 CMakeFiles/MZ_CNN_Proj.elf.dir/USB_DEVICE/Target/usbd_conf.c.obj
 .text.HAL_PCD_MspInit
                0x0800b480       0x40 CMakeFiles/MZ_CNN_Proj.elf.dir/USB_DEVICE/Target/usbd_conf.c.obj
                0x0800b480                HAL_PCD_MspInit
 .text.HAL_PCD_SetupStageCallback
                0x0800b4c0       0x10 CMakeFiles/MZ_CNN_Proj.elf.dir/USB_DEVICE/Target/usbd_conf.c.obj
                0x0800b4c0                HAL_PCD_SetupStageCallback
 .text.HAL_PCD_DataOutStageCallback
                0x0800b4d0       0x18 CMakeFiles/MZ_CNN_Proj.elf.dir/USB_DEVICE/Target/usbd_conf.c.obj
                0x0800b4d0                HAL_PCD_DataOutStageCallback
 .text.HAL_PCD_DataInStageCallback
                0x0800b4e8       0x16 CMakeFiles/MZ_CNN_Proj.elf.dir/USB_DEVICE/Target/usbd_conf.c.obj
                0x0800b4e8                HAL_PCD_DataInStageCallback
 .text.HAL_PCD_SOFCallback
                0x0800b4fe        0xc CMakeFiles/MZ_CNN_Proj.elf.dir/USB_DEVICE/Target/usbd_conf.c.obj
                0x0800b4fe                HAL_PCD_SOFCallback
 .text.HAL_PCD_ResetCallback
                0x0800b50a       0x24 CMakeFiles/MZ_CNN_Proj.elf.dir/USB_DEVICE/Target/usbd_conf.c.obj
                0x0800b50a                HAL_PCD_ResetCallback
 *fill*         0x0800b52e        0x2 
 .text.HAL_PCD_SuspendCallback
                0x0800b530       0x20 CMakeFiles/MZ_CNN_Proj.elf.dir/USB_DEVICE/Target/usbd_conf.c.obj
                0x0800b530                HAL_PCD_SuspendCallback
 .text.HAL_PCD_ResumeCallback
                0x0800b550        0xc CMakeFiles/MZ_CNN_Proj.elf.dir/USB_DEVICE/Target/usbd_conf.c.obj
                0x0800b550                HAL_PCD_ResumeCallback
 .text.USBD_LL_Init
                0x0800b55c       0x68 CMakeFiles/MZ_CNN_Proj.elf.dir/USB_DEVICE/Target/usbd_conf.c.obj
                0x0800b55c                USBD_LL_Init
 .text.USBD_LL_Start
                0x0800b5c4       0x10 CMakeFiles/MZ_CNN_Proj.elf.dir/USB_DEVICE/Target/usbd_conf.c.obj
                0x0800b5c4                USBD_LL_Start
 .text.USBD_LL_OpenEP
                0x0800b5d4       0x16 CMakeFiles/MZ_CNN_Proj.elf.dir/USB_DEVICE/Target/usbd_conf.c.obj
                0x0800b5d4                USBD_LL_OpenEP
 .text.USBD_LL_CloseEP
                0x0800b5ea       0x10 CMakeFiles/MZ_CNN_Proj.elf.dir/USB_DEVICE/Target/usbd_conf.c.obj
                0x0800b5ea                USBD_LL_CloseEP
 .text.USBD_LL_StallEP
                0x0800b5fa       0x10 CMakeFiles/MZ_CNN_Proj.elf.dir/USB_DEVICE/Target/usbd_conf.c.obj
                0x0800b5fa                USBD_LL_StallEP
 .text.USBD_LL_ClearStallEP
                0x0800b60a       0x10 CMakeFiles/MZ_CNN_Proj.elf.dir/USB_DEVICE/Target/usbd_conf.c.obj
                0x0800b60a                USBD_LL_ClearStallEP
 .text.USBD_LL_IsStallEP
                0x0800b61a       0x2c CMakeFiles/MZ_CNN_Proj.elf.dir/USB_DEVICE/Target/usbd_conf.c.obj
                0x0800b61a                USBD_LL_IsStallEP
 .text.USBD_LL_SetUSBAddress
                0x0800b646       0x10 CMakeFiles/MZ_CNN_Proj.elf.dir/USB_DEVICE/Target/usbd_conf.c.obj
                0x0800b646                USBD_LL_SetUSBAddress
 .text.USBD_LL_Transmit
                0x0800b656       0x10 CMakeFiles/MZ_CNN_Proj.elf.dir/USB_DEVICE/Target/usbd_conf.c.obj
                0x0800b656                USBD_LL_Transmit
 .text.USBD_LL_PrepareReceive
                0x0800b666       0x10 CMakeFiles/MZ_CNN_Proj.elf.dir/USB_DEVICE/Target/usbd_conf.c.obj
                0x0800b666                USBD_LL_PrepareReceive
 *fill*         0x0800b676        0x2 
 .text.USBD_static_malloc
                0x0800b678        0x8 CMakeFiles/MZ_CNN_Proj.elf.dir/USB_DEVICE/Target/usbd_conf.c.obj
                0x0800b678                USBD_static_malloc
 .text.USBD_static_free
                0x0800b680        0x2 CMakeFiles/MZ_CNN_Proj.elf.dir/USB_DEVICE/Target/usbd_conf.c.obj
                0x0800b680                USBD_static_free
 .text.HAL_PCDEx_SetConnectionState
                0x0800b682        0x2 CMakeFiles/MZ_CNN_Proj.elf.dir/USB_DEVICE/Target/usbd_conf.c.obj
                0x0800b682                HAL_PCDEx_SetConnectionState
 .text.__errno  0x0800b684        0xc d:/clion/gnu/bin/../lib/gcc/arm-none-eabi/10.3.1/../../../../arm-none-eabi/lib/thumb/v7-m/nofp\libg_nano.a(lib_a-errno.o)
                0x0800b684                __errno
 .text.__sflush_r
                0x0800b690      0x104 d:/clion/gnu/bin/../lib/gcc/arm-none-eabi/10.3.1/../../../../arm-none-eabi/lib/thumb/v7-m/nofp\libg_nano.a(lib_a-fflush.o)
                0x0800b690                __sflush_r
 .text._fflush_r
                0x0800b794       0x78 d:/clion/gnu/bin/../lib/gcc/arm-none-eabi/10.3.1/../../../../arm-none-eabi/lib/thumb/v7-m/nofp\libg_nano.a(lib_a-fflush.o)
                0x0800b794                _fflush_r
 .text.fflush   0x0800b80c       0x24 d:/clion/gnu/bin/../lib/gcc/arm-none-eabi/10.3.1/../../../../arm-none-eabi/lib/thumb/v7-m/nofp\libg_nano.a(lib_a-fflush.o)
                0x0800b80c                fflush
 .text.std      0x0800b830       0x48 d:/clion/gnu/bin/../lib/gcc/arm-none-eabi/10.3.1/../../../../arm-none-eabi/lib/thumb/v7-m/nofp\libg_nano.a(lib_a-findfp.o)
 .text._cleanup_r
                0x0800b878        0xc d:/clion/gnu/bin/../lib/gcc/arm-none-eabi/10.3.1/../../../../arm-none-eabi/lib/thumb/v7-m/nofp\libg_nano.a(lib_a-findfp.o)
                0x0800b878                _cleanup_r
 .text.__sfmoreglue
                0x0800b884       0x2c d:/clion/gnu/bin/../lib/gcc/arm-none-eabi/10.3.1/../../../../arm-none-eabi/lib/thumb/v7-m/nofp\libg_nano.a(lib_a-findfp.o)
                0x0800b884                __sfmoreglue
 .text.__sfp_lock_acquire
                0x0800b8b0        0xc d:/clion/gnu/bin/../lib/gcc/arm-none-eabi/10.3.1/../../../../arm-none-eabi/lib/thumb/v7-m/nofp\libg_nano.a(lib_a-findfp.o)
                0x0800b8b0                __sfp_lock_acquire
 .text.__sfp_lock_release
                0x0800b8bc        0xc d:/clion/gnu/bin/../lib/gcc/arm-none-eabi/10.3.1/../../../../arm-none-eabi/lib/thumb/v7-m/nofp\libg_nano.a(lib_a-findfp.o)
                0x0800b8bc                __sfp_lock_release
 .text.__sinit_lock_acquire
                0x0800b8c8        0xc d:/clion/gnu/bin/../lib/gcc/arm-none-eabi/10.3.1/../../../../arm-none-eabi/lib/thumb/v7-m/nofp\libg_nano.a(lib_a-findfp.o)
                0x0800b8c8                __sinit_lock_acquire
 .text.__sinit_lock_release
                0x0800b8d4        0xc d:/clion/gnu/bin/../lib/gcc/arm-none-eabi/10.3.1/../../../../arm-none-eabi/lib/thumb/v7-m/nofp\libg_nano.a(lib_a-findfp.o)
                0x0800b8d4                __sinit_lock_release
 .text.__sinit  0x0800b8e0       0x70 d:/clion/gnu/bin/../lib/gcc/arm-none-eabi/10.3.1/../../../../arm-none-eabi/lib/thumb/v7-m/nofp\libg_nano.a(lib_a-findfp.o)
                0x0800b8e0                __sinit
 .text.__sfp    0x0800b950       0x8c d:/clion/gnu/bin/../lib/gcc/arm-none-eabi/10.3.1/../../../../arm-none-eabi/lib/thumb/v7-m/nofp\libg_nano.a(lib_a-findfp.o)
                0x0800b950                __sfp
 .text.fprintf  0x0800b9dc       0x24 d:/clion/gnu/bin/../lib/gcc/arm-none-eabi/10.3.1/../../../../arm-none-eabi/lib/thumb/v7-m/nofp\libg_nano.a(lib_a-fprintf.o)
                0x0800b9dc                fiprintf
                0x0800b9dc                fprintf
 .text._fwalk_reent
                0x0800ba00       0x3e d:/clion/gnu/bin/../lib/gcc/arm-none-eabi/10.3.1/../../../../arm-none-eabi/lib/thumb/v7-m/nofp\libg_nano.a(lib_a-fwalk.o)
                0x0800ba00                _fwalk_reent
 *fill*         0x0800ba3e        0x2 
 .text.__libc_init_array
                0x0800ba40       0x48 d:/clion/gnu/bin/../lib/gcc/arm-none-eabi/10.3.1/../../../../arm-none-eabi/lib/thumb/v7-m/nofp\libg_nano.a(lib_a-init.o)
                0x0800ba40                __libc_init_array
 .text.localtime
                0x0800ba88       0x3c d:/clion/gnu/bin/../lib/gcc/arm-none-eabi/10.3.1/../../../../arm-none-eabi/lib/thumb/v7-m/nofp\libg_nano.a(lib_a-lcltime.o)
                0x0800ba88                localtime
 .text.localtime_r
                0x0800bac4      0x1e4 d:/clion/gnu/bin/../lib/gcc/arm-none-eabi/10.3.1/../../../../arm-none-eabi/lib/thumb/v7-m/nofp\libg_nano.a(lib_a-lcltime_r.o)
                0x0800bac4                localtime_r
 .text.__retarget_lock_init_recursive
                0x0800bca8        0x2 d:/clion/gnu/bin/../lib/gcc/arm-none-eabi/10.3.1/../../../../arm-none-eabi/lib/thumb/v7-m/nofp\libg_nano.a(lib_a-lock.o)
                0x0800bca8                __retarget_lock_init_recursive
 .text.__retarget_lock_acquire
                0x0800bcaa        0x2 d:/clion/gnu/bin/../lib/gcc/arm-none-eabi/10.3.1/../../../../arm-none-eabi/lib/thumb/v7-m/nofp\libg_nano.a(lib_a-lock.o)
                0x0800bcaa                __retarget_lock_acquire
 .text.__retarget_lock_acquire_recursive
                0x0800bcac        0x2 d:/clion/gnu/bin/../lib/gcc/arm-none-eabi/10.3.1/../../../../arm-none-eabi/lib/thumb/v7-m/nofp\libg_nano.a(lib_a-lock.o)
                0x0800bcac                __retarget_lock_acquire_recursive
 .text.__retarget_lock_release
                0x0800bcae        0x2 d:/clion/gnu/bin/../lib/gcc/arm-none-eabi/10.3.1/../../../../arm-none-eabi/lib/thumb/v7-m/nofp\libg_nano.a(lib_a-lock.o)
                0x0800bcae                __retarget_lock_release
 .text.__retarget_lock_release_recursive
                0x0800bcb0        0x2 d:/clion/gnu/bin/../lib/gcc/arm-none-eabi/10.3.1/../../../../arm-none-eabi/lib/thumb/v7-m/nofp\libg_nano.a(lib_a-lock.o)
                0x0800bcb0                __retarget_lock_release_recursive
 *fill*         0x0800bcb2        0x2 
 .text.malloc   0x0800bcb4       0x10 d:/clion/gnu/bin/../lib/gcc/arm-none-eabi/10.3.1/../../../../arm-none-eabi/lib/thumb/v7-m/nofp\libg_nano.a(lib_a-malloc.o)
                0x0800bcb4                malloc
 .text.free     0x0800bcc4       0x10 d:/clion/gnu/bin/../lib/gcc/arm-none-eabi/10.3.1/../../../../arm-none-eabi/lib/thumb/v7-m/nofp\libg_nano.a(lib_a-malloc.o)
                0x0800bcc4                free
 .text.memcmp   0x0800bcd4       0x20 d:/clion/gnu/bin/../lib/gcc/arm-none-eabi/10.3.1/../../../../arm-none-eabi/lib/thumb/v7-m/nofp\libg_nano.a(lib_a-memcmp.o)
                0x0800bcd4                memcmp
 .text.memcpy   0x0800bcf4       0x1c d:/clion/gnu/bin/../lib/gcc/arm-none-eabi/10.3.1/../../../../arm-none-eabi/lib/thumb/v7-m/nofp\libg_nano.a(lib_a-memcpy-stub.o)
                0x0800bcf4                memcpy
 .text.memset   0x0800bd10       0x10 d:/clion/gnu/bin/../lib/gcc/arm-none-eabi/10.3.1/../../../../arm-none-eabi/lib/thumb/v7-m/nofp\libg_nano.a(lib_a-memset.o)
                0x0800bd10                memset
 .text._free_r  0x0800bd20       0x90 d:/clion/gnu/bin/../lib/gcc/arm-none-eabi/10.3.1/../../../../arm-none-eabi/lib/thumb/v7-m/nofp\libg_nano.a(lib_a-nano-freer.o)
                0x0800bd20                _free_r
 .text.sbrk_aligned
                0x0800bdb0       0x40 d:/clion/gnu/bin/../lib/gcc/arm-none-eabi/10.3.1/../../../../arm-none-eabi/lib/thumb/v7-m/nofp\libg_nano.a(lib_a-nano-mallocr.o)
 .text._malloc_r
                0x0800bdf0       0xe8 d:/clion/gnu/bin/../lib/gcc/arm-none-eabi/10.3.1/../../../../arm-none-eabi/lib/thumb/v7-m/nofp\libg_nano.a(lib_a-nano-mallocr.o)
                0x0800bdf0                _malloc_r
 .text.__sfputc_r
                0x0800bed8       0x2a d:/clion/gnu/bin/../lib/gcc/arm-none-eabi/10.3.1/../../../../arm-none-eabi/lib/thumb/v7-m/nofp\libg_nano.a(lib_a-nano-vfprintf.o)
 .text.__sfputs_r
                0x0800bf02       0x24 d:/clion/gnu/bin/../lib/gcc/arm-none-eabi/10.3.1/../../../../arm-none-eabi/lib/thumb/v7-m/nofp\libg_nano.a(lib_a-nano-vfprintf.o)
                0x0800bf02                __sfputs_r
 *fill*         0x0800bf26        0x2 
 .text._vfprintf_r
                0x0800bf28      0x260 d:/clion/gnu/bin/../lib/gcc/arm-none-eabi/10.3.1/../../../../arm-none-eabi/lib/thumb/v7-m/nofp\libg_nano.a(lib_a-nano-vfprintf.o)
                0x0800bf28                _vfprintf_r
                0x0800bf28                _vfiprintf_r
 .text.vfprintf
                0x0800c188       0x14 d:/clion/gnu/bin/../lib/gcc/arm-none-eabi/10.3.1/../../../../arm-none-eabi/lib/thumb/v7-m/nofp\libg_nano.a(lib_a-nano-vfprintf.o)
                0x0800c188                vfprintf
                0x0800c188                vfiprintf
 .text.__cvt    0x0800c19c       0xbe d:/clion/gnu/bin/../lib/gcc/arm-none-eabi/10.3.1/../../../../arm-none-eabi/lib/thumb/v7-m/nofp\libg_nano.a(lib_a-nano-vfprintf_float.o)
                0x0800c19c                __cvt
 .text.__exponent
                0x0800c25a       0x7c d:/clion/gnu/bin/../lib/gcc/arm-none-eabi/10.3.1/../../../../arm-none-eabi/lib/thumb/v7-m/nofp\libg_nano.a(lib_a-nano-vfprintf_float.o)
                0x0800c25a                __exponent
 *fill*         0x0800c2d6        0x2 
 .text._printf_float
                0x0800c2d8      0x458 d:/clion/gnu/bin/../lib/gcc/arm-none-eabi/10.3.1/../../../../arm-none-eabi/lib/thumb/v7-m/nofp\libg_nano.a(lib_a-nano-vfprintf_float.o)
                0x0800c2d8                _printf_float
 .text._printf_common
                0x0800c730       0xde d:/clion/gnu/bin/../lib/gcc/arm-none-eabi/10.3.1/../../../../arm-none-eabi/lib/thumb/v7-m/nofp\libg_nano.a(lib_a-nano-vfprintf_i.o)
                0x0800c730                _printf_common
 *fill*         0x0800c80e        0x2 
 .text._printf_i
                0x0800c810      0x24c d:/clion/gnu/bin/../lib/gcc/arm-none-eabi/10.3.1/../../../../arm-none-eabi/lib/thumb/v7-m/nofp\libg_nano.a(lib_a-nano-vfprintf_i.o)
                0x0800c810                _printf_i
 .text.printf   0x0800ca5c       0x30 d:/clion/gnu/bin/../lib/gcc/arm-none-eabi/10.3.1/../../../../arm-none-eabi/lib/thumb/v7-m/nofp\libg_nano.a(lib_a-printf.o)
                0x0800ca5c                iprintf
                0x0800ca5c                printf
 .text._putc_r  0x0800ca8c       0x90 d:/clion/gnu/bin/../lib/gcc/arm-none-eabi/10.3.1/../../../../arm-none-eabi/lib/thumb/v7-m/nofp\libg_nano.a(lib_a-putc.o)
                0x0800ca8c                _putc_r
 .text.putchar  0x0800cb1c       0x28 d:/clion/gnu/bin/../lib/gcc/arm-none-eabi/10.3.1/../../../../arm-none-eabi/lib/thumb/v7-m/nofp\libg_nano.a(lib_a-putchar.o)
                0x0800cb1c                putchar
 .text._puts_r  0x0800cb44       0xdc d:/clion/gnu/bin/../lib/gcc/arm-none-eabi/10.3.1/../../../../arm-none-eabi/lib/thumb/v7-m/nofp\libg_nano.a(lib_a-puts.o)
                0x0800cb44                _puts_r