Archive member included to satisfy reference by file (symbol)

d:/clion/gnu/bin/../lib/gcc/arm-none-eabi/10.3.1/thumb/v7-m/nofp\libgcc.a(_arm_muldf3.o)
                              CMakeFiles/MZ_CNN_Proj.elf.dir/APP_TASK/CNN_Task/CNN_Task.c.obj (__aeabi_dmul)
d:/clion/gnu/bin/../lib/gcc/arm-none-eabi/10.3.1/thumb/v7-m/nofp\libgcc.a(_arm_mulsf3.o)
                              CMakeFiles/MZ_CNN_Proj.elf.dir/APP_TASK/IMU_Task/IMU_Task.c.obj (__aeabi_fmul)
d:/clion/gnu/bin/../lib/gcc/arm-none-eabi/10.3.1/thumb/v7-m/nofp\libgcc.a(_arm_addsubdf3.o)
                              CMakeFiles/MZ_CNN_Proj.elf.dir/APP_TASK/CNN_Task/CNN_Task.c.obj (__aeabi_i2d)
d:/clion/gnu/bin/../lib/gcc/arm-none-eabi/10.3.1/thumb/v7-m/nofp\libgcc.a(_arm_muldivdf3.o)
                              CMakeFiles/MZ_CNN_Proj.elf.dir/APP_TASK/CNN_Task/CNN_Task.c.obj (__aeabi_ddiv)
d:/clion/gnu/bin/../lib/gcc/arm-none-eabi/10.3.1/thumb/v7-m/nofp\libgcc.a(_arm_fixdfsi.o)
                              CMakeFiles/MZ_CNN_Proj.elf.dir/APP_TASK/CNN_Task/CNN_Task.c.obj (__aeabi_d2iz)
d:/clion/gnu/bin/../lib/gcc/arm-none-eabi/10.3.1/thumb/v7-m/nofp\libgcc.a(_arm_truncdfsf2.o)
                              CMakeFiles/MZ_CNN_Proj.elf.dir/APP_TASK/IMU_Task/IMU_Task.c.obj (__aeabi_d2f)
d:/clion/gnu/bin/../lib/gcc/arm-none-eabi/10.3.1/thumb/v7-m/nofp\libgcc.a(_arm_addsubsf3.o)
                              CMakeFiles/MZ_CNN_Proj.elf.dir/APP_TASK/IMU_Task/IMU_Task.c.obj (__aeabi_fsub)
d:/clion/gnu/bin/../lib/gcc/arm-none-eabi/10.3.1/thumb/v7-m/nofp\libgcc.a(_arm_muldivsf3.o)
                              CMakeFiles/MZ_CNN_Proj.elf.dir/CNN/nnom-master/src/core/nnom_utils.c.obj (__aeabi_fdiv)
d:/clion/gnu/bin/../lib/gcc/arm-none-eabi/10.3.1/thumb/v7-m/nofp\libgcc.a(_arm_cmpsf2.o)
                              CMakeFiles/MZ_CNN_Proj.elf.dir/CNN/nnom-master/src/layers/nnom_activation.c.obj (__aeabi_fcmpeq)
d:/clion/gnu/bin/../lib/gcc/arm-none-eabi/10.3.1/thumb/v7-m/nofp\libgcc.a(_arm_unordsf2.o)
                              CMakeFiles/MZ_CNN_Proj.elf.dir/CNN/nnom-master/src/layers/nnom_activation.c.obj (__aeabi_fcmpun)
d:/clion/gnu/bin/../lib/gcc/arm-none-eabi/10.3.1/thumb/v7-m/nofp\libgcc.a(_arm_fixsfsi.o)
                              CMakeFiles/MZ_CNN_Proj.elf.dir/BSP/BSP_IMU_Driver/MPU6050.c.obj (__aeabi_f2iz)
d:/clion/gnu/bin/../lib/gcc/arm-none-eabi/10.3.1/thumb/v7-m/nofp\libgcc.a(_arm_fixunssfsi.o)
                              CMakeFiles/MZ_CNN_Proj.elf.dir/Middlewares/IMU_DMP/inv_mpu_dmp_motion_driver.c.obj (__aeabi_f2uiz)
d:/clion/gnu/bin/../lib/gcc/arm-none-eabi/10.3.1/thumb/v7-m/nofp\libgcc.a(_aeabi_ldivmod.o)
                              CMakeFiles/MZ_CNN_Proj.elf.dir/CNN/nnom-master/src/backends/nnom_local_q15.c.obj (__aeabi_ldivmod)
d:/clion/gnu/bin/../lib/gcc/arm-none-eabi/10.3.1/thumb/v7-m/nofp\libgcc.a(_aeabi_uldivmod.o)
                              CMakeFiles/MZ_CNN_Proj.elf.dir/CNN/nnom-master/src/core/nnom_utils.c.obj (__aeabi_uldivmod)
d:/clion/gnu/bin/../lib/gcc/arm-none-eabi/10.3.1/thumb/v7-m/nofp\libgcc.a(_udivmoddi4.o)
                              d:/clion/gnu/bin/../lib/gcc/arm-none-eabi/10.3.1/thumb/v7-m/nofp\libgcc.a(_aeabi_ldivmod.o) (__udivmoddi4)
d:/clion/gnu/bin/../lib/gcc/arm-none-eabi/10.3.1/thumb/v7-m/nofp\libgcc.a(_dvmd_tls.o)
                              d:/clion/gnu/bin/../lib/gcc/arm-none-eabi/10.3.1/thumb/v7-m/nofp\libgcc.a(_aeabi_ldivmod.o) (__aeabi_ldiv0)
d:/clion/gnu/bin/../lib/gcc/arm-none-eabi/10.3.1/../../../../arm-none-eabi/lib/thumb/v7-m/nofp\libg_nano.a(lib_a-errno.o)
                              CMakeFiles/MZ_CNN_Proj.elf.dir/Core/Src/syscalls.c.obj (__errno)
d:/clion/gnu/bin/../lib/gcc/arm-none-eabi/10.3.1/../../../../arm-none-eabi/lib/thumb/v7-m/nofp\libg_nano.a(lib_a-exit.o)
                              d:/clion/gnu/bin/../lib/gcc/arm-none-eabi/10.3.1/../../../../arm-none-eabi/lib/thumb/v7-m/nofp/crt0.o (exit)
d:/clion/gnu/bin/../lib/gcc/arm-none-eabi/10.3.1/../../../../arm-none-eabi/lib/thumb/v7-m/nofp\libg_nano.a(lib_a-fflush.o)
                              CMakeFiles/MZ_CNN_Proj.elf.dir/Middlewares/LOG/log.c.obj (fflush)
d:/clion/gnu/bin/../lib/gcc/arm-none-eabi/10.3.1/../../../../arm-none-eabi/lib/thumb/v7-m/nofp\libg_nano.a(lib_a-findfp.o)
                              d:/clion/gnu/bin/../lib/gcc/arm-none-eabi/10.3.1/../../../../arm-none-eabi/lib/thumb/v7-m/nofp\libg_nano.a(lib_a-fflush.o) (__sinit)
d:/clion/gnu/bin/../lib/gcc/arm-none-eabi/10.3.1/../../../../arm-none-eabi/lib/thumb/v7-m/nofp\libg_nano.a(lib_a-fprintf.o)
                              CMakeFiles/MZ_CNN_Proj.elf.dir/Middlewares/LOG/log.c.obj (fprintf)
d:/clion/gnu/bin/../lib/gcc/arm-none-eabi/10.3.1/../../../../arm-none-eabi/lib/thumb/v7-m/nofp\libg_nano.a(lib_a-fputc.o)
                              CMakeFiles/MZ_CNN_Proj.elf.dir/Middlewares/LOG/log.c.obj (fputc)
d:/clion/gnu/bin/../lib/gcc/arm-none-eabi/10.3.1/../../../../arm-none-eabi/lib/thumb/v7-m/nofp\libg_nano.a(lib_a-fwalk.o)
[...]
Memory Configuration

Name             Origin             Length             Attributes
RAM              0x20000000         0x00005000         xrw
FLASH            0x08000000         0x00020000         xr
*default*        0x00000000         0xffffffff

Linker script and memory map

LOAD d:/clion/gnu/bin/../lib/gcc/arm-none-eabi/10.3.1/thumb/v7-m/nofp/crti.o
LOAD d:/clion/gnu/bin/../lib/gcc/arm-none-eabi/10.3.1/thumb/v7-m/nofp/crtbegin.o
LOAD d:/clion/gnu/bin/../lib/gcc/arm-none-eabi/10.3.1/../../../../arm-none-eabi/lib/thumb/v7-m/nofp/crt0.o
LOAD CMakeFiles/MZ_CNN_Proj.elf.dir/APP_TASK/BUTTON_Task/BUTTON_Task.c.obj
LOAD CMakeFiles/MZ_CNN_Proj.elf.dir/APP_TASK/CNN_Task/CNN_Task.c.obj
LOAD CMakeFiles/MZ_CNN_Proj.elf.dir/APP_TASK/IMU_Task/IMU_Task.c.obj
LOAD CMakeFiles/MZ_CNN_Proj.elf.dir/APP_TASK/LED_Task/LED_Task.c.obj
LOAD CMakeFiles/MZ_CNN_Proj.elf.dir/APP_TASK/LOG_Task/LOG_Task.c.obj
LOAD CMakeFiles/MZ_CNN_Proj.elf.dir/BSP/BSP_BUTTON_Driver/BSP_BUTTON_Driver.c.obj
LOAD CMakeFiles/MZ_CNN_Proj.elf.dir/BSP/BSP_IMU_Driver/MPU6050.c.obj
LOAD CMakeFiles/MZ_CNN_Proj.elf.dir/BSP/BSP_LED_Driver/BSP_LED_Driver.c.obj
LOAD CMakeFiles/MZ_CNN_Proj.elf.dir/CNN/nnom-master/src/backends/nnom_local.c.obj
LOAD CMakeFiles/MZ_CNN_Proj.elf.dir/CNN/nnom-master/src/backends/nnom_local_q15.c.obj
LOAD CMakeFiles/MZ_CNN_Proj.elf.dir/CNN/nnom-master/src/core/nnom.c.obj
LOAD CMakeFiles/MZ_CNN_Proj.elf.dir/CNN/nnom-master/src/core/nnom_layers.c.obj
LOAD CMakeFiles/MZ_CNN_Proj.elf.dir/CNN/nnom-master/src/core/nnom_tensor.c.obj
LOAD CMakeFiles/MZ_CNN_Proj.elf.dir/CNN/nnom-master/src/core/nnom_utils.c.obj
LOAD CMakeFiles/MZ_CNN_Proj.elf.dir/CNN/nnom-master/src/layers/nnom_activation.c.obj
LOAD CMakeFiles/MZ_CNN_Proj.elf.dir/CNN/nnom-master/src/layers/nnom_avgpool.c.obj
LOAD CMakeFiles/MZ_CNN_Proj.elf.dir/CNN/nnom-master/src/layers/nnom_baselayer.c.obj
LOAD CMakeFiles/MZ_CNN_Proj.elf.dir/CNN/nnom-master/src/layers/nnom_concat.c.obj
LOAD CMakeFiles/MZ_CNN_Proj.elf.dir/CNN/nnom-master/src/layers/nnom_conv2d.c.obj
LOAD CMakeFiles/MZ_CNN_Proj.elf.dir/CNN/nnom-master/src/layers/nnom_conv2d_trans.c.obj
LOAD CMakeFiles/MZ_CNN_Proj.elf.dir/CNN/nnom-master/src/layers/nnom_cropping.c.obj
LOAD CMakeFiles/MZ_CNN_Proj.elf.dir/CNN/nnom-master/src/layers/nnom_dense.c.obj
LOAD CMakeFiles/MZ_CNN_Proj.elf.dir/CNN/nnom-master/src/layers/nnom_dw_conv2d.c.obj
LOAD CMakeFiles/MZ_CNN_Proj.elf.dir/CNN/nnom-master/src/layers/nnom_flatten.c.obj
LOAD CMakeFiles/MZ_CNN_Proj.elf.dir/CNN/nnom-master/src/layers/nnom_global_pool.c.obj
LOAD CMakeFiles/MZ_CNN_Proj.elf.dir/CNN/nnom-master/src/layers/nnom_gru_cell.c.obj
LOAD CMakeFiles/MZ_CNN_Proj.elf.dir/CNN/nnom-master/src/layers/nnom_input.c.obj
LOAD CMakeFiles/MZ_CNN_Proj.elf.dir/CNN/nnom-master/src/layers/nnom_lambda.c.obj
LOAD CMakeFiles/MZ_CNN_Proj.elf.dir/CNN/nnom-master/src/layers/nnom_lstm_cell.c.obj
LOAD CMakeFiles/MZ_CNN_Proj.elf.dir/CNN/nnom-master/src/layers/nnom_matrix.c.obj
LOAD CMakeFiles/MZ_CNN_Proj.elf.dir/CNN/nnom-master/src/layers/nnom_maxpool.c.obj
LOAD CMakeFiles/MZ_CNN_Proj.elf.dir/CNN/nnom-master/src/layers/nnom_output.c.obj
LOAD CMakeFiles/MZ_CNN_Proj.elf.dir/CNN/nnom-master/src/layers/nnom_reshape.c.obj
LOAD CMakeFiles/MZ_CNN_Proj.elf.dir/CNN/nnom-master/src/layers/nnom_rnn.c.obj
LOAD CMakeFiles/MZ_CNN_Proj.elf.dir/CNN/nnom-master/src/layers/nnom_simple_cell.c.obj
LOAD CMakeFiles/MZ_CNN_Proj.elf.dir/CNN/nnom-master/src/layers/nnom_softmax.c.obj
LOAD CMakeFiles/MZ_CNN_Proj.elf.dir/CNN/nnom-master/src/layers/nnom_sumpool.c.obj
LOAD CMakeFiles/MZ_CNN_Proj.elf.dir/CNN/nnom-master/src/layers/nnom_upsample.c.obj
LOAD CMakeFiles/MZ_CNN_Proj.elf.dir/CNN/nnom-master/src/layers/nnom_zero_padding.c.obj
LOAD CMakeFiles/MZ_CNN_Proj.elf.dir/Core/Src/IIC.c.obj
LOAD CMakeFiles/MZ_CNN_Proj.elf.dir/Core/Src/gpio.c.obj
LOAD CMakeFiles/MZ_CNN_Proj.elf.dir/Core/Src/main.c.obj
LOAD CMakeFiles/MZ_CNN_Proj.elf.dir/Core/Src/spi.c.obj
LOAD CMakeFiles/MZ_CNN_Proj.elf.dir/Core/Src/stm32f1xx_hal_msp.c.obj
LOAD CMakeFiles/MZ_CNN_Proj.elf.dir/Core/Src/stm32f1xx_it.c.obj
LOAD CMakeFiles/MZ_CNN_Proj.elf.dir/Core/Src/syscalls.c.obj
LOAD CMakeFiles/MZ_CNN_Proj.elf.dir/Core/Src/sysmem.c.obj
LOAD CMakeFiles/MZ_CNN_Proj.elf.dir/Core/Src/system_stm32f1xx.c.obj
LOAD CMakeFiles/MZ_CNN_Proj.elf.dir/Core/Src/usart.c.obj
LOAD CMakeFiles/MZ_CNN_Proj.elf.dir/Core/Startup/startup_stm32f103cbtx.s.obj
LOAD CMakeFiles/MZ_CNN_Proj.elf.dir/Drivers/STM32F1xx_HAL_Driver/Src/stm32f1xx_hal.c.obj
LOAD CMakeFiles/MZ_CNN_Proj.elf.dir/Drivers/STM32F1xx_HAL_Driver/Src/stm32f1xx_hal_cortex.c.obj
LOAD CMakeFiles/MZ_CNN_Proj.elf.dir/Drivers/STM32F1xx_HAL_Driver/Src/stm32f1xx_hal_dma.c.obj
LOAD CMakeFiles/MZ_CNN_Proj.elf.dir/Drivers/STM32F1xx_HAL_Driver/Src/stm32f1xx_hal_exti.c.obj
LOAD CMakeFiles/MZ_CNN_Proj.elf.dir/Drivers/STM32F1xx_HAL_Driver/Src/stm32f1xx_hal_flash.c.obj
LOAD CMakeFiles/MZ_CNN_Proj.elf.dir/Drivers/STM32F1xx_HAL_Driver/Src/stm32f1xx_hal_flash_ex.c.obj
LOAD CMakeFiles/MZ_CNN_Proj.elf.dir/Drivers/STM32F1xx_HAL_Driver/Src/stm32f1xx_hal_gpio.c.obj
LOAD CMakeFiles/MZ_CNN_Proj.elf.dir/Drivers/STM32F1xx_HAL_Driver/Src/stm32f1xx_hal_gpio_ex.c.obj
LOAD CMakeFiles/MZ_CNN_Proj.elf.dir/Drivers/STM32F1xx_HAL_Driver/Src/stm32f1xx_hal_pcd.c.obj
LOAD CMakeFiles/MZ_CNN_Proj.elf.dir/Drivers/STM32F1xx_HAL_Driver/Src/stm32f1xx_hal_pcd_ex.c.obj
LOAD CMakeFiles/MZ_CNN_Proj.elf.dir/Drivers/STM32F1xx_HAL_Driver/Src/stm32f1xx_hal_pwr.c.obj
LOAD CMakeFiles/MZ_CNN_Proj.elf.dir/Drivers/STM32F1xx_HAL_Driver/Src/stm32f1xx_hal_rcc.c.obj
LOAD CMakeFiles/MZ_CNN_Proj.elf.dir/Drivers/STM32F1xx_HAL_Driver/Src/stm32f1xx_hal_rcc_ex.c.obj
LOAD CMakeFiles/MZ_CNN_Proj.elf.dir/Drivers/STM32F1xx_HAL_Driver/Src/stm32f1xx_hal_spi.c.obj
LOAD CMakeFiles/MZ_CNN_Proj.elf.dir/Drivers/STM32F1xx_HAL_Driver/Src/stm32f1xx_hal_tim.c.obj
LOAD CMakeFiles/MZ_CNN_Proj.elf.dir/Drivers/STM32F1xx_HAL_Driver/Src/stm32f1xx_hal_tim_ex.c.obj
LOAD CMakeFiles/MZ_CNN_Proj.elf.dir/Drivers/STM32F1xx_HAL_Driver/Src/stm32f1xx_hal_uart.c.obj
LOAD CMakeFiles/MZ_CNN_Proj.elf.dir/Drivers/STM32F1xx_HAL_Driver/Src/stm32f1xx_ll_usb.c.obj
LOAD CMakeFiles/MZ_CNN_Proj.elf.dir/Middlewares/AHRS/MahonyAHRS.c.obj
LOAD CMakeFiles/MZ_CNN_Proj.elf.dir/Middlewares/IMU_DMP/inv_mpu.c.obj
LOAD CMakeFiles/MZ_CNN_Proj.elf.dir/Middlewares/IMU_DMP/inv_mpu_dmp_motion_driver.c.obj
LOAD CMakeFiles/MZ_CNN_Proj.elf.dir/Middlewares/LOG/log.c.obj
LOAD CMakeFiles/MZ_CNN_Proj.elf.dir/Middlewares/ST/STM32_USB_Device_Library/Class/HID/Src/usbd_hid.c.obj
LOAD CMakeFiles/MZ_CNN_Proj.elf.dir/Middlewares/ST/STM32_USB_Device_Library/Core/Src/usbd_core.c.obj
LOAD CMakeFiles/MZ_CNN_Proj.elf.dir/Middlewares/ST/STM32_USB_Device_Library/Core/Src/usbd_ctlreq.c.obj
LOAD CMakeFiles/MZ_CNN_Proj.elf.dir/Middlewares/ST/STM32_USB_Device_Library/Core/Src/usbd_ioreq.c.obj
LOAD CMakeFiles/MZ_CNN_Proj.elf.dir/Middlewares/VOFA/vofa.c.obj
LOAD CMakeFiles/MZ_CNN_Proj.elf.dir/USB_DEVICE/App/usb_device.c.obj
LOAD CMakeFiles/MZ_CNN_Proj.elf.dir/USB_DEVICE/App/usbd_desc.c.obj
LOAD CMakeFiles/MZ_CNN_Proj.elf.dir/USB_DEVICE/Target/usbd_conf.c.obj
START GROUP
LOAD d:/clion/gnu/bin/../lib/gcc/arm-none-eabi/10.3.1/thumb/v7-m/nofp\libgcc.a
LOAD d:/clion/gnu/bin/../lib/gcc/arm-none-eabi/10.3.1/../../../../arm-none-eabi/lib/thumb/v7-m/nofp\libg_nano.a
LOAD d:/clion/gnu/bin/../lib/gcc/arm-none-eabi/10.3.1/../../../../arm-none-eabi/lib/thumb/v7-m/nofp\libc_nano.a
END GROUP
START GROUP
LOAD d:/clion/gnu/bin/../lib/gcc/arm-none-eabi/10.3.1/thumb/v7-m/nofp\libgcc.a
LOAD d:/clion/gnu/bin/../lib/gcc/arm-none-eabi/10.3.1/../../../../arm-none-eabi/lib/thumb/v7-m/nofp\libc_nano.a
END GROUP
LOAD d:/clion/gnu/bin/../lib/gcc/arm-none-eabi/10.3.1/thumb/v7-m/nofp/crtend.o
LOAD d:/clion/gnu/bin/../lib/gcc/arm-none-eabi/10.3.1/thumb/v7-m/nofp/crtn.o
                0x20005000                _estack = (ORIGIN (RAM) + LENGTH (RAM))
                0x00000400                _Min_Heap_Size = 0x400
                0x00000200                _Min_Stack_Size = 0x200

.isr_vector     0x08000000      0x10c
                0x08000000                . = ALIGN (0x4)
 *(.isr_vector)
 .isr_vector    0x08000000      0x10c CMakeFiles/MZ_CNN_Proj.elf.dir/Core/Startup/startup_stm32f103cbtx.s.obj
                0x08000000                g_pfnVectors
                0x0800010c                . = ALIGN (0x4)

.text           0x08000110    0x106a8
                0x08000110                . = ALIGN (0x4)
 *(.text)
 .text          0x08000110       0x40 d:/clion/gnu/bin/../lib/gcc/arm-none-eabi/10.3.1/thumb/v7-m/nofp/crtbegin.o
 .text          0x08000150      0x378 d:/clion/gnu/bin/../lib/gcc/arm-none-eabi/10.3.1/thumb/v7-m/nofp\libgcc.a(_arm_addsubdf3.o)
                0x08000150                __aeabi_drsub
                0x08000158                __aeabi_dsub
                0x08000158                __subdf3
                0x0800015c                __aeabi_dadd
                0x0800015c                __adddf3
                0x080003d4                __floatunsidf
                0x080003d4                __aeabi_ui2d
                0x080003f4                __floatsidf
                0x080003f4                __aeabi_i2d
                0x08000418                __aeabi_f2d
                0x08000418                __extendsfdf2
                0x0800045c                __floatundidf
                0x0800045c                __aeabi_ul2d
                0x0800046c                __floatdidf
                0x0800046c                __aeabi_l2d
 .text          0x080004c8      0x424 d:/clion/gnu/bin/../lib/gcc/arm-none-eabi/10.3.1/thumb/v7-m/nofp\libgcc.a(_arm_muldivdf3.o)
                0x080004c8                __aeabi_dmul
                0x080004c8                __muldf3
                0x0800071c                __divdf3
                0x0800071c                __aeabi_ddiv
 .text          0x080008ec       0x50 d:/clion/gnu/bin/../lib/gcc/arm-none-eabi/10.3.1/thumb/v7-m/nofp\libgcc.a(_arm_fixdfsi.o)
                0x080008ec                __aeabi_d2iz
                0x080008ec                __fixdfsi
 .text          0x0800093c       0xa0 d:/clion/gnu/bin/../lib/gcc/arm-none-eabi/10.3.1/thumb/v7-m/nofp\libgcc.a(_arm_truncdfsf2.o)
                0x0800093c                __truncdfsf2
                0x0800093c                __aeabi_d2f
 .text          0x080009dc      0x21c d:/clion/gnu/bin/../lib/gcc/arm-none-eabi/10.3.1/thumb/v7-m/nofp\libgcc.a(_arm_addsubsf3.o)
                0x080009dc                __aeabi_frsub
                0x080009e4                __subsf3
                0x080009e4                __aeabi_fsub
                0x080009e8                __aeabi_fadd
                0x080009e8                __addsf3
                0x08000b48                __aeabi_ui2f
                0x08000b48                __floatunsisf
                0x08000b50                __aeabi_i2f
                0x08000b50                __floatsisf
                0x08000b6c                __aeabi_ul2f
                0x08000b6c                __floatundisf
                0x08000b7c                __aeabi_l2f
                0x08000b7c                __floatdisf
 .text          0x08000bf8      0x2a0 d:/clion/gnu/bin/../lib/gcc/arm-none-eabi/10.3.1/thumb/v7-m/nofp\libgcc.a(_arm_muldivsf3.o)
                0x08000bf8                __mulsf3
                0x08000bf8                __aeabi_fmul
                0x08000d60                __aeabi_fdiv
                0x08000d60                __divsf3
 .text          0x08000e98       0xec d:/clion/gnu/bin/../lib/gcc/arm-none-eabi/10.3.1/thumb/v7-m/nofp\libgcc.a(_arm_cmpsf2.o)
                0x08000e98                __gesf2
                0x08000e98                __gtsf2
                0x08000ea0                __lesf2
                0x08000ea0                __ltsf2
                0x08000ea8                __nesf2
                0x08000ea8                __eqsf2
                0x08000ea8                __cmpsf2
                0x08000f08                __aeabi_cfrcmple
                0x08000f10                __aeabi_cfcmpeq
                0x08000f10                __aeabi_cfcmple
                0x08000f20                __aeabi_fcmpeq
                0x08000f34                __aeabi_fcmplt
                0x08000f48                __aeabi_fcmple
                0x08000f5c                __aeabi_fcmpge
                0x08000f70                __aeabi_fcmpgt
 .text          0x08000f84       0x4c d:/clion/gnu/bin/../lib/gcc/arm-none-eabi/10.3.1/thumb/v7-m/nofp\libgcc.a(_arm_fixsfsi.o)
                0x08000f84                __aeabi_f2iz
                0x08000f84                __fixsfsi
 .text          0x08000fd0       0x40 d:/clion/gnu/bin/../lib/gcc/arm-none-eabi/10.3.1/thumb/v7-m/nofp\libgcc.a(_arm_fixunssfsi.o)
                0x08000fd0                __fixunssfsi
                0x08000fd0                __aeabi_f2uiz
 .text          0x08001010       0xa0 d:/clion/gnu/bin/../lib/gcc/arm-none-eabi/10.3.1/thumb/v7-m/nofp\libgcc.a(_aeabi_ldivmod.o)
                0x08001010                __aeabi_ldivmod
 .text          0x080010b0      0x2d4 d:/clion/gnu/bin/../lib/gcc/arm-none-eabi/10.3.1/thumb/v7-m/nofp\libgcc.a(_udivmoddi4.o)
                0x080010b0                __udivmoddi4
 .text          0x08001384        0x4 d:/clion/gnu/bin/../lib/gcc/arm-none-eabi/10.3.1/thumb/v7-m/nofp\libgcc.a(_dvmd_tls.o)
                0x08001384                __aeabi_idiv0
                0x08001384                __aeabi_ldiv0
 .text          0x08001388       0x10 d:/clion/gnu/bin/../lib/gcc/arm-none-eabi/10.3.1/../../../../arm-none-eabi/lib/thumb/v7-m/nofp\libg_nano.a(lib_a-strlen.o)
                0x08001388                strlen
 .text          0x08001398       0x14 d:/clion/gnu/bin/../lib/gcc/arm-none-eabi/10.3.1/../../../../arm-none-eabi/lib/thumb/v7-m/nofp\libg_nano.a(lib_a-strcmp.o)
                0x08001398                strcmp
 .text          0x080013ac      0x110 d:/clion/gnu/bin/../lib/gcc/arm-none-eabi/10.3.1/thumb/v7-m/nofp\libgcc.a(_arm_cmpdf2.o)
                0x080013ac                __gtdf2
                0x080013ac                __gedf2
                0x080013b4                __ltdf2
                0x080013b4                __ledf2
                0x080013bc                __nedf2
                0x080013bc                __eqdf2
                0x080013bc                __cmpdf2
                0x08001438                __aeabi_cdrcmple
                0x08001448                __aeabi_cdcmpeq
                0x08001448                __aeabi_cdcmple
                0x08001458                __aeabi_dcmpeq
                0x0800146c                __aeabi_dcmplt
                0x08001480                __aeabi_dcmple
                0x08001494                __aeabi_dcmpge
                0x080014a8                __aeabi_dcmpgt
 .text          0x080014bc       0x2c d:/clion/gnu/bin/../lib/gcc/arm-none-eabi/10.3.1/thumb/v7-m/nofp\libgcc.a(_arm_unorddf2.o)
                0x080014bc                __unorddf2
                0x080014bc                __aeabi_dcmpun
 *(.text*)
 .text.Button_Create
                0x080014e8       0x40 CMakeFiles/MZ_CNN_Proj.elf.dir/APP_TASK/BUTTON_Task/BUTTON_Task.c.obj
                0x080014e8                Button_Create
 .text.nnom_model_create
                0x08001528       0xdc CMakeFiles/MZ_CNN_Proj.elf.dir/APP_TASK/CNN_Task/CNN_Task.c.obj
 .text.model_feed_data
                0x08001604       0x88 CMakeFiles/MZ_CNN_Proj.elf.dir/APP_TASK/CNN_Task/CNN_Task.c.obj
                0x08001604                model_feed_data
 *fill*         0x0800168c        0x4 
 .text.model_get_output
                0x08001690      0x1a0 CMakeFiles/MZ_CNN_Proj.elf.dir/APP_TASK/CNN_Task/CNN_Task.c.obj
                0x08001690                model_get_output
 .text.CNN_Create
                0x08001830       0x20 CMakeFiles/MZ_CNN_Proj.elf.dir/APP_TASK/CNN_Task/CNN_Task.c.obj
                0x08001830                CNN_Create
 .text.IMU_Sample_Start
                0x08001850       0x18 CMakeFiles/MZ_CNN_Proj.elf.dir/APP_TASK/IMU_Task/IMU_Task.c.obj
                0x08001850                IMU_Sample_Start
 .text.IMU_Sample_Stop
                0x08001868       0x18 CMakeFiles/MZ_CNN_Proj.elf.dir/APP_TASK/IMU_Task/IMU_Task.c.obj
                0x08001868                IMU_Sample_Stop
 .text.IMU_Init
                0x08001880        0x8 CMakeFiles/MZ_CNN_Proj.elf.dir/APP_TASK/IMU_Task/IMU_Task.c.obj
                0x08001880                IMU_Init
 .text.Quaternion_To_Euler
                0x08001888      0x20c CMakeFiles/MZ_CNN_Proj.elf.dir/APP_TASK/IMU_Task/IMU_Task.c.obj
                0x08001888                Quaternion_To_Euler
 .text.IMU_Get_Angle
                0x08001a94       0xf8 CMakeFiles/MZ_CNN_Proj.elf.dir/APP_TASK/IMU_Task/IMU_Task.c.obj
                0x08001a94                IMU_Get_Angle
 *fill*         0x08001b8c        0x4 
 .text.IMU_Get_Data
                0x08001b90      0x1ac CMakeFiles/MZ_CNN_Proj.elf.dir/APP_TASK/IMU_Task/IMU_Task.c.obj
                0x08001b90                IMU_Get_Data
 .text.IMU_create
                0x08001d3c       0xb4 CMakeFiles/MZ_CNN_Proj.elf.dir/APP_TASK/IMU_Task/IMU_Task.c.obj
                0x08001d3c                IMU_create
 .text.HAL_GPIO_EXTI_Callback
                0x08001df0       0x60 CMakeFiles/MZ_CNN_Proj.elf.dir/APP_TASK/IMU_Task/IMU_Task.c.obj
                0x08001df0                HAL_GPIO_EXTI_Callback
 .text.LED_Init
                0x08001e50       0x18 CMakeFiles/MZ_CNN_Proj.elf.dir/APP_TASK/LED_Task/LED_Task.c.obj
                0x08001e50                LED_Init
 .text.LED_OFF  0x08001e68       0x14 CMakeFiles/MZ_CNN_Proj.elf.dir/APP_TASK/LED_Task/LED_Task.c.obj
 .text.LED_ON   0x08001e7c       0x14 CMakeFiles/MZ_CNN_Proj.elf.dir/APP_TASK/LED_Task/LED_Task.c.obj
 .text.Blink    0x08001e90       0xa0 CMakeFiles/MZ_CNN_Proj.elf.dir/APP_TASK/LED_Task/LED_Task.c.obj
 .text.LED_Create
                0x08001f30       0x74 CMakeFiles/MZ_CNN_Proj.elf.dir/APP_TASK/LED_Task/LED_Task.c.obj
                0x08001f30                LED_Create
 .text.MZprint  0x08001fa4       0x48 CMakeFiles/MZ_CNN_Proj.elf.dir/APP_TASK/LOG_Task/LOG_Task.c.obj
                0x08001fa4                MZprint
 .text.inv_row_2_scale
                0x08001fec       0x3a CMakeFiles/MZ_CNN_Proj.elf.dir/BSP/BSP_IMU_Driver/MPU6050.c.obj
 .text.inv_orientation_matrix_to_scalar
                0x08002026       0x24 CMakeFiles/MZ_CNN_Proj.elf.dir/BSP/BSP_IMU_Driver/MPU6050.c.obj
 *fill*         0x0800204a        0x2 
 .text.run_self_test
                0x0800204c       0x90 CMakeFiles/MZ_CNN_Proj.elf.dir/BSP/BSP_IMU_Driver/MPU6050.c.obj
 .text.MPU6050_Init
                0x080020dc      0x134 CMakeFiles/MZ_CNN_Proj.elf.dir/BSP/BSP_IMU_Driver/MPU6050.c.obj
                0x080020dc                MPU6050_Init
 .text.Bsp_Led_ON
                0x08002210       0x14 CMakeFiles/MZ_CNN_Proj.elf.dir/BSP/BSP_LED_Driver/BSP_LED_Driver.c.obj
                0x08002210                Bsp_Led_ON
 .text.Bsp_Led_OFF
                0x08002224       0x14 CMakeFiles/MZ_CNN_Proj.elf.dir/BSP/BSP_LED_Driver/BSP_LED_Driver.c.obj
                0x08002224                Bsp_Led_OFF
 .text.local_convolve_HWC_q7_nonsquare
                0x08002238      0x1e4 CMakeFiles/MZ_CNN_Proj.elf.dir/CNN/nnom-master/src/backends/nnom_local.c.obj
                0x08002238                local_convolve_HWC_q7_nonsquare
 .text.local_fully_connected_q7_opt
                0x0800241c      0x25a CMakeFiles/MZ_CNN_Proj.elf.dir/CNN/nnom-master/src/backends/nnom_local.c.obj
                0x0800241c                local_fully_connected_q7_opt
 .text.local_softmax_q7
                0x08002676       0xbc CMakeFiles/MZ_CNN_Proj.elf.dir/CNN/nnom-master/src/backends/nnom_local.c.obj
                0x08002676                local_softmax_q7
 .text.local_leaky_relu_q7
                0x08002732       0x3c CMakeFiles/MZ_CNN_Proj.elf.dir/CNN/nnom-master/src/backends/nnom_local.c.obj
                0x08002732                local_leaky_relu_q7
 *fill*         0x0800276e        0x2 
 .text.local_convolve_HWC_q15_nonsquare
                0x08002770      0x238 CMakeFiles/MZ_CNN_Proj.elf.dir/CNN/nnom-master/src/backends/nnom_local_q15.c.obj
                0x08002770                local_convolve_HWC_q15_nonsquare
 .text.local_leaky_relu_q15
                0x080029a8       0x3c CMakeFiles/MZ_CNN_Proj.elf.dir/CNN/nnom-master/src/backends/nnom_local_q15.c.obj
                0x080029a8                local_leaky_relu_q15
 .text.find_last
                0x080029e4       0x14 CMakeFiles/MZ_CNN_Proj.elf.dir/CNN/nnom-master/src/core/nnom.c.obj
 .text.model_active
                0x080029f8        0x6 CMakeFiles/MZ_CNN_Proj.elf.dir/CNN/nnom-master/src/core/nnom.c.obj
 .text.release_block
                0x080029fe       0x10 CMakeFiles/MZ_CNN_Proj.elf.dir/CNN/nnom-master/src/core/nnom.c.obj
 .text.release_input_mem
                0x08002a0e       0x14 CMakeFiles/MZ_CNN_Proj.elf.dir/CNN/nnom-master/src/core/nnom.c.obj
 .text.release_comp_mem
                0x08002a22        0xe CMakeFiles/MZ_CNN_Proj.elf.dir/CNN/nnom-master/src/core/nnom.c.obj
 .text.layer_shortcut_add
                0x08002a30       0x1c CMakeFiles/MZ_CNN_Proj.elf.dir/CNN/nnom-master/src/core/nnom.c.obj
 .text.model_set_ops
                0x08002a4c       0x1e CMakeFiles/MZ_CNN_Proj.elf.dir/CNN/nnom-master/src/core/nnom.c.obj
 *fill*         0x08002a6a        0x2 
 .text.model_add
                0x08002a6c       0x34 CMakeFiles/MZ_CNN_Proj.elf.dir/CNN/nnom-master/src/core/nnom.c.obj
 .text.allocate_block
                0x08002aa0       0x34 CMakeFiles/MZ_CNN_Proj.elf.dir/CNN/nnom-master/src/core/nnom.c.obj
 .text.io_mem_size
                0x08002ad4       0x20 CMakeFiles/MZ_CNN_Proj.elf.dir/CNN/nnom-master/src/core/nnom.c.obj
 .text.print_layer_info
                0x08002af4      0x1a4 CMakeFiles/MZ_CNN_Proj.elf.dir/CNN/nnom-master/src/core/nnom.c.obj
 .text.print_memory_block_info
                0x08002c98       0x54 CMakeFiles/MZ_CNN_Proj.elf.dir/CNN/nnom-master/src/core/nnom.c.obj
 .text.nnom_set_static_buf
                0x08002cec       0x1c CMakeFiles/MZ_CNN_Proj.elf.dir/CNN/nnom-master/src/core/nnom.c.obj
                0x08002cec                nnom_set_static_buf
 .text.nnom_free
                0x08002d08        0x2 CMakeFiles/MZ_CNN_Proj.elf.dir/CNN/nnom-master/src/core/nnom.c.obj
                0x08002d08                nnom_free
 .text.nnom_alignto
                0x08002d0a       0x10 CMakeFiles/MZ_CNN_Proj.elf.dir/CNN/nnom-master/src/core/nnom.c.obj
                0x08002d0a                nnom_alignto
 *fill*         0x08002d1a        0x2 
 .text.nnom_malloc
                0x08002d1c       0x4c CMakeFiles/MZ_CNN_Proj.elf.dir/CNN/nnom-master/src/core/nnom.c.obj
                0x08002d1c                nnom_malloc
 .text.nnom_mem
                0x08002d68       0x2c CMakeFiles/MZ_CNN_Proj.elf.dir/CNN/nnom-master/src/core/nnom.c.obj
                0x08002d68                nnom_mem
 .text.allocate_hook
                0x08002d94       0x1e CMakeFiles/MZ_CNN_Proj.elf.dir/CNN/nnom-master/src/core/nnom.c.obj
 .text.allocate_io
                0x08002db2       0x28 CMakeFiles/MZ_CNN_Proj.elf.dir/CNN/nnom-master/src/core/nnom.c.obj
 .text.model_hook
                0x08002dda       0x26 CMakeFiles/MZ_CNN_Proj.elf.dir/CNN/nnom-master/src/core/nnom.c.obj
 .text.model_mergex
                0x08002e00       0x34 CMakeFiles/MZ_CNN_Proj.elf.dir/CNN/nnom-master/src/core/nnom.c.obj
 .text.model_merge
                0x08002e34        0xe CMakeFiles/MZ_CNN_Proj.elf.dir/CNN/nnom-master/src/core/nnom.c.obj
 *fill*         0x08002e42        0x2 
 .text.new_model
                0x08002e44       0x48 CMakeFiles/MZ_CNN_Proj.elf.dir/CNN/nnom-master/src/core/nnom.c.obj
                0x08002e44                new_model
 .text.nnom_hook_length
                0x08002e8c       0x16 CMakeFiles/MZ_CNN_Proj.elf.dir/CNN/nnom-master/src/core/nnom.c.obj
                0x08002e8c                nnom_hook_length
 .text.compile_layers
                0x08002ea2      0x23a CMakeFiles/MZ_CNN_Proj.elf.dir/CNN/nnom-master/src/core/nnom.c.obj
                0x08002ea2                compile_layers
 .text.mem_analysis_result
                0x080030dc       0x44 CMakeFiles/MZ_CNN_Proj.elf.dir/CNN/nnom-master/src/core/nnom.c.obj
                0x080030dc                mem_analysis_result
 .text.block_mem_set
                0x08003120       0x38 CMakeFiles/MZ_CNN_Proj.elf.dir/CNN/nnom-master/src/core/nnom.c.obj
                0x08003120                block_mem_set
 .text.tensor_mem_set
                0x08003158       0x2e CMakeFiles/MZ_CNN_Proj.elf.dir/CNN/nnom-master/src/core/nnom.c.obj
                0x08003158                tensor_mem_set
 *fill*         0x08003186        0x2 
 .text.set_tailed_activation
                0x08003188       0x40 CMakeFiles/MZ_CNN_Proj.elf.dir/CNN/nnom-master/src/core/nnom.c.obj
                0x08003188                set_tailed_activation
 .text.model_compile
                0x080031c8      0x120 CMakeFiles/MZ_CNN_Proj.elf.dir/CNN/nnom-master/src/core/nnom.c.obj
                0x080031c8                model_compile
 .text.layer_run
                0x080032e8       0x2c CMakeFiles/MZ_CNN_Proj.elf.dir/CNN/nnom-master/src/core/nnom.c.obj
                0x080032e8                layer_run
 .text.model_run_to
                0x08003314       0xa0 CMakeFiles/MZ_CNN_Proj.elf.dir/CNN/nnom-master/src/core/nnom.c.obj
                0x08003314                model_run_to
 .text.model_run
                0x080033b4        0xa CMakeFiles/MZ_CNN_Proj.elf.dir/CNN/nnom-master/src/core/nnom.c.obj
                0x080033b4                model_run
 *fill*         0x080033be        0x2 
 .text.check_model_version
                0x080033c0       0x50 CMakeFiles/MZ_CNN_Proj.elf.dir/CNN/nnom-master/src/core/nnom.c.obj
                0x080033c0                check_model_version
 .text.shape    0x08003410        0x8 CMakeFiles/MZ_CNN_Proj.elf.dir/CNN/nnom-master/src/core/nnom_layers.c.obj
                0x08003410                shape
 .text.kernel   0x08003418        0xe CMakeFiles/MZ_CNN_Proj.elf.dir/CNN/nnom-master/src/core/nnom_layers.c.obj
                0x08003418                kernel
 .text.stride   0x08003426        0xe CMakeFiles/MZ_CNN_Proj.elf.dir/CNN/nnom-master/src/core/nnom_layers.c.obj
                0x08003426                stride
 .text.dilation
                0x08003434        0xe CMakeFiles/MZ_CNN_Proj.elf.dir/CNN/nnom-master/src/core/nnom_layers.c.obj
                0x08003434                dilation
 .text.io_init  0x08003442        0x6 CMakeFiles/MZ_CNN_Proj.elf.dir/CNN/nnom-master/src/core/nnom_layers.c.obj
                0x08003442                io_init
 .text.tensor_size
                0x08003448       0x26 CMakeFiles/MZ_CNN_Proj.elf.dir/CNN/nnom-master/src/core/nnom_tensor.c.obj
                0x08003448                tensor_size
 .text.tensor_get_num_channel
                0x0800346e       0x10 CMakeFiles/MZ_CNN_Proj.elf.dir/CNN/nnom-master/src/core/nnom_tensor.c.obj
                0x0800346e                tensor_get_num_channel
 *fill*         0x0800347e        0x2 
 .text.new_tensor
                0x08003480       0x68 CMakeFiles/MZ_CNN_Proj.elf.dir/CNN/nnom-master/src/core/nnom_tensor.c.obj
                0x08003480                new_tensor
 .text.delete_tensor
                0x080034e8        0xc CMakeFiles/MZ_CNN_Proj.elf.dir/CNN/nnom-master/src/core/nnom_tensor.c.obj
                0x080034e8                delete_tensor
 .text.tensor_set_attr_v
                0x080034f4       0x28 CMakeFiles/MZ_CNN_Proj.elf.dir/CNN/nnom-master/src/core/nnom_tensor.c.obj
                0x080034f4                tensor_set_attr_v
 .text.tensor_set_attr
                0x0800351c       0x46 CMakeFiles/MZ_CNN_Proj.elf.dir/CNN/nnom-master/src/core/nnom_tensor.c.obj
                0x0800351c                tensor_set_attr
 .text.tensor_cpy_attr
                0x08003562       0x4e CMakeFiles/MZ_CNN_Proj.elf.dir/CNN/nnom-master/src/core/nnom_tensor.c.obj
                0x08003562                tensor_cpy_attr
 .text.leaky_relu_run
                0x080035b0       0x3a CMakeFiles/MZ_CNN_Proj.elf.dir/CNN/nnom-master/src/layers/nnom_activation.c.obj
 *fill*         0x080035ea        0x2 
 .text.act_leaky_relu
                0x080035ec       0x30 CMakeFiles/MZ_CNN_Proj.elf.dir/CNN/nnom-master/src/layers/nnom_activation.c.obj
                0x080035ec                act_leaky_relu
 .text.act_get_dec_bit
                0x0800361c        0xe CMakeFiles/MZ_CNN_Proj.elf.dir/CNN/nnom-master/src/layers/nnom_activation.c.obj
                0x0800361c                act_get_dec_bit
 .text.default_build
                0x0800362a       0x48 CMakeFiles/MZ_CNN_Proj.elf.dir/CNN/nnom-master/src/layers/nnom_baselayer.c.obj
                0x0800362a                default_build
 .text.conv2d_free
                0x08003672       0x1c CMakeFiles/MZ_CNN_Proj.elf.dir/CNN/nnom-master/src/layers/nnom_conv2d.c.obj
                0x08003672                conv2d_free
 .text.conv2d_run
                0x0800368e      0x124 CMakeFiles/MZ_CNN_Proj.elf.dir/CNN/nnom-master/src/layers/nnom_conv2d.c.obj
                0x0800368e                conv2d_run
 *fill*         0x080037b2        0x2 
 .text.conv2d_s
                0x080037b4      0x14c CMakeFiles/MZ_CNN_Proj.elf.dir/CNN/nnom-master/src/layers/nnom_conv2d.c.obj
                0x080037b4                conv2d_s
 .text.conv_output_length
                0x08003900       0x28 CMakeFiles/MZ_CNN_Proj.elf.dir/CNN/nnom-master/src/layers/nnom_conv2d.c.obj
                0x08003900                conv_output_length
 .text.conv2d_build
                0x08003928      0x10c CMakeFiles/MZ_CNN_Proj.elf.dir/CNN/nnom-master/src/layers/nnom_conv2d.c.obj
                0x08003928                conv2d_build
 .text.dense_build
                0x08003a34       0xda CMakeFiles/MZ_CNN_Proj.elf.dir/CNN/nnom-master/src/layers/nnom_dense.c.obj
                0x08003a34                dense_build
 .text.dense_free
                0x08003b0e       0x1c CMakeFiles/MZ_CNN_Proj.elf.dir/CNN/nnom-master/src/layers/nnom_dense.c.obj
                0x08003b0e                dense_free
 .text.dense_run
                0x08003b2a       0x60 CMakeFiles/MZ_CNN_Proj.elf.dir/CNN/nnom-master/src/layers/nnom_dense.c.obj
                0x08003b2a                dense_run
 *fill*         0x08003b8a        0x2 
 .text.dense_s  0x08003b8c       0x74 CMakeFiles/MZ_CNN_Proj.elf.dir/CNN/nnom-master/src/layers/nnom_dense.c.obj
                0x08003b8c                dense_s
 .text.flatten_run
                0x08003c00        0x4 CMakeFiles/MZ_CNN_Proj.elf.dir/CNN/nnom-master/src/layers/nnom_flatten.c.obj
                0x08003c00                flatten_run
 .text.flatten_build
                0x08003c04       0x52 CMakeFiles/MZ_CNN_Proj.elf.dir/CNN/nnom-master/src/layers/nnom_flatten.c.obj
                0x08003c04                flatten_build
 *fill*         0x08003c56        0x2 
 .text.Flatten  0x08003c58       0x48 CMakeFiles/MZ_CNN_Proj.elf.dir/CNN/nnom-master/src/layers/nnom_flatten.c.obj
                0x08003c58                Flatten
 .text.flatten_s
                0x08003ca0        0xe CMakeFiles/MZ_CNN_Proj.elf.dir/CNN/nnom-master/src/layers/nnom_flatten.c.obj
                0x08003ca0                flatten_s
 .text.input_build
                0x08003cae       0x2c CMakeFiles/MZ_CNN_Proj.elf.dir/CNN/nnom-master/src/layers/nnom_input.c.obj
                0x08003cae                input_build
 .text.input_run
                0x08003cda       0x1e CMakeFiles/MZ_CNN_Proj.elf.dir/CNN/nnom-master/src/layers/nnom_input.c.obj
                0x08003cda                input_run
 .text.input_s  0x08003cf8       0xf0 CMakeFiles/MZ_CNN_Proj.elf.dir/CNN/nnom-master/src/layers/nnom_input.c.obj
                0x08003cf8                input_s
 .text.output_run
                0x08003de8       0x20 CMakeFiles/MZ_CNN_Proj.elf.dir/CNN/nnom-master/src/layers/nnom_output.c.obj
                0x08003de8                output_run
 .text.output_s
                0x08003e08       0x30 CMakeFiles/MZ_CNN_Proj.elf.dir/CNN/nnom-master/src/layers/nnom_output.c.obj
                0x08003e08                output_s
 .text.softmax_build
                0x08003e38       0x3e CMakeFiles/MZ_CNN_Proj.elf.dir/CNN/nnom-master/src/layers/nnom_softmax.c.obj
                0x08003e38                softmax_build
 .text.softmax_run
                0x08003e76       0x24 CMakeFiles/MZ_CNN_Proj.elf.dir/CNN/nnom-master/src/layers/nnom_softmax.c.obj
                0x08003e76                softmax_run
 *fill*         0x08003e9a        0x2 
 .text.Softmax  0x08003e9c       0x48 CMakeFiles/MZ_CNN_Proj.elf.dir/CNN/nnom-master/src/layers/nnom_softmax.c.obj
                0x08003e9c                Softmax
 .text.softmax_s
                0x08003ee4        0xe CMakeFiles/MZ_CNN_Proj.elf.dir/CNN/nnom-master/src/layers/nnom_softmax.c.obj
                0x08003ee4                softmax_s
 *fill*         0x08003ef2        0x2 
 .text.IIC1_R_SDA
                0x08003ef4       0x10 CMakeFiles/MZ_CNN_Proj.elf.dir/Core/Src/IIC.c.obj
 .text.Delay_us
                0x08003f04       0x1c CMakeFiles/MZ_CNN_Proj.elf.dir/Core/Src/IIC.c.obj
                0x08003f04                Delay_us
 .text.IIC1_W_SDA
                0x08003f20       0x18 CMakeFiles/MZ_CNN_Proj.elf.dir/Core/Src/IIC.c.obj
 .text.IIC1_W_SCL
                0x08003f38       0x18 CMakeFiles/MZ_CNN_Proj.elf.dir/Core/Src/IIC.c.obj
 .text.IIC1_Start
                0x08003f50       0x1c CMakeFiles/MZ_CNN_Proj.elf.dir/Core/Src/IIC.c.obj
 .text.IIC1_Send_Byte
                0x08003f6c       0x26 CMakeFiles/MZ_CNN_Proj.elf.dir/Core/Src/IIC.c.obj
 .text.IIC1_Receive_Ack
                0x08003f92       0x1e CMakeFiles/MZ_CNN_Proj.elf.dir/Core/Src/IIC.c.obj
 .text.IIC1_Stop
                0x08003fb0       0x16 CMakeFiles/MZ_CNN_Proj.elf.dir/Core/Src/IIC.c.obj
 .text.IIC1_Receive_Byte
                0x08003fc6       0x38 CMakeFiles/MZ_CNN_Proj.elf.dir/Core/Src/IIC.c.obj
 .text.IIC1_Send_Ack
                0x08003ffe       0x14 CMakeFiles/MZ_CNN_Proj.elf.dir/Core/Src/IIC.c.obj
 *fill*         0x08004012        0x2 
 .text.IIC1_Init
                0x08004014       0x20 CMakeFiles/MZ_CNN_Proj.elf.dir/Core/Src/IIC.c.obj
                0x08004014                IIC1_Init
 .text.IIC1_write
                0x08004034       0x42 CMakeFiles/MZ_CNN_Proj.elf.dir/Core/Src/IIC.c.obj
                0x08004034                IIC1_write
 .text.IIC1_read
                0x08004076       0x66 CMakeFiles/MZ_CNN_Proj.elf.dir/Core/Src/IIC.c.obj
                0x08004076                IIC1_read
 .text.MX_GPIO_Init
                0x080040dc       0xe8 CMakeFiles/MZ_CNN_Proj.elf.dir/Core/Src/gpio.c.obj
                0x080040dc                MX_GPIO_Init
 .text.Error_Handler
                0x080041c4        0x4 CMakeFiles/MZ_CNN_Proj.elf.dir/Core/Src/main.c.obj
                0x080041c4                Error_Handler
 .text.SystemClock_Config
                0x080041c8       0x82 CMakeFiles/MZ_CNN_Proj.elf.dir/Core/Src/main.c.obj
                0x080041c8                SystemClock_Config
 *fill*         0x0800424a        0x2 
 .text.main     0x0800424c       0xb0 CMakeFiles/MZ_CNN_Proj.elf.dir/Core/Src/main.c.obj
                0x0800424c                main
 .text.MX_SPI2_Init
                0x080042fc       0x44 CMakeFiles/MZ_CNN_Proj.elf.dir/Core/Src/spi.c.obj
                0x080042fc                MX_SPI2_Init
 .text.HAL_SPI_MspInit
                0x08004340       0x88 CMakeFiles/MZ_CNN_Proj.elf.dir/Core/Src/spi.c.obj
                0x08004340                HAL_SPI_MspInit
 .text.HAL_MspInit
                0x080043c8       0x44 CMakeFiles/MZ_CNN_Proj.elf.dir/Core/Src/stm32f1xx_hal_msp.c.obj
                0x080043c8                HAL_MspInit
 .text.NMI_Handler
                0x0800440c        0x2 CMakeFiles/MZ_CNN_Proj.elf.dir/Core/Src/stm32f1xx_it.c.obj
                0x0800440c                NMI_Handler
 .text.HardFault_Handler
                0x0800440e        0x2 CMakeFiles/MZ_CNN_Proj.elf.dir/Core/Src/stm32f1xx_it.c.obj
                0x0800440e                HardFault_Handler
 .text.MemManage_Handler
                0x08004410        0x2 CMakeFiles/MZ_CNN_Proj.elf.dir/Core/Src/stm32f1xx_it.c.obj
                0x08004410                MemManage_Handler
 .text.BusFault_Handler
                0x08004412        0x2 CMakeFiles/MZ_CNN_Proj.elf.dir/Core/Src/stm32f1xx_it.c.obj
                0x08004412                BusFault_Handler
 .text.UsageFault_Handler
                0x08004414        0x2 CMakeFiles/MZ_CNN_Proj.elf.dir/Core/Src/stm32f1xx_it.c.obj
                0x08004414                UsageFault_Handler
 .text.SVC_Handler
                0x08004416        0x2 CMakeFiles/MZ_CNN_Proj.elf.dir/Core/Src/stm32f1xx_it.c.obj
                0x08004416                SVC_Handler
 .text.DebugMon_Handler
                0x08004418        0x2 CMakeFiles/MZ_CNN_Proj.elf.dir/Core/Src/stm32f1xx_it.c.obj
                0x08004418                DebugMon_Handler
 .text.PendSV_Handler
                0x0800441a        0x2 CMakeFiles/MZ_CNN_Proj.elf.dir/Core/Src/stm32f1xx_it.c.obj
                0x0800441a                PendSV_Handler
 .text.SysTick_Handler
                0x0800441c        0x8 CMakeFiles/MZ_CNN_Proj.elf.dir/Core/Src/stm32f1xx_it.c.obj
                0x0800441c                SysTick_Handler
 .text.EXTI0_IRQHandler
                0x08004424        0xa CMakeFiles/MZ_CNN_Proj.elf.dir/Core/Src/stm32f1xx_it.c.obj
                0x08004424                EXTI0_IRQHandler
 *fill*         0x0800442e        0x2 
 .text.USB_LP_CAN1_RX0_IRQHandler
                0x08004430       0x10 CMakeFiles/MZ_CNN_Proj.elf.dir/Core/Src/stm32f1xx_it.c.obj
                0x08004430                USB_LP_CAN1_RX0_IRQHandler
 .text.EXTI9_5_IRQHandler
                0x08004440        0xa CMakeFiles/MZ_CNN_Proj.elf.dir/Core/Src/stm32f1xx_it.c.obj
                0x08004440                EXTI9_5_IRQHandler
 *fill*         0x0800444a        0x2 
 .text.SPI2_IRQHandler
                0x0800444c       0x10 CMakeFiles/MZ_CNN_Proj.elf.dir/Core/Src/stm32f1xx_it.c.obj
                0x0800444c                SPI2_IRQHandler
 .text.USART1_IRQHandler
                0x0800445c       0x10 CMakeFiles/MZ_CNN_Proj.elf.dir/Core/Src/stm32f1xx_it.c.obj
                0x0800445c                USART1_IRQHandler
 .text._getpid  0x0800446c        0x4 CMakeFiles/MZ_CNN_Proj.elf.dir/Core/Src/syscalls.c.obj
                0x0800446c                _getpid
 .text._kill    0x08004470       0x10 CMakeFiles/MZ_CNN_Proj.elf.dir/Core/Src/syscalls.c.obj
                0x08004470                _kill
 .text._exit    0x08004480        0xc CMakeFiles/MZ_CNN_Proj.elf.dir/Core/Src/syscalls.c.obj
                0x08004480                _exit
 .text._read    0x0800448c       0x20 CMakeFiles/MZ_CNN_Proj.elf.dir/Core/Src/syscalls.c.obj
                0x0800448c                _read
 .text._write   0x080044ac       0x1c CMakeFiles/MZ_CNN_Proj.elf.dir/Core/Src/syscalls.c.obj
                0x080044ac                _write
 .text._close   0x080044c8        0x6 CMakeFiles/MZ_CNN_Proj.elf.dir/Core/Src/syscalls.c.obj
                0x080044c8                _close
 .text._fstat   0x080044ce        0xa CMakeFiles/MZ_CNN_Proj.elf.dir/Core/Src/syscalls.c.obj
                0x080044ce                _fstat
 .text._isatty  0x080044d8        0x4 CMakeFiles/MZ_CNN_Proj.elf.dir/Core/Src/syscalls.c.obj
                0x080044d8                _isatty
 .text._lseek   0x080044dc        0x4 CMakeFiles/MZ_CNN_Proj.elf.dir/Core/Src/syscalls.c.obj
                0x080044dc                _lseek
 .text._sbrk    0x080044e0       0x48 CMakeFiles/MZ_CNN_Proj.elf.dir/Core/Src/sysmem.c.obj
                0x080044e0                _sbrk
 .text.SystemInit
                0x08004528        0x2 CMakeFiles/MZ_CNN_Proj.elf.dir/Core/Src/system_stm32f1xx.c.obj
                0x08004528                SystemInit
 *fill*         0x0800452a        0x2 
 .text.MX_USART1_UART_Init
                0x0800452c       0x34 CMakeFiles/MZ_CNN_Proj.elf.dir/Core/Src/usart.c.obj
                0x0800452c                MX_USART1_UART_Init
 .text.HAL_UART_MspInit
                0x08004560       0x88 CMakeFiles/MZ_CNN_Proj.elf.dir/Core/Src/usart.c.obj
                0x08004560                HAL_UART_MspInit
 .text.__io_putchar
                0x080045e8       0x20 CMakeFiles/MZ_CNN_Proj.elf.dir/Core/Src/usart.c.obj
                0x080045e8                __io_putchar
 .text.Reset_Handler
                0x08004608       0x48 CMakeFiles/MZ_CNN_Proj.elf.dir/Core/Startup/startup_stm32f103cbtx.s.obj
                0x08004608                Reset_Handler
 .text.Default_Handler
                0x08004650        0x2 CMakeFiles/MZ_CNN_Proj.elf.dir/Core/Startup/startup_stm32f103cbtx.s.obj
                0x08004650                RTC_Alarm_IRQHandler
                0x08004650                EXTI2_IRQHandler
                0x08004650                TIM1_CC_IRQHandler
                0x08004650                PVD_IRQHandler
                0x08004650                EXTI3_IRQHandler
                0x08004650                I2C2_EV_IRQHandler
                0x08004650                ADC1_2_IRQHandler
                0x08004650                SPI1_IRQHandler
                0x08004650                TAMPER_IRQHandler
                0x08004650                DMA1_Channel4_IRQHandler
                0x08004650                USART3_IRQHandler
                0x08004650                RTC_IRQHandler
                0x08004650                DMA1_Channel7_IRQHandler
                0x08004650                CAN1_RX1_IRQHandler
                0x08004650                TIM4_IRQHandler
                0x08004650                I2C1_EV_IRQHandler
                0x08004650                DMA1_Channel6_IRQHandler
                0x08004650                TIM3_IRQHandler
                0x08004650                RCC_IRQHandler
                0x08004650                TIM1_TRG_COM_IRQHandler
                0x08004650                DMA1_Channel1_IRQHandler
                0x08004650                Default_Handler
                0x08004650                EXTI15_10_IRQHandler
                0x08004650                DMA1_Channel5_IRQHandler
                0x08004650                EXTI4_IRQHandler
                0x08004650                USB_HP_CAN1_TX_IRQHandler
                0x08004650                DMA1_Channel3_IRQHandler
                0x08004650                TIM1_UP_IRQHandler
                0x08004650                WWDG_IRQHandler
                0x08004650                TIM2_IRQHandler
                0x08004650                TIM1_BRK_IRQHandler
                0x08004650                EXTI1_IRQHandler
                0x08004650                USART2_IRQHandler
                0x08004650                I2C2_ER_IRQHandler
                0x08004650                DMA1_Channel2_IRQHandler
                0x08004650                CAN1_SCE_IRQHandler
                0x08004650                FLASH_IRQHandler
                0x08004650                I2C1_ER_IRQHandler
                0x08004650                USBWakeUp_IRQHandler
 *fill*         0x08004652        0x2 
 .text.HAL_InitTick
                0x08004654       0x4c CMakeFiles/MZ_CNN_Proj.elf.dir/Drivers/STM32F1xx_HAL_Driver/Src/stm32f1xx_hal.c.obj
                0x08004654                HAL_InitTick
 .text.HAL_Init
                0x080046a0       0x24 CMakeFiles/MZ_CNN_Proj.elf.dir/Drivers/STM32F1xx_HAL_Driver/Src/stm32f1xx_hal.c.obj
                0x080046a0                HAL_Init
 .text.HAL_IncTick
                0x080046c4       0x18 CMakeFiles/MZ_CNN_Proj.elf.dir/Drivers/STM32F1xx_HAL_Driver/Src/stm32f1xx_hal.c.obj
                0x080046c4                HAL_IncTick
 .text.HAL_GetTick
                0x080046dc        0xc CMakeFiles/MZ_CNN_Proj.elf.dir/Drivers/STM32F1xx_HAL_Driver/Src/stm32f1xx_hal.c.obj
                0x080046dc                HAL_GetTick
 .text.HAL_Delay
                0x080046e8       0x28 CMakeFiles/MZ_CNN_Proj.elf.dir/Drivers/STM32F1xx_HAL_Driver/Src/stm32f1xx_hal.c.obj
                0x080046e8                HAL_Delay
 .text.HAL_NVIC_SetPriorityGrouping
                0x08004710       0x24 CMakeFiles/MZ_CNN_Proj.elf.dir/Drivers/STM32F1xx_HAL_Driver/Src/stm32f1xx_hal_cortex.c.obj
                0x08004710                HAL_NVIC_SetPriorityGrouping
 .text.HAL_NVIC_SetPriority
                0x08004734       0x70 CMakeFiles/MZ_CNN_Proj.elf.dir/Drivers/STM32F1xx_HAL_Driver/Src/stm32f1xx_hal_cortex.c.obj
                0x08004734                HAL_NVIC_SetPriority
 .text.HAL_NVIC_EnableIRQ
                0x080047a4       0x1c CMakeFiles/MZ_CNN_Proj.elf.dir/Drivers/STM32F1xx_HAL_Driver/Src/stm32f1xx_hal_cortex.c.obj
                0x080047a4                HAL_NVIC_EnableIRQ
 .text.HAL_NVIC_DisableIRQ
                0x080047c0       0x24 CMakeFiles/MZ_CNN_Proj.elf.dir/Drivers/STM32F1xx_HAL_Driver/Src/stm32f1xx_hal_cortex.c.obj
                0x080047c0                HAL_NVIC_DisableIRQ
 .text.HAL_SYSTICK_Config
                0x080047e4       0x28 CMakeFiles/MZ_CNN_Proj.elf.dir/Drivers/STM32F1xx_HAL_Driver/Src/stm32f1xx_hal_cortex.c.obj
                0x080047e4                HAL_SYSTICK_Config
 .text.HAL_DMA_Abort
                0x0800480c       0x46 CMakeFiles/MZ_CNN_Proj.elf.dir/Drivers/STM32F1xx_HAL_Driver/Src/stm32f1xx_hal_dma.c.obj
                0x0800480c                HAL_DMA_Abort
 *fill*         0x08004852        0x2 
 .text.HAL_DMA_Abort_IT
                0x08004854       0x98 CMakeFiles/MZ_CNN_Proj.elf.dir/Drivers/STM32F1xx_HAL_Driver/Src/stm32f1xx_hal_dma.c.obj
                0x08004854                HAL_DMA_Abort_IT
 .text.HAL_GPIO_Init
                0x080048ec      0x224 CMakeFiles/MZ_CNN_Proj.elf.dir/Drivers/STM32F1xx_HAL_Driver/Src/stm32f1xx_hal_gpio.c.obj
                0x080048ec                HAL_GPIO_Init
 .text.HAL_GPIO_ReadPin
                0x08004b10        0xe CMakeFiles/MZ_CNN_Proj.elf.dir/Drivers/STM32F1xx_HAL_Driver/Src/stm32f1xx_hal_gpio.c.obj
                0x08004b10                HAL_GPIO_ReadPin
 .text.HAL_GPIO_WritePin
                0x08004b1e        0xc CMakeFiles/MZ_CNN_Proj.elf.dir/Drivers/STM32F1xx_HAL_Driver/Src/stm32f1xx_hal_gpio.c.obj
                0x08004b1e                HAL_GPIO_WritePin
 *fill*         0x08004b2a        0x2 
 .text.HAL_GPIO_EXTI_IRQHandler
                0x08004b2c       0x1c CMakeFiles/MZ_CNN_Proj.elf.dir/Drivers/STM32F1xx_HAL_Driver/Src/stm32f1xx_hal_gpio.c.obj
                0x08004b2c                HAL_GPIO_EXTI_IRQHandler
 .text.HAL_PCD_EP_DB_Receive
                0x08004b48      0x11c CMakeFiles/MZ_CNN_Proj.elf.dir/Drivers/STM32F1xx_HAL_Driver/Src/stm32f1xx_hal_pcd.c.obj
 .text.HAL_PCD_Init
                0x08004c64       0xe8 CMakeFiles/MZ_CNN_Proj.elf.dir/Drivers/STM32F1xx_HAL_Driver/Src/stm32f1xx_hal_pcd.c.obj
                0x08004c64                HAL_PCD_Init
 .text.HAL_PCD_Start
                0x08004d4c       0x32 CMakeFiles/MZ_CNN_Proj.elf.dir/Drivers/STM32F1xx_HAL_Driver/Src/stm32f1xx_hal_pcd.c.obj
                0x08004d4c                HAL_PCD_Start
 .text.HAL_PCD_EP_DB_Transmit
                0x08004d7e      0x424 CMakeFiles/MZ_CNN_Proj.elf.dir/Drivers/STM32F1xx_HAL_Driver/Src/stm32f1xx_hal_pcd.c.obj
 .text.PCD_EP_ISR_Handler
                0x080051a2      0x54c CMakeFiles/MZ_CNN_Proj.elf.dir/Drivers/STM32F1xx_HAL_Driver/Src/stm32f1xx_hal_pcd.c.obj
 .text.HAL_PCD_SetAddress
                0x080056ee       0x26 CMakeFiles/MZ_CNN_Proj.elf.dir/Drivers/STM32F1xx_HAL_Driver/Src/stm32f1xx_hal_pcd.c.obj
                0x080056ee                HAL_PCD_SetAddress
 .text.HAL_PCD_IRQHandler
                0x08005714      0x1b0 CMakeFiles/MZ_CNN_Proj.elf.dir/Drivers/STM32F1xx_HAL_Driver/Src/stm32f1xx_hal_pcd.c.obj
                0x08005714                HAL_PCD_IRQHandler
 .text.HAL_PCD_EP_Open
                0x080058c4       0x84 CMakeFiles/MZ_CNN_Proj.elf.dir/Drivers/STM32F1xx_HAL_Driver/Src/stm32f1xx_hal_pcd.c.obj
                0x080058c4                HAL_PCD_EP_Open
 .text.HAL_PCD_EP_Close
                0x08005948       0x6c CMakeFiles/MZ_CNN_Proj.elf.dir/Drivers/STM32F1xx_HAL_Driver/Src/stm32f1xx_hal_pcd.c.obj
                0x08005948                HAL_PCD_EP_Close
 .text.HAL_PCD_EP_Receive
                0x080059b4       0x3a CMakeFiles/MZ_CNN_Proj.elf.dir/Drivers/STM32F1xx_HAL_Driver/Src/stm32f1xx_hal_pcd.c.obj
                0x080059b4                HAL_PCD_EP_Receive
 .text.HAL_PCD_EP_Transmit
                0x080059ee       0x4c CMakeFiles/MZ_CNN_Proj.elf.dir/Drivers/STM32F1xx_HAL_Driver/Src/stm32f1xx_hal_pcd.c.obj
                0x080059ee                HAL_PCD_EP_Transmit
 .text.HAL_PCD_EP_SetStall
                0x08005a3a       0x80 CMakeFiles/MZ_CNN_Proj.elf.dir/Drivers/STM32F1xx_HAL_Driver/Src/stm32f1xx_hal_pcd.c.obj
                0x08005a3a                HAL_PCD_EP_SetStall
 .text.HAL_PCD_EP_ClrStall
                0x08005aba       0x7e CMakeFiles/MZ_CNN_Proj.elf.dir/Drivers/STM32F1xx_HAL_Driver/Src/stm32f1xx_hal_pcd.c.obj
                0x08005aba                HAL_PCD_EP_ClrStall
 .text.HAL_PCDEx_PMAConfig
                0x08005b38       0x38 CMakeFiles/MZ_CNN_Proj.elf.dir/Drivers/STM32F1xx_HAL_Driver/Src/stm32f1xx_hal_pcd_ex.c.obj
                0x08005b38                HAL_PCDEx_PMAConfig
 .text.RCC_Delay
                0x08005b70       0x2c CMakeFiles/MZ_CNN_Proj.elf.dir/Drivers/STM32F1xx_HAL_Driver/Src/stm32f1xx_hal_rcc.c.obj
 .text.HAL_RCC_OscConfig
                0x08005b9c      0x410 CMakeFiles/MZ_CNN_Proj.elf.dir/Drivers/STM32F1xx_HAL_Driver/Src/stm32f1xx_hal_rcc.c.obj
                0x08005b9c                HAL_RCC_OscConfig
 .text.HAL_RCC_GetSysClockFreq
                0x08005fac       0x54 CMakeFiles/MZ_CNN_Proj.elf.dir/Drivers/STM32F1xx_HAL_Driver/Src/stm32f1xx_hal_rcc.c.obj
                0x08005fac                HAL_RCC_GetSysClockFreq
 .text.HAL_RCC_ClockConfig
                0x08006000      0x16c CMakeFiles/MZ_CNN_Proj.elf.dir/Drivers/STM32F1xx_HAL_Driver/Src/stm32f1xx_hal_rcc.c.obj
                0x08006000                HAL_RCC_ClockConfig
 .text.HAL_RCC_GetHCLKFreq
                0x0800616c        0xc CMakeFiles/MZ_CNN_Proj.elf.dir/Drivers/STM32F1xx_HAL_Driver/Src/stm32f1xx_hal_rcc.c.obj
                0x0800616c                HAL_RCC_GetHCLKFreq
 .text.HAL_RCC_GetPCLK1Freq
                0x08006178       0x20 CMakeFiles/MZ_CNN_Proj.elf.dir/Drivers/STM32F1xx_HAL_Driver/Src/stm32f1xx_hal_rcc.c.obj
                0x08006178                HAL_RCC_GetPCLK1Freq
 .text.HAL_RCC_GetPCLK2Freq
                0x08006198       0x20 CMakeFiles/MZ_CNN_Proj.elf.dir/Drivers/STM32F1xx_HAL_Driver/Src/stm32f1xx_hal_rcc.c.obj
                0x08006198                HAL_RCC_GetPCLK2Freq
 .text.HAL_RCCEx_PeriphCLKConfig
                0x080061b8      0x118 CMakeFiles/MZ_CNN_Proj.elf.dir/Drivers/STM32F1xx_HAL_Driver/Src/stm32f1xx_hal_rcc_ex.c.obj
                0x080061b8                HAL_RCCEx_PeriphCLKConfig
 .text.HAL_SPI_Init
                0x080062d0       0xc2 CMakeFiles/MZ_CNN_Proj.elf.dir/Drivers/STM32F1xx_HAL_Driver/Src/stm32f1xx_hal_spi.c.obj
                0x080062d0                HAL_SPI_Init
 .text.HAL_SPI_ErrorCallback
                0x08006392        0x2 CMakeFiles/MZ_CNN_Proj.elf.dir/Drivers/STM32F1xx_HAL_Driver/Src/stm32f1xx_hal_spi.c.obj
                0x08006392                HAL_SPI_ErrorCallback
 .text.HAL_SPI_IRQHandler
                0x08006394      0x108 CMakeFiles/MZ_CNN_Proj.elf.dir/Drivers/STM32F1xx_HAL_Driver/Src/stm32f1xx_hal_spi.c.obj
                0x08006394                HAL_SPI_IRQHandler
 .text.SPI_DMAAbortOnError
                0x0800649c       0x10 CMakeFiles/MZ_CNN_Proj.elf.dir/Drivers/STM32F1xx_HAL_Driver/Src/stm32f1xx_hal_spi.c.obj
 .text.UART_EndRxTransfer
                0x080064ac       0x5c CMakeFiles/MZ_CNN_Proj.elf.dir/Drivers/STM32F1xx_HAL_Driver/Src/stm32f1xx_hal_uart.c.obj
 .text.UART_Transmit_IT
                0x08006508       0x60 CMakeFiles/MZ_CNN_Proj.elf.dir/Drivers/STM32F1xx_HAL_Driver/Src/stm32f1xx_hal_uart.c.obj
 .text.UART_SetConfig
                0x08006568       0x94 CMakeFiles/MZ_CNN_Proj.elf.dir/Drivers/STM32F1xx_HAL_Driver/Src/stm32f1xx_hal_uart.c.obj
 .text.UART_WaitOnFlagUntilTimeout
                0x080065fc       0x8a CMakeFiles/MZ_CNN_Proj.elf.dir/Drivers/STM32F1xx_HAL_Driver/Src/stm32f1xx_hal_uart.c.obj
 .text.HAL_UART_Init
                0x08006686       0x60 CMakeFiles/MZ_CNN_Proj.elf.dir/Drivers/STM32F1xx_HAL_Driver/Src/stm32f1xx_hal_uart.c.obj
                0x08006686                HAL_UART_Init
 .text.HAL_UART_Transmit
                0x080066e6       0xcc CMakeFiles/MZ_CNN_Proj.elf.dir/Drivers/STM32F1xx_HAL_Driver/Src/stm32f1xx_hal_uart.c.obj
                0x080066e6                HAL_UART_Transmit
 .text.HAL_UART_TxCpltCallback
                0x080067b2        0x2 CMakeFiles/MZ_CNN_Proj.elf.dir/Drivers/STM32F1xx_HAL_Driver/Src/stm32f1xx_hal_uart.c.obj
                0x080067b2                HAL_UART_TxCpltCallback
 .text.UART_EndTransmit_IT
                0x080067b4       0x1a CMakeFiles/MZ_CNN_Proj.elf.dir/Drivers/STM32F1xx_HAL_Driver/Src/stm32f1xx_hal_uart.c.obj
 .text.HAL_UART_RxCpltCallback
                0x080067ce        0x2 CMakeFiles/MZ_CNN_Proj.elf.dir/Drivers/STM32F1xx_HAL_Driver/Src/stm32f1xx_hal_uart.c.obj
                0x080067ce                HAL_UART_RxCpltCallback
 .text.HAL_UART_ErrorCallback
                0x080067d0        0x2 CMakeFiles/MZ_CNN_Proj.elf.dir/Drivers/STM32F1xx_HAL_Driver/Src/stm32f1xx_hal_uart.c.obj
                0x080067d0                HAL_UART_ErrorCallback
 .text.UART_DMAAbortOnError
                0x080067d2       0x10 CMakeFiles/MZ_CNN_Proj.elf.dir/Drivers/STM32F1xx_HAL_Driver/Src/stm32f1xx_hal_uart.c.obj
 .text.HAL_UARTEx_RxEventCallback
                0x080067e2        0x2 CMakeFiles/MZ_CNN_Proj.elf.dir/Drivers/STM32F1xx_HAL_Driver/Src/stm32f1xx_hal_uart.c.obj
                0x080067e2                HAL_UARTEx_RxEventCallback
 .text.UART_Receive_IT
                0x080067e4       0xe6 CMakeFiles/MZ_CNN_Proj.elf.dir/Drivers/STM32F1xx_HAL_Driver/Src/stm32f1xx_hal_uart.c.obj
 *fill*         0x080068ca        0x2 
 .text.HAL_UART_IRQHandler
                0x080068cc      0x288 CMakeFiles/MZ_CNN_Proj.elf.dir/Drivers/STM32F1xx_HAL_Driver/Src/stm32f1xx_hal_uart.c.obj
                0x080068cc                HAL_UART_IRQHandler
 .text.USB_CoreInit
                0x08006b54        0xe CMakeFiles/MZ_CNN_Proj.elf.dir/Drivers/STM32F1xx_HAL_Driver/Src/stm32f1xx_ll_usb.c.obj
                0x08006b54                USB_CoreInit
 .text.USB_EnableGlobalInt
                0x08006b62       0x12 CMakeFiles/MZ_CNN_Proj.elf.dir/Drivers/STM32F1xx_HAL_Driver/Src/stm32f1xx_ll_usb.c.obj
                0x08006b62                USB_EnableGlobalInt
 .text.USB_DisableGlobalInt
                0x08006b74       0x14 CMakeFiles/MZ_CNN_Proj.elf.dir/Drivers/STM32F1xx_HAL_Driver/Src/stm32f1xx_ll_usb.c.obj
                0x08006b74                USB_DisableGlobalInt
 .text.USB_SetCurrentMode
                0x08006b88        0x4 CMakeFiles/MZ_CNN_Proj.elf.dir/Drivers/STM32F1xx_HAL_Driver/Src/stm32f1xx_ll_usb.c.obj
                0x08006b88                USB_SetCurrentMode
 .text.USB_DevInit
                0x08006b8c       0x22 CMakeFiles/MZ_CNN_Proj.elf.dir/Drivers/STM32F1xx_HAL_Driver/Src/stm32f1xx_ll_usb.c.obj
                0x08006b8c                USB_DevInit
 .text.USB_ActivateEndpoint
                0x08006bae      0x3ca CMakeFiles/MZ_CNN_Proj.elf.dir/Drivers/STM32F1xx_HAL_Driver/Src/stm32f1xx_ll_usb.c.obj
                0x08006bae                USB_ActivateEndpoint
 .text.USB_DeactivateEndpoint
                0x08006f78      0x1d6 CMakeFiles/MZ_CNN_Proj.elf.dir/Drivers/STM32F1xx_HAL_Driver/Src/stm32f1xx_ll_usb.c.obj
                0x08006f78                USB_DeactivateEndpoint
 .text.USB_EPSetStall
                0x0800714e       0x4a CMakeFiles/MZ_CNN_Proj.elf.dir/Drivers/STM32F1xx_HAL_Driver/Src/stm32f1xx_ll_usb.c.obj
                0x0800714e                USB_EPSetStall
 .text.USB_EPClearStall
                0x08007198       0xa2 CMakeFiles/MZ_CNN_Proj.elf.dir/Drivers/STM32F1xx_HAL_Driver/Src/stm32f1xx_ll_usb.c.obj
                0x08007198                USB_EPClearStall
 .text.USB_SetDevAddress
                0x0800723a        0xc CMakeFiles/MZ_CNN_Proj.elf.dir/Drivers/STM32F1xx_HAL_Driver/Src/stm32f1xx_ll_usb.c.obj
                0x0800723a                USB_SetDevAddress
 .text.USB_DevConnect
                0x08007246        0x4 CMakeFiles/MZ_CNN_Proj.elf.dir/Drivers/STM32F1xx_HAL_Driver/Src/stm32f1xx_ll_usb.c.obj
                0x08007246                USB_DevConnect
 .text.USB_DevDisconnect
                0x0800724a        0x4 CMakeFiles/MZ_CNN_Proj.elf.dir/Drivers/STM32F1xx_HAL_Driver/Src/stm32f1xx_ll_usb.c.obj
                0x0800724a                USB_DevDisconnect
 .text.USB_ReadInterrupts
                0x0800724e        0x8 CMakeFiles/MZ_CNN_Proj.elf.dir/Drivers/STM32F1xx_HAL_Driver/Src/stm32f1xx_ll_usb.c.obj
                0x0800724e                USB_ReadInterrupts
 .text.USB_EP0_OutStart
                0x08007256        0x4 CMakeFiles/MZ_CNN_Proj.elf.dir/Drivers/STM32F1xx_HAL_Driver/Src/stm32f1xx_ll_usb.c.obj
                0x08007256                USB_EP0_OutStart
 .text.USB_WritePMA
                0x0800725a       0x28 CMakeFiles/MZ_CNN_Proj.elf.dir/Drivers/STM32F1xx_HAL_Driver/Src/stm32f1xx_ll_usb.c.obj
                0x0800725a                USB_WritePMA
 .text.USB_EPStartXfer
                0x08007282      0x7ce CMakeFiles/MZ_CNN_Proj.elf.dir/Drivers/STM32F1xx_HAL_Driver/Src/stm32f1xx_ll_usb.c.obj
                0x08007282                USB_EPStartXfer
 .text.USB_ReadPMA
                0x08007a50       0x30 CMakeFiles/MZ_CNN_Proj.elf.dir/Drivers/STM32F1xx_HAL_Driver/Src/stm32f1xx_ll_usb.c.obj
                0x08007a50                USB_ReadPMA
 .text.invSqrt  0x08007a80       0x3c CMakeFiles/MZ_CNN_Proj.elf.dir/Middlewares/AHRS/MahonyAHRS.c.obj
                0x08007a80                invSqrt
 .text.MahonyAHRSupdateIMU
                0x08007abc      0x418 CMakeFiles/MZ_CNN_Proj.elf.dir/Middlewares/AHRS/MahonyAHRS.c.obj
                0x08007abc                MahonyAHRSupdateIMU
 .text.get_accel_prod_shift
                0x08007ed4       0xc8 CMakeFiles/MZ_CNN_Proj.elf.dir/Middlewares/IMU_DMP/inv_mpu.c.obj
 .text.accel_self_test
                0x08007f9c       0xa8 CMakeFiles/MZ_CNN_Proj.elf.dir/Middlewares/IMU_DMP/inv_mpu.c.obj
 .text.gyro_self_test
                0x08008044      0x108 CMakeFiles/MZ_CNN_Proj.elf.dir/Middlewares/IMU_DMP/inv_mpu.c.obj
 .text.set_int_enable
                0x0800814c       0x98 CMakeFiles/MZ_CNN_Proj.elf.dir/Middlewares/IMU_DMP/inv_mpu.c.obj
 .text.get_st_biases
                0x080081e4      0x428 CMakeFiles/MZ_CNN_Proj.elf.dir/Middlewares/IMU_DMP/inv_mpu.c.obj
 .text.mpu_reset_fifo
                0x0800860c      0x1f8 CMakeFiles/MZ_CNN_Proj.elf.dir/Middlewares/IMU_DMP/inv_mpu.c.obj
                0x0800860c                mpu_reset_fifo
 .text.mpu_get_gyro_fsr
                0x08008804       0x3c CMakeFiles/MZ_CNN_Proj.elf.dir/Middlewares/IMU_DMP/inv_mpu.c.obj
                0x08008804                mpu_get_gyro_fsr
 .text.mpu_set_gyro_fsr
                0x08008840       0x98 CMakeFiles/MZ_CNN_Proj.elf.dir/Middlewares/IMU_DMP/inv_mpu.c.obj
                0x08008840                mpu_set_gyro_fsr
 .text.mpu_get_accel_fsr
                0x080088d8       0x44 CMakeFiles/MZ_CNN_Proj.elf.dir/Middlewares/IMU_DMP/inv_mpu.c.obj
                0x080088d8                mpu_get_accel_fsr
 .text.mpu_set_accel_fsr
                0x0800891c       0x94 CMakeFiles/MZ_CNN_Proj.elf.dir/Middlewares/IMU_DMP/inv_mpu.c.obj
                0x0800891c                mpu_set_accel_fsr
 .text.mpu_get_lpf
                0x080089b0       0x44 CMakeFiles/MZ_CNN_Proj.elf.dir/Middlewares/IMU_DMP/inv_mpu.c.obj
                0x080089b0                mpu_get_lpf
 .text.mpu_set_lpf
                0x080089f4       0x94 CMakeFiles/MZ_CNN_Proj.elf.dir/Middlewares/IMU_DMP/inv_mpu.c.obj
                0x080089f4                mpu_set_lpf
 .text.mpu_get_sample_rate
                0x08008a88       0x1c CMakeFiles/MZ_CNN_Proj.elf.dir/Middlewares/IMU_DMP/inv_mpu.c.obj
                0x08008a88                mpu_get_sample_rate
 .text.mpu_get_gyro_sens
                0x08008aa4       0x4c CMakeFiles/MZ_CNN_Proj.elf.dir/Middlewares/IMU_DMP/inv_mpu.c.obj
                0x08008aa4                mpu_get_gyro_sens
 .text.mpu_get_accel_sens
                0x08008af0       0x4c CMakeFiles/MZ_CNN_Proj.elf.dir/Middlewares/IMU_DMP/inv_mpu.c.obj
                0x08008af0                mpu_get_accel_sens
 .text.mpu_get_fifo_config
                0x08008b3c       0x10 CMakeFiles/MZ_CNN_Proj.elf.dir/Middlewares/IMU_DMP/inv_mpu.c.obj
                0x08008b3c                mpu_get_fifo_config
 .text.mpu_configure_fifo
                0x08008b4c       0x64 CMakeFiles/MZ_CNN_Proj.elf.dir/Middlewares/IMU_DMP/inv_mpu.c.obj
                0x08008b4c                mpu_configure_fifo
 .text.mpu_set_bypass
                0x08008bb0      0x168 CMakeFiles/MZ_CNN_Proj.elf.dir/Middlewares/IMU_DMP/inv_mpu.c.obj
                0x08008bb0                mpu_set_bypass
 .text.mpu_set_int_latched
                0x08008d18       0x74 CMakeFiles/MZ_CNN_Proj.elf.dir/Middlewares/IMU_DMP/inv_mpu.c.obj
                0x08008d18                mpu_set_int_latched
 .text.mpu_lp_accel_mode
                0x08008d8c       0xdc CMakeFiles/MZ_CNN_Proj.elf.dir/Middlewares/IMU_DMP/inv_mpu.c.obj
                0x08008d8c                mpu_lp_accel_mode
 .text.mpu_set_sample_rate
                0x08008e68       0xa0 CMakeFiles/MZ_CNN_Proj.elf.dir/Middlewares/IMU_DMP/inv_mpu.c.obj
                0x08008e68                mpu_set_sample_rate
 .text.mpu_set_sensors
                0x08008f08       0xe8 CMakeFiles/MZ_CNN_Proj.elf.dir/Middlewares/IMU_DMP/inv_mpu.c.obj
                0x08008f08                mpu_set_sensors
 .text.mpu_init
                0x08008ff0       0xf0 CMakeFiles/MZ_CNN_Proj.elf.dir/Middlewares/IMU_DMP/inv_mpu.c.obj
                0x08008ff0                mpu_init
 .text.mpu_write_mem
                0x080090e0       0x74 CMakeFiles/MZ_CNN_Proj.elf.dir/Middlewares/IMU_DMP/inv_mpu.c.obj
                0x080090e0                mpu_write_mem
 .text.mpu_read_mem
                0x08009154       0x74 CMakeFiles/MZ_CNN_Proj.elf.dir/Middlewares/IMU_DMP/inv_mpu.c.obj
                0x08009154                mpu_read_mem
 .text.mpu_load_firmware
                0x080091c8       0xb4 CMakeFiles/MZ_CNN_Proj.elf.dir/Middlewares/IMU_DMP/inv_mpu.c.obj
                0x080091c8                mpu_load_firmware
 .text.mpu_set_dmp_state
                0x0800927c       0x94 CMakeFiles/MZ_CNN_Proj.elf.dir/Middlewares/IMU_DMP/inv_mpu.c.obj
                0x0800927c                mpu_set_dmp_state
 .text.mpu_run_self_test
                0x08009310      0x108 CMakeFiles/MZ_CNN_Proj.elf.dir/Middlewares/IMU_DMP/inv_mpu.c.obj
                0x08009310                mpu_run_self_test
 .text.dmp_load_motion_driver_firmware
                0x08009418       0x18 CMakeFiles/MZ_CNN_Proj.elf.dir/Middlewares/IMU_DMP/inv_mpu_dmp_motion_driver.c.obj
                0x08009418                dmp_load_motion_driver_firmware
 .text.dmp_set_orientation
                0x08009430      0x14c CMakeFiles/MZ_CNN_Proj.elf.dir/Middlewares/IMU_DMP/inv_mpu_dmp_motion_driver.c.obj
                0x08009430                dmp_set_orientation
 .text.dmp_set_gyro_bias
                0x0800957c      0x110 CMakeFiles/MZ_CNN_Proj.elf.dir/Middlewares/IMU_DMP/inv_mpu_dmp_motion_driver.c.obj
                0x0800957c                dmp_set_gyro_bias
 .text.dmp_set_accel_bias
                0x0800968c       0xf4 CMakeFiles/MZ_CNN_Proj.elf.dir/Middlewares/IMU_DMP/inv_mpu_dmp_motion_driver.c.obj
                0x0800968c                dmp_set_accel_bias
 .text.dmp_set_fifo_rate
                0x08009780       0x68 CMakeFiles/MZ_CNN_Proj.elf.dir/Middlewares/IMU_DMP/inv_mpu_dmp_motion_driver.c.obj
                0x08009780                dmp_set_fifo_rate
 .text.dmp_set_tap_thresh
                0x080097e8      0x1a0 CMakeFiles/MZ_CNN_Proj.elf.dir/Middlewares/IMU_DMP/inv_mpu_dmp_motion_driver.c.obj
                0x080097e8                dmp_set_tap_thresh
 .text.dmp_set_tap_axes
                0x08009988       0x4e CMakeFiles/MZ_CNN_Proj.elf.dir/Middlewares/IMU_DMP/inv_mpu_dmp_motion_driver.c.obj
                0x08009988                dmp_set_tap_axes
 .text.dmp_set_tap_count
                0x080099d6       0x2c CMakeFiles/MZ_CNN_Proj.elf.dir/Middlewares/IMU_DMP/inv_mpu_dmp_motion_driver.c.obj
                0x080099d6                dmp_set_tap_count
 *fill*         0x08009a02        0x2 
 .text.dmp_set_tap_time
                0x08009a04       0x30 CMakeFiles/MZ_CNN_Proj.elf.dir/Middlewares/IMU_DMP/inv_mpu_dmp_motion_driver.c.obj
                0x08009a04                dmp_set_tap_time
 .text.dmp_set_tap_time_multi
                0x08009a34       0x30 CMakeFiles/MZ_CNN_Proj.elf.dir/Middlewares/IMU_DMP/inv_mpu_dmp_motion_driver.c.obj
                0x08009a34                dmp_set_tap_time_multi
 .text.dmp_set_shake_reject_thresh
                0x08009a64       0x44 CMakeFiles/MZ_CNN_Proj.elf.dir/Middlewares/IMU_DMP/inv_mpu_dmp_motion_driver.c.obj
                0x08009a64                dmp_set_shake_reject_thresh
 .text.dmp_set_shake_reject_time
                0x08009aa8       0x2c CMakeFiles/MZ_CNN_Proj.elf.dir/Middlewares/IMU_DMP/inv_mpu_dmp_motion_driver.c.obj
                0x08009aa8                dmp_set_shake_reject_time
 .text.dmp_set_shake_reject_timeout
                0x08009ad4       0x2c CMakeFiles/MZ_CNN_Proj.elf.dir/Middlewares/IMU_DMP/inv_mpu_dmp_motion_driver.c.obj
                0x08009ad4                dmp_set_shake_reject_timeout
 .text.dmp_enable_gyro_cal
                0x08009b00       0x44 CMakeFiles/MZ_CNN_Proj.elf.dir/Middlewares/IMU_DMP/inv_mpu_dmp_motion_driver.c.obj
                0x08009b00                dmp_enable_gyro_cal
 .text.dmp_enable_lp_quat
                0x08009b44       0x3c CMakeFiles/MZ_CNN_Proj.elf.dir/Middlewares/IMU_DMP/inv_mpu_dmp_motion_driver.c.obj
                0x08009b44                dmp_enable_lp_quat
 .text.dmp_enable_6x_lp_quat
                0x08009b80       0x3c CMakeFiles/MZ_CNN_Proj.elf.dir/Middlewares/IMU_DMP/inv_mpu_dmp_motion_driver.c.obj
                0x08009b80                dmp_enable_6x_lp_quat
 .text.dmp_enable_feature
                0x08009bbc      0x218 CMakeFiles/MZ_CNN_Proj.elf.dir/Middlewares/IMU_DMP/inv_mpu_dmp_motion_driver.c.obj
                0x08009bbc                dmp_enable_feature
 .text.lock     0x08009dd4       0x18 CMakeFiles/MZ_CNN_Proj.elf.dir/Middlewares/LOG/log.c.obj
 .text.unlock   0x08009dec       0x18 CMakeFiles/MZ_CNN_Proj.elf.dir/Middlewares/LOG/log.c.obj
 .text.stdout_callback
                0x08009e04       0x68 CMakeFiles/MZ_CNN_Proj.elf.dir/Middlewares/LOG/log.c.obj
 .text.init_event
                0x08009e6c       0x26 CMakeFiles/MZ_CNN_Proj.elf.dir/Middlewares/LOG/log.c.obj
 *fill*         0x08009e92        0x2 
 .text._gettimeofday
                0x08009e94       0x2c CMakeFiles/MZ_CNN_Proj.elf.dir/Middlewares/LOG/log.c.obj
                0x08009e94                _gettimeofday
 .text.log_set_level
                0x08009ec0        0xc CMakeFiles/MZ_CNN_Proj.elf.dir/Middlewares/LOG/log.c.obj
                0x08009ec0                log_set_level
 .text.log_set_quiet
                0x08009ecc        0xc CMakeFiles/MZ_CNN_Proj.elf.dir/Middlewares/LOG/log.c.obj
                0x08009ecc                log_set_quiet
 .text.log_log  0x08009ed8       0xa8 CMakeFiles/MZ_CNN_Proj.elf.dir/Middlewares/LOG/log.c.obj
                0x08009ed8                log_log
 .text.USBD_HID_GetFSCfgDesc
                0x08009f80        0xc CMakeFiles/MZ_CNN_Proj.elf.dir/Middlewares/ST/STM32_USB_Device_Library/Class/HID/Src/usbd_hid.c.obj
 .text.USBD_HID_GetHSCfgDesc
                0x08009f8c        0xc CMakeFiles/MZ_CNN_Proj.elf.dir/Middlewares/ST/STM32_USB_Device_Library/Class/HID/Src/usbd_hid.c.obj
 .text.USBD_HID_GetOtherSpeedCfgDesc
                0x08009f98        0xc CMakeFiles/MZ_CNN_Proj.elf.dir/Middlewares/ST/STM32_USB_Device_Library/Class/HID/Src/usbd_hid.c.obj
 .text.USBD_HID_DataIn
                0x08009fa4        0xa CMakeFiles/MZ_CNN_Proj.elf.dir/Middlewares/ST/STM32_USB_Device_Library/Class/HID/Src/usbd_hid.c.obj
 *fill*         0x08009fae        0x2 
 .text.USBD_HID_GetDeviceQualifierDesc
                0x08009fb0        0xc CMakeFiles/MZ_CNN_Proj.elf.dir/Middlewares/ST/STM32_USB_Device_Library/Class/HID/Src/usbd_hid.c.obj
 .text.USBD_HID_Setup
                0x08009fbc      0x114 CMakeFiles/MZ_CNN_Proj.elf.dir/Middlewares/ST/STM32_USB_Device_Library/Class/HID/Src/usbd_hid.c.obj
 .text.USBD_HID_DeInit
                0x0800a0d0       0x22 CMakeFiles/MZ_CNN_Proj.elf.dir/Middlewares/ST/STM32_USB_Device_Library/Class/HID/Src/usbd_hid.c.obj
 .text.USBD_HID_Init
                0x0800a0f2       0x2a CMakeFiles/MZ_CNN_Proj.elf.dir/Middlewares/ST/STM32_USB_Device_Library/Class/HID/Src/usbd_hid.c.obj
 .text.USBD_Init
                0x0800a11c       0x2e CMakeFiles/MZ_CNN_Proj.elf.dir/Middlewares/ST/STM32_USB_Device_Library/Core/Src/usbd_core.c.obj
                0x0800a11c                USBD_Init
 .text.USBD_RegisterClass
                0x0800a14a        0xe CMakeFiles/MZ_CNN_Proj.elf.dir/Middlewares/ST/STM32_USB_Device_Library/Core/Src/usbd_core.c.obj
                0x0800a14a                USBD_RegisterClass
 .text.USBD_Start
                0x0800a158        0xa CMakeFiles/MZ_CNN_Proj.elf.dir/Middlewares/ST/STM32_USB_Device_Library/Core/Src/usbd_core.c.obj
                0x0800a158                USBD_Start
 .text.USBD_SetClassConfig
                0x0800a162       0x18 CMakeFiles/MZ_CNN_Proj.elf.dir/Middlewares/ST/STM32_USB_Device_Library/Core/Src/usbd_core.c.obj
                0x0800a162                USBD_SetClassConfig
 .text.USBD_ClrClassConfig
                0x0800a17a        0xe CMakeFiles/MZ_CNN_Proj.elf.dir/Middlewares/ST/STM32_USB_Device_Library/Core/Src/usbd_core.c.obj
                0x0800a17a                USBD_ClrClassConfig
 .text.USBD_LL_SetupStage
                0x0800a188       0x5a CMakeFiles/MZ_CNN_Proj.elf.dir/Middlewares/ST/STM32_USB_Device_Library/Core/Src/usbd_core.c.obj
                0x0800a188                USBD_LL_SetupStage
 .text.USBD_LL_DataOutStage
                0x0800a1e2       0x8c CMakeFiles/MZ_CNN_Proj.elf.dir/Middlewares/ST/STM32_USB_Device_Library/Core/Src/usbd_core.c.obj
                0x0800a1e2                USBD_LL_DataOutStage
 .text.USBD_LL_DataInStage
                0x0800a26e       0xd0 CMakeFiles/MZ_CNN_Proj.elf.dir/Middlewares/ST/STM32_USB_Device_Library/Core/Src/usbd_core.c.obj
                0x0800a26e                USBD_LL_DataInStage
 .text.USBD_LL_Reset
                0x0800a33e       0x50 CMakeFiles/MZ_CNN_Proj.elf.dir/Middlewares/ST/STM32_USB_Device_Library/Core/Src/usbd_core.c.obj
                0x0800a33e                USBD_LL_Reset
 .text.USBD_LL_SetSpeed
                0x0800a38e        0x6 CMakeFiles/MZ_CNN_Proj.elf.dir/Middlewares/ST/STM32_USB_Device_Library/Core/Src/usbd_core.c.obj
                0x0800a38e                USBD_LL_SetSpeed
 .text.USBD_LL_Suspend
                0x0800a394       0x12 CMakeFiles/MZ_CNN_Proj.elf.dir/Middlewares/ST/STM32_USB_Device_Library/Core/Src/usbd_core.c.obj
                0x0800a394                USBD_LL_Suspend
 .text.USBD_LL_Resume
                0x0800a3a6       0x16 CMakeFiles/MZ_CNN_Proj.elf.dir/Middlewares/ST/STM32_USB_Device_Library/Core/Src/usbd_core.c.obj
                0x0800a3a6                USBD_LL_Resume
 .text.USBD_LL_SOF
                0x0800a3bc       0x1c CMakeFiles/MZ_CNN_Proj.elf.dir/Middlewares/ST/STM32_USB_Device_Library/Core/Src/usbd_core.c.obj
                0x0800a3bc                USBD_LL_SOF
 .text.USBD_GetLen
                0x0800a3d8       0x14 CMakeFiles/MZ_CNN_Proj.elf.dir/Middlewares/ST/STM32_USB_Device_Library/Core/Src/usbd_ctlreq.c.obj
 .text.USBD_SetFeature
                0x0800a3ec       0x14 CMakeFiles/MZ_CNN_Proj.elf.dir/Middlewares/ST/STM32_USB_Device_Library/Core/Src/usbd_ctlreq.c.obj
 .text.USBD_ParseSetupRequest
                0x0800a400       0x28 CMakeFiles/MZ_CNN_Proj.elf.dir/Middlewares/ST/STM32_USB_Device_Library/Core/Src/usbd_ctlreq.c.obj
                0x0800a400                USBD_ParseSetupRequest
 .text.USBD_CtlError
                0x0800a428       0x14 CMakeFiles/MZ_CNN_Proj.elf.dir/Middlewares/ST/STM32_USB_Device_Library/Core/Src/usbd_ctlreq.c.obj
                0x0800a428                USBD_CtlError
 .text.USBD_GetDescriptor
                0x0800a43c      0x186 CMakeFiles/MZ_CNN_Proj.elf.dir/Middlewares/ST/STM32_USB_Device_Library/Core/Src/usbd_ctlreq.c.obj
 .text.USBD_SetAddress
                0x0800a5c2       0x4e CMakeFiles/MZ_CNN_Proj.elf.dir/Middlewares/ST/STM32_USB_Device_Library/Core/Src/usbd_ctlreq.c.obj
 .text.USBD_SetConfig
                0x0800a610       0xb0 CMakeFiles/MZ_CNN_Proj.elf.dir/Middlewares/ST/STM32_USB_Device_Library/Core/Src/usbd_ctlreq.c.obj
 .text.USBD_GetConfig
                0x0800a6c0       0x3e CMakeFiles/MZ_CNN_Proj.elf.dir/Middlewares/ST/STM32_USB_Device_Library/Core/Src/usbd_ctlreq.c.obj
 .text.USBD_GetStatus
                0x0800a6fe       0x38 CMakeFiles/MZ_CNN_Proj.elf.dir/Middlewares/ST/STM32_USB_Device_Library/Core/Src/usbd_ctlreq.c.obj
 .text.USBD_ClrFeature
                0x0800a736       0x26 CMakeFiles/MZ_CNN_Proj.elf.dir/Middlewares/ST/STM32_USB_Device_Library/Core/Src/usbd_ctlreq.c.obj
 .text.USBD_StdDevReq
                0x0800a75c       0x68 CMakeFiles/MZ_CNN_Proj.elf.dir/Middlewares/ST/STM32_USB_Device_Library/Core/Src/usbd_ctlreq.c.obj
                0x0800a75c                USBD_StdDevReq
 .text.USBD_StdItfReq
                0x0800a7c4       0x60 CMakeFiles/MZ_CNN_Proj.elf.dir/Middlewares/ST/STM32_USB_Device_Library/Core/Src/usbd_ctlreq.c.obj
                0x0800a7c4                USBD_StdItfReq
 .text.USBD_StdEPReq
                0x0800a824      0x1e2 CMakeFiles/MZ_CNN_Proj.elf.dir/Middlewares/ST/STM32_USB_Device_Library/Core/Src/usbd_ctlreq.c.obj
                0x0800a824                USBD_StdEPReq
 .text.USBD_GetString
                0x0800aa06       0x3a CMakeFiles/MZ_CNN_Proj.elf.dir/Middlewares/ST/STM32_USB_Device_Library/Core/Src/usbd_ctlreq.c.obj
                0x0800aa06                USBD_GetString
 .text.USBD_CtlSendData
                0x0800aa40       0x1a CMakeFiles/MZ_CNN_Proj.elf.dir/Middlewares/ST/STM32_USB_Device_Library/Core/Src/usbd_ioreq.c.obj
                0x0800aa40                USBD_CtlSendData
 .text.USBD_CtlContinueSendData
                0x0800aa5a       0x10 CMakeFiles/MZ_CNN_Proj.elf.dir/Middlewares/ST/STM32_USB_Device_Library/Core/Src/usbd_ioreq.c.obj
                0x0800aa5a                USBD_CtlContinueSendData
 .text.USBD_CtlContinueRx
                0x0800aa6a       0x10 CMakeFiles/MZ_CNN_Proj.elf.dir/Middlewares/ST/STM32_USB_Device_Library/Core/Src/usbd_ioreq.c.obj
                0x0800aa6a                USBD_CtlContinueRx
 .text.USBD_CtlSendStatus
                0x0800aa7a       0x16 CMakeFiles/MZ_CNN_Proj.elf.dir/Middlewares/ST/STM32_USB_Device_Library/Core/Src/usbd_ioreq.c.obj
                0x0800aa7a                USBD_CtlSendStatus
 .text.USBD_CtlReceiveStatus
                0x0800aa90       0x16 CMakeFiles/MZ_CNN_Proj.elf.dir/Middlewares/ST/STM32_USB_Device_Library/Core/Src/usbd_ioreq.c.obj
                0x0800aa90                USBD_CtlReceiveStatus
 *fill*         0x0800aaa6        0x2 
 .text.MX_USB_DEVICE_Init
                0x0800aaa8       0x40 CMakeFiles/MZ_CNN_Proj.elf.dir/USB_DEVICE/App/usb_device.c.obj
                0x0800aaa8                MX_USB_DEVICE_Init
 .text.USBD_FS_DeviceDescriptor
                0x0800aae8        0xc CMakeFiles/MZ_CNN_Proj.elf.dir/USB_DEVICE/App/usbd_desc.c.obj
                0x0800aae8                USBD_FS_DeviceDescriptor
 .text.USBD_FS_LangIDStrDescriptor
                0x0800aaf4        0xc CMakeFiles/MZ_CNN_Proj.elf.dir/USB_DEVICE/App/usbd_desc.c.obj
                0x0800aaf4                USBD_FS_LangIDStrDescriptor
 .text.IntToUnicode
                0x0800ab00       0x46 CMakeFiles/MZ_CNN_Proj.elf.dir/USB_DEVICE/App/usbd_desc.c.obj
 *fill*         0x0800ab46        0x2 
 .text.Get_SerialNum
                0x0800ab48       0x38 CMakeFiles/MZ_CNN_Proj.elf.dir/USB_DEVICE/App/usbd_desc.c.obj
 .text.USBD_FS_SerialStrDescriptor
                0x0800ab80       0x14 CMakeFiles/MZ_CNN_Proj.elf.dir/USB_DEVICE/App/usbd_desc.c.obj
                0x0800ab80                USBD_FS_SerialStrDescriptor
 .text.USBD_FS_ProductStrDescriptor
                0x0800ab94       0x24 CMakeFiles/MZ_CNN_Proj.elf.dir/USB_DEVICE/App/usbd_desc.c.obj
                0x0800ab94                USBD_FS_ProductStrDescriptor
 .text.USBD_FS_ManufacturerStrDescriptor
                0x0800abb8       0x1c CMakeFiles/MZ_CNN_Proj.elf.dir/USB_DEVICE/App/usbd_desc.c.obj
                0x0800abb8                USBD_FS_ManufacturerStrDescriptor
 .text.USBD_FS_ConfigStrDescriptor
                0x0800abd4       0x24 CMakeFiles/MZ_CNN_Proj.elf.dir/USB_DEVICE/App/usbd_desc.c.obj
                0x0800abd4                USBD_FS_ConfigStrDescriptor
 .text.USBD_FS_InterfaceStrDescriptor
                0x0800abf8       0x24 CMakeFiles/MZ_CNN_Proj.elf.dir/USB_DEVICE/App/usbd_desc.c.obj
                0x0800abf8                USBD_FS_InterfaceStrDescriptor
 .text.USBD_Get_USB_Status
                0x0800ac1c       0x14 CMakeFiles/MZ_CNN_Proj.elf.dir/USB_DEVICE/Target/usbd_conf.c.obj
 .text.HAL_PCD_MspInit
                0x0800ac30       0x40 CMakeFiles/MZ_CNN_Proj.elf.dir/USB_DEVICE/Target/usbd_conf.c.obj
                0x0800ac30                HAL_PCD_MspInit
 .text.HAL_PCD_SetupStageCallback
                0x0800ac70       0x10 CMakeFiles/MZ_CNN_Proj.elf.dir/USB_DEVICE/Target/usbd_conf.c.obj
                0x0800ac70                HAL_PCD_SetupStageCallback
 .text.HAL_PCD_DataOutStageCallback
                0x0800ac80       0x18 CMakeFiles/MZ_CNN_Proj.elf.dir/USB_DEVICE/Target/usbd_conf.c.obj
                0x0800ac80                HAL_PCD_DataOutStageCallback
 .text.HAL_PCD_DataInStageCallback
                0x0800ac98       0x16 CMakeFiles/MZ_CNN_Proj.elf.dir/USB_DEVICE/Target/usbd_conf.c.obj
                0x0800ac98                HAL_PCD_DataInStageCallback
 .text.HAL_PCD_SOFCallback
                0x0800acae        0xc CMakeFiles/MZ_CNN_Proj.elf.dir/USB_DEVICE/Target/usbd_conf.c.obj
                0x0800acae                HAL_PCD_SOFCallback
 .text.HAL_PCD_ResetCallback
                0x0800acba       0x24 CMakeFiles/MZ_CNN_Proj.elf.dir/USB_DEVICE/Target/usbd_conf.c.obj
                0x0800acba                HAL_PCD_ResetCallback
 *fill*         0x0800acde        0x2 
 .text.HAL_PCD_SuspendCallback
                0x0800ace0       0x20 CMakeFiles/MZ_CNN_Proj.elf.dir/USB_DEVICE/Target/usbd_conf.c.obj
                0x0800ace0                HAL_PCD_SuspendCallback
 .text.HAL_PCD_ResumeCallback
                0x0800ad00        0xc CMakeFiles/MZ_CNN_Proj.elf.dir/USB_DEVICE/Target/usbd_conf.c.obj
                0x0800ad00                HAL_PCD_ResumeCallback
 .text.USBD_LL_Init
                0x0800ad0c       0x68 CMakeFiles/MZ_CNN_Proj.elf.dir/USB_DEVICE/Target/usbd_conf.c.obj
                0x0800ad0c                USBD_LL_Init
 .text.USBD_LL_Start
                0x0800ad74       0x10 CMakeFiles/MZ_CNN_Proj.elf.dir/USB_DEVICE/Target/usbd_conf.c.obj
                0x0800ad74                USBD_LL_Start
 .text.USBD_LL_OpenEP
                0x0800ad84       0x16 CMakeFiles/MZ_CNN_Proj.elf.dir/USB_DEVICE/Target/usbd_conf.c.obj
                0x0800ad84                USBD_LL_OpenEP
 .text.USBD_LL_CloseEP
                0x0800ad9a       0x10 CMakeFiles/MZ_CNN_Proj.elf.dir/USB_DEVICE/Target/usbd_conf.c.obj
                0x0800ad9a                USBD_LL_CloseEP
 .text.USBD_LL_StallEP
                0x0800adaa       0x10 CMakeFiles/MZ_CNN_Proj.elf.dir/USB_DEVICE/Target/usbd_conf.c.obj
                0x0800adaa                USBD_LL_StallEP
 .text.USBD_LL_ClearStallEP
                0x0800adba       0x10 CMakeFiles/MZ_CNN_Proj.elf.dir/USB_DEVICE/Target/usbd_conf.c.obj
                0x0800adba                USBD_LL_ClearStallEP
 .text.USBD_LL_IsStallEP
                0x0800adca       0x2c CMakeFiles/MZ_CNN_Proj.elf.dir/USB_DEVICE/Target/usbd_conf.c.obj
                0x0800adca                USBD_LL_IsStallEP
 .text.USBD_LL_SetUSBAddress
                0x0800adf6       0x10 CMakeFiles/MZ_CNN_Proj.elf.dir/USB_DEVICE/Target/usbd_conf.c.obj
                0x0800adf6                USBD_LL_SetUSBAddress
 .text.USBD_LL_Transmit
                0x0800ae06       0x10 CMakeFiles/MZ_CNN_Proj.elf.dir/USB_DEVICE/Target/usbd_conf.c.obj
                0x0800ae06                USBD_LL_Transmit
 .text.USBD_LL_PrepareReceive
                0x0800ae16       0x10 CMakeFiles/MZ_CNN_Proj.elf.dir/USB_DEVICE/Target/usbd_conf.c.obj
                0x0800ae16                USBD_LL_PrepareReceive
 *fill*         0x0800ae26        0x2 
 .text.USBD_static_malloc
                0x0800ae28        0x8 CMakeFiles/MZ_CNN_Proj.elf.dir/USB_DEVICE/Target/usbd_conf.c.obj
                0x0800ae28                USBD_static_malloc
 .text.USBD_static_free
                0x0800ae30        0x2 CMakeFiles/MZ_CNN_Proj.elf.dir/USB_DEVICE/Target/usbd_conf.c.obj
                0x0800ae30                USBD_static_free
 .text.HAL_PCDEx_SetConnectionState
                0x0800ae32        0x2 CMakeFiles/MZ_CNN_Proj.elf.dir/USB_DEVICE/Target/usbd_conf.c.obj
                0x0800ae32                HAL_PCDEx_SetConnectionState
 .text.__errno  0x0800ae34        0xc d:/clion/gnu/bin/../lib/gcc/arm-none-eabi/10.3.1/../../../../arm-none-eabi/lib/thumb/v7-m/nofp\libg_nano.a(lib_a-errno.o)
                0x0800ae34                __errno
 .text.__sflush_r
                0x0800ae40      0x104 d:/clion/gnu/bin/../lib/gcc/arm-none-eabi/10.3.1/../../../../arm-none-eabi/lib/thumb/v7-m/nofp\libg_nano.a(lib_a-fflush.o)
                0x0800ae40                __sflush_r
 .text._fflush_r
                0x0800af44       0x78 d:/clion/gnu/bin/../lib/gcc/arm-none-eabi/10.3.1/../../../../arm-none-eabi/lib/thumb/v7-m/nofp\libg_nano.a(lib_a-fflush.o)
                0x0800af44                _fflush_r
 .text.fflush   0x0800afbc       0x24 d:/clion/gnu/bin/../lib/gcc/arm-none-eabi/10.3.1/../../../../arm-none-eabi/lib/thumb/v7-m/nofp\libg_nano.a(lib_a-fflush.o)
                0x0800afbc                fflush
 .text.std      0x0800afe0       0x48 d:/clion/gnu/bin/../lib/gcc/arm-none-eabi/10.3.1/../../../../arm-none-eabi/lib/thumb/v7-m/nofp\libg_nano.a(lib_a-findfp.o)
 .text._cleanup_r
                0x0800b028        0xc d:/clion/gnu/bin/../lib/gcc/arm-none-eabi/10.3.1/../../../../arm-none-eabi/lib/thumb/v7-m/nofp\libg_nano.a(lib_a-findfp.o)
                0x0800b028                _cleanup_r
 .text.__sfmoreglue
                0x0800b034       0x2c d:/clion/gnu/bin/../lib/gcc/arm-none-eabi/10.3.1/../../../../arm-none-eabi/lib/thumb/v7-m/nofp\libg_nano.a(lib_a-findfp.o)
                0x0800b034                __sfmoreglue
 .text.__sfp_lock_acquire
                0x0800b060        0xc d:/clion/gnu/bin/../lib/gcc/arm-none-eabi/10.3.1/../../../../arm-none-eabi/lib/thumb/v7-m/nofp\libg_nano.a(lib_a-findfp.o)
                0x0800b060                __sfp_lock_acquire
 .text.__sfp_lock_release
                0x0800b06c        0xc d:/clion/gnu/bin/../lib/gcc/arm-none-eabi/10.3.1/../../../../arm-none-eabi/lib/thumb/v7-m/nofp\libg_nano.a(lib_a-findfp.o)
                0x0800b06c                __sfp_lock_release
 .text.__sinit_lock_acquire
                0x0800b078        0xc d:/clion/gnu/bin/../lib/gcc/arm-none-eabi/10.3.1/../../../../arm-none-eabi/lib/thumb/v7-m/nofp\libg_nano.a(lib_a-findfp.o)
                0x0800b078                __sinit_lock_acquire
 .text.__sinit_lock_release
                0x0800b084        0xc d:/clion/gnu/bin/../lib/gcc/arm-none-eabi/10.3.1/../../../../arm-none-eabi/lib/thumb/v7-m/nofp\libg_nano.a(lib_a-findfp.o)
                0x0800b084                __sinit_lock_release
 .text.__sinit  0x0800b090       0x70 d:/clion/gnu/bin/../lib/gcc/arm-none-eabi/10.3.1/../../../../arm-none-eabi/lib/thumb/v7-m/nofp\libg_nano.a(lib_a-findfp.o)
                0x0800b090                __sinit
 .text.__sfp    0x0800b100       0x8c d:/clion/gnu/bin/../lib/gcc/arm-none-eabi/10.3.1/../../../../arm-none-eabi/lib/thumb/v7-m/nofp\libg_nano.a(lib_a-findfp.o)
                0x0800b100                __sfp
 .text.fprintf  0x0800b18c       0x24 d:/clion/gnu/bin/../lib/gcc/arm-none-eabi/10.3.1/../../../../arm-none-eabi/lib/thumb/v7-m/nofp\libg_nano.a(lib_a-fprintf.o)
                0x0800b18c                fiprintf
                0x0800b18c                fprintf
 .text._fwalk_reent
                0x0800b1b0       0x3e d:/clion/gnu/bin/../lib/gcc/arm-none-eabi/10.3.1/../../../../arm-none-eabi/lib/thumb/v7-m/nofp\libg_nano.a(lib_a-fwalk.o)
                0x0800b1b0                _fwalk_reent
 *fill*         0x0800b1ee        0x2 
 .text.__libc_init_array
                0x0800b1f0       0x48 d:/clion/gnu/bin/../lib/gcc/arm-none-eabi/10.3.1/../../../../arm-none-eabi/lib/thumb/v7-m/nofp\libg_nano.a(lib_a-init.o)
                0x0800b1f0                __libc_init_array
 .text.localtime
                0x0800b238       0x3c d:/clion/gnu/bin/../lib/gcc/arm-none-eabi/10.3.1/../../../../arm-none-eabi/lib/thumb/v7-m/nofp\libg_nano.a(lib_a-lcltime.o)
                0x0800b238                localtime
 .text.localtime_r
                0x0800b274      0x1e4 d:/clion/gnu/bin/../lib/gcc/arm-none-eabi/10.3.1/../../../../arm-none-eabi/lib/thumb/v7-m/nofp\libg_nano.a(lib_a-lcltime_r.o)
                0x0800b274                localtime_r
 .text.__retarget_lock_init_recursive
                0x0800b458        0x2 d:/clion/gnu/bin/../lib/gcc/arm-none-eabi/10.3.1/../../../../arm-none-eabi/lib/thumb/v7-m/nofp\libg_nano.a(lib_a-lock.o)
                0x0800b458                __retarget_lock_init_recursive
 .text.__retarget_lock_acquire
                0x0800b45a        0x2 d:/clion/gnu/bin/../lib/gcc/arm-none-eabi/10.3.1/../../../../arm-none-eabi/lib/thumb/v7-m/nofp\libg_nano.a(lib_a-lock.o)
                0x0800b45a                __retarget_lock_acquire
 .text.__retarget_lock_acquire_recursive
                0x0800b45c        0x2 d:/clion/gnu/bin/../lib/gcc/arm-none-eabi/10.3.1/../../../../arm-none-eabi/lib/thumb/v7-m/nofp\libg_nano.a(lib_a-lock.o)
                0x0800b45c                __retarget_lock_acquire_recursive
 .text.__retarget_lock_release
                0x0800b45e        0x2 d:/clion/gnu/bin/../lib/gcc/arm-none-eabi/10.3.1/../../../../arm-none-eabi/lib/thumb/v7-m/nofp\libg_nano.a(lib_a-lock.o)
                0x0800b45e                __retarget_lock_release
 .text.__retarget_lock_release_recursive
                0x0800b460        0x2 d:/clion/gnu/bin/../lib/gcc/arm-none-eabi/10.3.1/../../../../arm-none-eabi/lib/thumb/v7-m/nofp\libg_nano.a(lib_a-lock.o)
                0x0800b460                __retarget_lock_release_recursive
 *fill*         0x0800b462        0x2 
 .text.malloc   0x0800b464       0x10 d:/clion/gnu/bin/../lib/gcc/arm-none-eabi/10.3.1/../../../../arm-none-eabi/lib/thumb/v7-m/nofp\libg_nano.a(lib_a-malloc.o)
                0x0800b464                malloc
 .text.free     0x0800b474       0x10 d:/clion/gnu/bin/../lib/gcc/arm-none-eabi/10.3.1/../../../../arm-none-eabi/lib/thumb/v7-m/nofp\libg_nano.a(lib_a-malloc.o)
                0x0800b474                free
 .text.memcmp   0x0800b484       0x20 d:/clion/gnu/bin/../lib/gcc/arm-none-eabi/10.3.1/../../../../arm-none-eabi/lib/thumb/v7-m/nofp\libg_nano.a(lib_a-memcmp.o)
                0x0800b484                memcmp
 .text.memcpy   0x0800b4a4       0x1c d:/clion/gnu/bin/../lib/gcc/arm-none-eabi/10.3.1/../../../../arm-none-eabi/lib/thumb/v7-m/nofp\libg_nano.a(lib_a-memcpy-stub.o)
                0x0800b4a4                memcpy
 .text.memset   0x0800b4c0       0x10 d:/clion/gnu/bin/../lib/gcc/arm-none-eabi/10.3.1/../../../../arm-none-eabi/lib/thumb/v7-m/nofp\libg_nano.a(lib_a-memset.o)
                0x0800b4c0                memset
 .text._free_r  0x0800b4d0       0x90 d:/clion/gnu/bin/../lib/gcc/arm-none-eabi/10.3.1/../../../../arm-none-eabi/lib/thumb/v7-m/nofp\libg_nano.a(lib_a-nano-freer.o)
                0x0800b4d0                _free_r
 .text.sbrk_aligned
                0x0800b560       0x40 d:/clion/gnu/bin/../lib/gcc/arm-none-eabi/10.3.1/../../../../arm-none-eabi/lib/thumb/v7-m/nofp\libg_nano.a(lib_a-nano-mallocr.o)
 .text._malloc_r
                0x0800b5a0       0xe8 d:/clion/gnu/bin/../lib/gcc/arm-none-eabi/10.3.1/../../../../arm-none-eabi/lib/thumb/v7-m/nofp\libg_nano.a(lib_a-nano-mallocr.o)
                0x0800b5a0                _malloc_r
 .text.__sfputc_r
                0x0800b688       0x2a d:/clion/gnu/bin/../lib/gcc/arm-none-eabi/10.3.1/../../../../arm-none-eabi/lib/thumb/v7-m/nofp\libg_nano.a(lib_a-nano-vfprintf.o)
 .text.__sfputs_r
                0x0800b6b2       0x24 d:/clion/gnu/bin/../lib/gcc/arm-none-eabi/10.3.1/../../../../arm-none-eabi/lib/thumb/v7-m/nofp\libg_nano.a(lib_a-nano-vfprintf.o)
                0x0800b6b2                __sfputs_r
 *fill*         0x0800b6d6        0x2 
 .text._vfprintf_r
                0x0800b6d8      0x260 d:/clion/gnu/bin/../lib/gcc/arm-none-eabi/10.3.1/../../../../arm-none-eabi/lib/thumb/v7-m/nofp\libg_nano.a(lib_a-nano-vfprintf.o)
                0x0800b6d8                _vfprintf_r
                0x0800b6d8                _vfiprintf_r
 .text.vfprintf
                0x0800b938       0x14 d:/clion/gnu/bin/../lib/gcc/arm-none-eabi/10.3.1/../../../../arm-none-eabi/lib/thumb/v7-m/nofp\libg_nano.a(lib_a-nano-vfprintf.o)
                0x0800b938                vfprintf
                0x0800b938                vfiprintf
 .text.__cvt    0x0800b94c       0xbe d:/clion/gnu/bin/../lib/gcc/arm-none-eabi/10.3.1/../../../../arm-none-eabi/lib/thumb/v7-m/nofp\libg_nano.a(lib_a-nano-vfprintf_float.o)
                0x0800b94c                __cvt
 .text.__exponent
                0x0800ba0a       0x7c d:/clion/gnu/bin/../lib/gcc/arm-none-eabi/10.3.1/../../../../arm-none-eabi/lib/thumb/v7-m/nofp\libg_nano.a(lib_a-nano-vfprintf_float.o)
                0x0800ba0a                __exponent
 *fill*         0x0800ba86        0x2 
 .text._printf_float
                0x0800ba88      0x458 d:/clion/gnu/bin/../lib/gcc/arm-none-eabi/10.3.1/../../../../arm-none-eabi/lib/thumb/v7-m/nofp\libg_nano.a(lib_a-nano-vfprintf_float.o)
                0x0800ba88                _printf_float
 .text._printf_common
                0x0800bee0       0xde d:/clion/gnu/bin/../lib/gcc/arm-none-eabi/10.3.1/../../../../arm-none-eabi/lib/thumb/v7-m/nofp\libg_nano.a(lib_a-nano-vfprintf_i.o)
                0x0800bee0                _printf_common
 *fill*         0x0800bfbe        0x2 
 .text._printf_i
                0x0800bfc0      0x24c d:/clion/gnu/bin/../lib/gcc/arm-none-eabi/10.3.1/../../../../arm-none-eabi/lib/thumb/v7-m/nofp\libg_nano.a(lib_a-nano-vfprintf_i.o)
                0x0800bfc0                _printf_i
 .text.printf   0x0800c20c       0x30 d:/clion/gnu/bin/../lib/gcc/arm-none-eabi/10.3.1/../../../../arm-none-eabi/lib/thumb/v7-m/nofp\libg_nano.a(lib_a-printf.o)
                0x0800c20c                iprintf
                0x0800c20c                printf
 .text._putc_r  0x0800c23c       0x90 d:/clion/gnu/bin/../lib/gcc/arm-none-eabi/10.3.1/../../../../arm-none-eabi/lib/thumb/v7-m/nofp\libg_nano.a(lib_a-putc.o)
                0x0800c23c                _putc_r
 .text.putchar  0x0800c2cc       0x28 d:/clion/gnu/bin/../lib/gcc/arm-none-eabi/10.3.1/../../../../arm-none-eabi/lib/thumb/v7-m/nofp\libg_nano.a(lib_a-putchar.o)
                0x0800c2cc                putchar
 .text._puts_r  0x0800c2f4       0xdc d:/clion/gnu/bin/../lib/gcc/arm-none-eabi/10.3.1/../../../../arm-none-eabi/lib/thumb/v7-m/nofp\libg_nano.a(lib_a-puts.o)
                0x0800c2f4                _puts_r
 .text.puts     0x0800c3d0       0x10 d:/clion/gnu/bin/../lib/gcc/arm-none-eabi/10.3.1/../../../../arm-none-eabi/lib/thumb/v7-m/nofp\libg_nano.a(lib_a-puts.o)
                0x0800c3d0                puts
 .text._sbrk_r  0x0800c3e0       0x20 d:/clion/gnu/bin/../lib/gcc/arm-none-eabi/10.3.1/../../../../arm-none-eabi/lib/thumb/v7-m/nofp\libg_nano.a(lib_a-sbrkr.o)
                0x0800c3e0                _sbrk_r
 .text.__sread  0x0800c400       0x22 d:/clion/gnu/bin/../lib/gcc/arm-none-eabi/10.3.1/../../../../arm-none-eabi/lib/thumb/v7-m/nofp\libg_nano.a(lib_a-stdio.o)
                0x0800c400                __sread
 .text.__seofread
                0x0800c422        0x4 d:/clion/gnu/bin/../lib/gcc/arm-none-eabi/10.3.1/../../../../arm-none-eabi/lib/thumb/v7-m/nofp\libg_nano.a(lib_a-stdio.o)
                0x0800c422                __seofread
 .text.__swrite
                0x0800c426       0x38 d:/clion/gnu/bin/../lib/gcc/arm-none-eabi/10.3.1/../../../../arm-none-eabi/lib/thumb/v7-m/nofp\libg_nano.a(lib_a-stdio.o)
                0x0800c426                __swrite
 .text.__sseek  0x0800c45e       0x24 d:/clion/gnu/bin/../lib/gcc/arm-none-eabi/10.3.1/../../../../arm-none-eabi/lib/thumb/v7-m/nofp\libg_nano.a(lib_a-stdio.o)
                0x0800c45e                __sseek
 .text.__sclose
                0x0800c482        0x8 d:/clion/gnu/bin/../lib/gcc/arm-none-eabi/10.3.1/../../../../arm-none-eabi/lib/thumb/v7-m/nofp\libg_nano.a(lib_a-stdio.o)
                0x0800c482                __sclose
 *fill*         0x0800c48a        0x2 
 .text.iso_year_adjust
                0x0800c48c       0xc4 d:/clion/gnu/bin/../lib/gcc/arm-none-eabi/10.3.1/../../../../arm-none-eabi/lib/thumb/v7-m/nofp\libg_nano.a(lib_a-strftime.o)
 .text.__strftime.isra.0
                0x0800c550      0x9a4 d:/clion/gnu/bin/../lib/gcc/arm-none-eabi/10.3.1/../../../../arm-none-eabi/lib/thumb/v7-m/nofp\libg_nano.a(lib_a-strftime.o)
 .text.strftime